c --- [ banner ] -------------------------------------------------------------
c 
c CaDiCaL SAT Solver
c Copyright (c) 2016-2026
c A. Biere, M. Fleury, N. Froleyks, K. Fazekas, F. Pollitt, T. Faller
c JKU Linz, University of Freiburg, TU Wien
c 
c Version 3.0.1 c60730422e758ef1cebe7aeddf2dda31c996bf04
c g++ (Ubuntu 15.2.0-16ubuntu1) 15.2.0 -Wall -Wextra -O3 -DNDEBUG
c Mon Oct 5 15:05:45 CEST 2026 Linux rene 6.18.33.2-microsoft-standard-WSL2 x86_64
c 
c --- [ parsing input ] ------------------------------------------------------
c 
c reading DIMACS file from '/home/rene/delta_sat_lab/competition2026/hard_search/DELTA_TARGET.cnf'
c opening file to read '/home/rene/delta_sat_lab/competition2026/hard_search/DELTA_TARGET.cnf'
c found 'p cnf 625 9216' header
c parsed 9216 clauses in 0.00 seconds process time
c 
c --- [ options ] ------------------------------------------------------------
c 
c all options are set to their default value
c 
c --- [ solving ] ------------------------------------------------------------
c 
c time measured in process time since initialization
c 
c  seconds  reduction conflicts       size tier2     variables
c         MB    restarts   redundant    glue  trail      remaining
c          level     rate       size/glu tier1 irredundant
c 
c *  0.00  6  0 0   0  0    0    0 0.0 0 0 2 6  0% 9216 625 100%
c )  0.00  7  0 0   0  0    0    0 0.0 0 0 2 6  0% 9216 625 100%
c {  0.00  7  0 0   0  0    0    0 0.0 0 0 2 6  0% 9216 625 100%
c -  0.01  7 20 1   0  1  301  178 27.2 41 2 2 6 100% 9216 625 100%
c -  0.03  8 22 2 109  2  734  265 2.5 31 12 2 6 84% 9216 625 100%
c }  0.05  8 21 2 197  2 1001  281 1.9 28 15 2 6 82% 9216 625 100%
c [  0.05  8  0 2 197  0 1001  281 0.0 0 0 2 6  0% 9216 625 100%
c O  0.05  8 24 2 197 25 1002  282 24.0 48 2 2 6 100% 9216 625 100%
c -  0.06  8 21 3 197  1 1411  507 8.8 29 3 2 6 72% 9216 625 100%
c =  0.07  8 21 3 197  1 1574  600 8.5 29 3 2 6 71% 9216 622 100%
c u  0.07  8 21 3 197  1 1574  598 8.5 29 3 2 6 71% 9216 622 100%
c v  0.07  8 21 3 197  1 1574  592 8.5 29 3 2 6 71% 9216 622 100%
c -  0.08  8 29 4 197  1 2350  826 3.4 20 6 2 6 37% 9216 622 100%
c I  0.10  8 28 4 198  1 3003 1264 3.5 22 6 2 6 44% 9216 622 100%
c ]  0.11  8 27 4 198  1 3467 1554 3.3 24 7 2 6 47% 9216 622 100%
c {  0.11  8 21 4 198  2 3467 1554 1.9 28 15 2 6 82% 9216 622 100%
c -  0.12  9 21 5 231  2 3563 1123 1.7 27 15 2 6 81% 9216 622 100%
c =  0.15  9 21 5 401  1 4076 1239 1.5 25 17 2 6 79% 9216 618 99%
c u  0.15  9 21 5 401  1 4076 1238 1.5 25 17 2 6 79% 9216 618 99%
c v  0.15  9 21 5 401  1 4076 1231 1.5 25 17 2 6 79% 9216 618 99%
c 
c  seconds  reduction conflicts       size   tier2     variables
c         MB    restarts   redundant     glue   trail      remaining
c          level     rate       size/glue  tier1 irredundant
c 
c w  0.15  9 21 5 401  1 4076 1205 1.5 25 17 2 6 79% 9216 618 99%
c -  0.21  9 20 6 503  1 5055 1245 1.3 23 18 19 20 77% 9216 618 99%
c O  0.26  9 20 6 533  1 6004 1336 1.2 22 18 19 20 76% 9216 618 99%
c =  0.30  9 20 6 632  1 6679 1429 1.2 22 18 19 20 76% 9216 613 98%
c u  0.30  9 20 6 632  1 6679 1427 1.2 22 18 19 20 76% 9216 613 98%
c v  0.31  9 20 6 632  1 6679 1425 1.2 22 18 19 20 76% 9216 613 98%
c w  0.31  9 20 6 632  1 6679 1425 1.2 22 18 19 20 76% 9216 613 98%
c -  0.31  9 20 7 632  1 6832 1362 1.2 22 18 19 20 75% 9209 613 98%
c }  0.32  9 20 7 632  1 6969 1408 1.2 22 18 19 20 74% 9209 613 98%
c [  0.32  9 27 7 632  1 6969 1408 3.3 24 7 2 6 47% 9209 613 98%
c s  0.33  9 29 7 633  1 7765 1758 3.0 23 8 5 9 44% 9209 613 98%
c e  0.34  9 29 7 633  1 7765 1451 3.0 23 8 5 9 44% 9193 609 97%
c s  0.34  9 29 7 633  1 7765 1307 3.0 23 8 5 9 44% 9183 609 97%
c e  0.34  9 29 7 633  1 7765 1283 3.0 23 8 5 9 44% 9180 606 97%
c -  0.37  9 28 8 633  1 8901 2006 3.5 25 7 5 9 48% 9180 606 97%
c =  0.39  9 27 8 633  1 9376 2339 3.7 27 7 5 9 50% 9180 601 96%
c B  0.40  9 27 8 634  1 10005 2764 3.4 27 8 5 9 48% 9180 601 96%
c -  0.45  9 26 9 635  1 11260 3634 3.2 28 9 5 9 50% 9180 601 96%
c =  0.49 10 25 9 635  1 12162 4231 3.0 28 9 5 9 52% 9180 600 96%
c u  0.49 10 25 9 635  1 12162 4228 3.0 28 9 5 9 52% 9180 600 96%
c 
c  seconds  reductions conflicts       size  tier2     variables
c         MB    restarts    redundant     glue  trail      remaining
c          level     rate        size/glue tier1 irredundant
c 
c v  0.50 10 25 9 635  1 12162 4228 3.0 28 9 5 9 52% 9180 600 96%
c w  0.50 10 25 9 635  1 12162 4167 3.0 28 9 5 9 52% 9180 600 96%
c ]  0.55 10 24 9 636  1 13056 4868 2.9 29 10 5 9 56% 9180 600 96%
c {  0.55 10 20 9 636  1 13056 4868 1.2 22 18 19 20 74% 9180 600 96%
c -  0.55 10 23 10 636  1 13912 5396 1.3 21 17 19 20 68% 9180 600 96%
c #  0.56 10 26 10 636  1 15006 6231 1.4 21 15 19 20 63% 9180 600 96%
c -  0.61 11 25 11 636  1 16861 7455 1.9 24 13 19 20 62% 9180 600 96%
c u  0.64 11 25 11 636  1 17972 8195 2.0 25 12 19 20 60% 9180 600 96%
c v  0.64 11 25 11 636  1 17972 8195 2.0 25 12 19 20 60% 9180 600 96%
c w  0.64 11 25 11 636  1 17972 8190 2.0 25 12 19 20 60% 9180 600 96%
c -  0.71 11 24 12 655  1 20107 9488 2.2 27 12 19 20 59% 9180 600 96%
c =  0.74 13 24 12 660  1 20983 10034 2.2 27 12 19 20 59% 9180 598 96%
c B  0.75 11 24 12 667  1 21008 10047 2.2 27 12 19 20 59% 9180 598 96%
c s  0.89 11 23 12 1478  1 23451 9851 1.9 26 14 5 19 58% 9132 598 96%
c s  0.91 11 23 12 1478  1 23451 9829 1.9 26 14 5 19 58% 9132 598 96%
c ^  0.91 11 23 12 1478  1 23451 9829 1.9 26 14 5 19 58% 9132 598 96%
c -  0.92 10 23 13 1545  1 23652 7076 1.9 26 14 5 19 58% 9132 598 96%
c =  0.95 12 22 13 1681  1 24060 7079 1.9 26 14 5 19 58% 9132 595 95%
c u  0.96 12 22 13 1681  1 24060 7052 1.9 26 14 5 19 58% 9132 595 95%
c v  0.96 12 22 13 1681  1 24060 7048 1.9 26 14 5 19 58% 9132 595 95%
c 
c  seconds  reductions   conflicts       size   tier2      variables
c         MB     restarts     redundant     glue    trail      remaining
c          level       rate        size/glue  tier1  irredundant
c 
c w  0.96 12 22 13 1681  1 24060 7045 1.9 26 14 5 19 58% 9132 595 95%
c }  1.05 12 22 13 2117  1 25777 7251 1.7 25 14 5 19 59% 9112 595 95%
c [  1.05 12 24 13 2117  1 25777 7251 2.9 29 10 5 9 56% 9112 595 95%
c -  1.07 12 28 14 2117  1 27497 6791 2.7 27 10 5 9 51% 9112 595 95%
c u  1.08 12 28 14 2117  1 27497 6791 2.7 27 10 5 9 51% 9112 595 95%
c v  1.08 12 28 14 2117  1 27497 6791 2.7 27 10 5 9 51% 9112 595 95%
c w  1.08 12 28 14 2117  1 27497 6791 2.7 27 10 5 9 51% 9112 595 95%
c W  1.12 12 28 14 2118  1 28011 7072 2.6 27 10 5 9 51% 9112 595 95%
c -  1.18 12 28 15 2118  1 31643 8475 2.5 26 10 5 9 47% 9112 595 95%
c O  1.25 12 28 15 2120  1 36014 11073 2.3 25 11 5 9 43% 9112 595 95%
c -  1.25 12 28 16 2120  1 36092 10062 2.3 25 11 5 9 43% 9112 595 95%
c =  1.25 12 28 16 2120  1 36092 10062 2.3 25 11 5 9 43% 9112 594 95%
c u  1.26 12 28 16 2120  1 36092 10062 2.3 25 11 5 9 43% 9112 594 95%
c v  1.26 12 28 16 2120  1 36092 10060 2.3 25 11 5 9 43% 9112 594 95%
c w  1.26 12 28 16 2120  1 36092 10060 2.3 25 11 5 9 43% 9112 594 95%
c -  1.33 13 28 17 2123  1 40841 11203 2.2 25 11 8 17 40% 9112 594 95%
c B  1.39 13 27 17 2125  1 45015 14012 2.3 25 11 8 17 39% 9112 594 95%
c -  1.41 13 28 18 2125  1 45893 12904 2.3 25 11 8 17 39% 9112 594 95%
c s  1.45 13 28 18 2125  1 47049 13694 2.3 25 11 8 17 39% 9112 594 95%
c s  1.47 13 28 18 2125  1 47049 13692 2.3 25 11 8 17 39% 9112 594 95%
c 
c  seconds  reductions   conflicts        size   tier2      variables
c         MB     restarts      redundant     glue    trail      remaining
c          level       rate         size/glue  tier1  irredundant
c 
c ^  1.47 13 28 18 2125  1 47049 13692 2.3 25 11 8 17 39% 9112 594 95%
c ]  1.56 13 27 18 2125  1 48520 14016 2.2 25 11 8 17 41% 9112 594 95%
c {  1.56 13 22 18 2125  1 48520 14016 1.7 25 14 5 19 59% 9112 594 95%
c -  1.64 14 23 19 2251  1 51251 13472 1.8 26 14 5 19 57% 9112 594 95%
c u  1.66 14 23 19 2251  1 51251 13472 1.8 26 14 5 19 57% 9112 594 95%
c v  1.67 14 23 19 2251  1 51251 13472 1.8 26 14 5 19 57% 9112 594 95%
c w  1.67 14 23 19 2251  1 51251 13436 1.8 26 14 5 19 57% 9112 594 95%
c W  1.77 14 24 19 3110  1 55017 13825 1.6 27 17 5 19 51% 9112 594 95%
c -  1.81 12 24 20 3583  1 56910 11169 1.5 27 18 5 19 49% 9112 594 95%
c u  1.82 12 24 20 3583  1 56910 11169 1.5 27 18 5 19 49% 9112 594 95%
c v  1.82 12 24 20 3583  1 56910 11169 1.5 27 18 5 19 49% 9112 594 95%
c w  1.82 12 24 20 3583  1 56910 11153 1.5 27 18 5 19 49% 9112 594 95%
c -  1.93 11 25 21 5074  1 62874 8766 1.4 28 20 5 19 44% 9100 594 95%
c u  1.93 11 25 21 5074  1 62874 8765 1.4 28 20 5 19 44% 9100 594 95%
c v  1.94 11 25 21 5074  1 62874 8765 1.4 28 20 5 19 44% 9100 594 95%
c w  1.94 11 25 21 5074  1 62874 8763 1.4 28 20 5 19 44% 9100 594 95%
c F  1.99 11 25 21 5860  1 66019 8864 1.3 28 21 5 19 42% 9100 594 95%
c -  2.05 13 26 22 6641  1 69142 8023 1.3 28 22 5 19 40% 9100 594 95%
c u  2.06 13 26 22 6641  1 69142 8023 1.3 28 22 5 19 40% 9100 594 95%
c v  2.06 13 26 22 6641  1 69142 8023 1.3 28 22 5 19 40% 9100 594 95%
c 
c  seconds  reductions   conflicts       size   tier2      variables
c         MB     restarts     redundant     glue    trail      remaining
c          level       rate        size/glue  tier1  irredundant
c 
c w  2.06 13 26 22 6641  1 69142 8023 1.3 28 22 5 19 40% 9100 594 95%
c -  2.17 13 26 23 8282  1 75716 8022 1.2 28 23 8 29 37% 9100 594 95%
c u  2.17 13 26 23 8282  1 75716 8010 1.2 28 23 8 29 37% 9100 594 95%
c v  2.18 13 26 23 8282  1 75716 8010 1.2 28 23 8 29 37% 9100 594 95%
c w  2.18 13 26 23 8282  1 75716 7797 1.2 28 23 8 29 37% 9100 594 95%
c B  2.22 13 26 23 8858  1 78021 7871 1.2 28 23 8 29 37% 9100 594 95%
c s  2.25 13 26 23 8858  1 78565 7997 1.2 28 23 8 29 37% 9100 594 95%
c s  2.28 13 26 23 8858  1 78565 7676 1.2 28 23 8 29 37% 9100 594 95%
c ^  2.28 13 26 23 8858  1 78565 7676 1.2 28 23 8 29 37% 9100 594 95%
c -  2.33 13 27 24 8918  1 82595 10327 1.2 28 23 8 29 36% 9100 594 95%
c }  2.34 13 27 24 8918  1 83124 10709 1.2 28 22 8 29 36% 9100 594 95%
c [  2.34 13 27 24 8918  1 83124 10709 2.2 25 11 8 17 41% 9100 594 95%
c -  2.50 15 27 25 8919  1 89780 14881 2.1 25 12 8 17 40% 9100 594 95%
c u  2.51 15 27 25 8919  1 89780 14878 2.1 25 12 8 17 40% 9100 594 95%
c v  2.51 15 27 25 8919  1 89780 14878 2.1 25 12 8 17 40% 9100 594 95%
c w  2.51 15 27 25 8919  1 89780 14858 2.1 25 12 8 17 40% 9100 594 95%
c W  2.56 15 27 25 8919  1 91023 15876 2.1 25 12 8 17 39% 9100 594 95%
c -  2.70 13 27 26 8922  1 97273 18644 2.1 25 12 8 17 39% 9100 594 95%
c u  2.72 15 27 26 8922  1 97273 18635 2.1 25 12 8 17 39% 9100 594 95%
c v  2.72 15 27 26 8922  1 97273 18635 2.1 25 12 8 17 39% 9100 594 95%
c 
c  seconds  reductions   conflicts        size   tier2      variables
c         MB     restarts      redundant     glue    trail      remaining
c          level       rate         size/glue  tier1  irredundant
c 
c w  2.72 15 27 26 8922  1 97273 18633 2.1 25 12 8 17 39% 9100 594 95%
c I  2.87 15 27 26 8926  1 105024 23738 2.1 25 12 8 17 38% 9100 594 95%
c -  2.87 13 27 27 8926  1 105071 21228 2.1 25 12 8 17 38% 9100 594 95%
c ]  3.11 13 27 27 8928  1 111954 25581 2.2 26 12 8 17 38% 9100 594 95%
c {  3.11 13 27 27 8928  1 111954 25581 1.2 28 22 8 29 36% 9100 594 95%
c -  3.14 14 27 28 8928  1 113174 24088 1.2 28 22 8 29 36% 9100 594 95%
c u  3.16 14 27 28 8928  1 113174 24085 1.2 28 22 8 29 36% 9100 594 95%
c v  3.16 14 27 28 8928  1 113174 24084 1.2 28 22 8 29 36% 9100 594 95%
c w  3.16 14 27 28 8928  1 113174 24084 1.2 28 22 8 29 36% 9100 594 95%
c s  3.34 15 27 28 8928  1 117939 24975 1.3 27 21 8 29 35% 9092 594 95%
c e  3.34 15 27 28 8928  1 117939 24754 1.3 27 21 8 29 35% 9112 589 94%
c s  3.39 15 27 28 8928  1 117939 24496 1.3 27 21 8 29 35% 9112 589 94%
c ^  3.39 15 27 28 8928  1 117939 24496 1.3 27 21 8 29 35% 9112 589 94%
c W  3.45 15 27 28 8928  1 120027 26040 1.3 27 21 8 29 35% 9112 589 94%
c -  3.48 15 27 29 8928  1 121584 24704 1.3 27 21 8 29 35% 9112 589 94%
c u  3.49 15 27 29 8928  1 121584 24696 1.3 27 21 8 29 35% 9112 589 94%
c v  3.49 15 27 29 8928  1 121584 24696 1.3 27 21 8 29 35% 9112 589 94%
c w  3.50 15 27 29 8928  1 121584 24696 1.3 27 21 8 29 35% 9112 589 94%
c -  3.68 16 27 30 8986  1 130301 28562 1.4 26 19 8 29 35% 9112 589 94%
c #  3.76 16 27 30 8986  1 136028 33004 1.4 26 18 8 29 35% 9112 589 94%
c 
c  seconds  reductions   conflicts         size   tier2      variables
c         MB     restarts       redundant     glue    trail      remaining
c          level       rate          size/glue  tier1  irredundant
c 
c -  3.80 16 28 31 8988  1 139326 29489 1.4 25 18 5 26 34% 9112 589 94%
c u  3.81 18 28 31 8988  1 139326 29484 1.4 25 18 5 26 34% 9112 589 94%
c v  3.82 18 28 31 8988  1 139326 29484 1.4 25 18 5 26 34% 9112 589 94%
c w  3.82 18 28 31 8988  1 139326 29482 1.4 25 18 5 26 34% 9112 589 94%
c }  4.30 18 27 31 8988  1 148400 36517 1.6 27 17 5 26 37% 9112 589 94%
c [  4.30 18 27 31 8988  1 148400 36517 2.2 26 12 8 17 38% 9112 589 94%
c -  4.32 19 27 32 8988  1 148658 32515 2.2 26 12 8 17 38% 9112 589 94%
c u  4.33 19 27 32 8988  1 148658 32513 2.2 26 12 8 17 38% 9112 589 94%
c v  4.34 19 27 32 8988  1 148658 32513 2.2 26 12 8 17 38% 9112 589 94%
c w  4.34 19 27 32 8988  1 148658 32512 2.2 26 12 8 17 38% 9112 589 94%
c B  4.60 19 26 32 8991  1 153029 35448 2.2 26 12 8 17 40% 9112 589 94%
c -  4.75 19 27 33 8993  1 158299 34136 2.2 26 12 8 17 39% 9112 589 94%
c u  4.76 19 27 33 8993  1 158299 34120 2.2 26 12 8 17 39% 9112 589 94%
c v  4.76 19 27 33 8993  1 158299 34120 2.2 26 12 8 17 39% 9112 589 94%
c w  4.76 19 27 33 8993  1 158299 34120 2.2 26 12 8 17 39% 9112 589 94%
c s  5.04 20 27 33 8994  1 165358 38779 2.2 26 12 8 17 38% 9112 589 94%
c s  5.10 20 27 33 8994  1 165358 38124 2.2 26 12 8 17 38% 9112 589 94%
c ^  5.10 20 27 33 8994  1 165358 38124 2.2 26 12 8 17 38% 9112 589 94%
c -  5.15 19 27 34 8994  1 168245 34132 2.2 26 12 8 17 38% 9112 589 94%
c u  5.17 19 27 34 8994  1 168245 34104 2.2 26 12 8 17 38% 9112 589 94%
c 
c  seconds  reductions   conflicts         size   tier2      variables
c         MB     restarts       redundant     glue    trail      remaining
c          level       rate          size/glue  tier1  irredundant
c 
c v  5.17 19 27 34 8994  1 168245 34104 2.2 26 12 8 17 38% 9112 589 94%
c w  5.17 19 27 34 8994  1 168245 34104 2.2 26 12 8 17 38% 9112 589 94%
c W  5.27 19 27 34 8994  1 171032 36387 2.2 26 12 8 17 37% 9112 589 94%
c -  5.40 17 27 35 8995  1 178499 35486 2.1 26 12 8 17 36% 9112 589 94%
c ]  5.56 17 28 35 8995  1 184307 40020 2.1 26 12 8 17 35% 9112 589 94%
c {  5.56 17 27 35 8995  1 184307 40020 1.6 27 17 5 26 37% 9112 589 94%
c -  5.63 22 27 36 8995  1 189062 38774 1.6 26 17 5 26 36% 9112 589 94%
c u  5.64 22 27 36 8995  1 189062 38761 1.6 26 17 5 26 36% 9112 589 94%
c v  5.65 22 27 36 8995  1 189062 38761 1.6 26 17 5 26 36% 9112 589 94%
c w  5.65 22 27 36 8995  1 189062 38752 1.6 26 17 5 26 36% 9112 589 94%
c B  5.70 22 27 36 8995  1 190033 39374 1.6 26 17 5 26 36% 9112 589 94%
c -  6.27 22 26 37 9015  1 199932 40450 1.7 27 16 5 26 36% 9112 589 94%
c =  6.28 24 26 37 9015  1 199932 40450 1.7 27 16 5 26 36% 9112 588 94%
c u  6.30 24 26 37 9015  1 199932 40420 1.7 27 16 5 26 36% 9112 588 94%
c v  6.30 24 26 37 9015  1 199932 40420 1.7 27 16 5 26 36% 9112 588 94%
c w  6.31 24 26 37 9015  1 199932 40403 1.7 27 16 5 26 36% 9112 588 94%
c W  6.65 24 26 37 9030  1 210034 48138 1.8 27 15 3 17 36% 9112 588 94%
c -  6.69 19 26 38 9036  1 211112 33787 1.8 27 15 3 17 36% 9112 588 94%
c u  6.70 19 26 38 9036  1 211112 33672 1.8 27 15 3 17 36% 9112 588 94%
c v  6.71 19 26 38 9036  1 211112 33672 1.8 27 15 3 17 36% 9112 588 94%
c 
c  seconds  reductions   conflicts         size   tier2      variables
c         MB     restarts       redundant     glue    trail      remaining
c          level       rate          size/glue  tier1  irredundant
c 
c w  6.71 19 26 38 9036  1 211112 33671 1.8 27 15 3 17 36% 9112 588 94%
c s  6.98 20 27 38 9041  1 220678 41190 1.8 26 14 3 17 35% 9112 588 94%
c e  6.98 20 27 38 9041  1 220678 40845 1.8 26 14 3 17 35% 9128 587 94%
c s  7.00 20 27 38 9041  1 220678 40844 1.8 26 14 3 17 35% 9128 587 94%
c -  7.08 22 27 39 9043  1 222599 34074 1.8 26 14 3 17 35% 9128 587 94%
c u  7.09 22 27 39 9043  1 222599 34019 1.8 26 14 3 17 35% 9128 587 94%
c v  7.10 22 27 39 9043  1 222599 34019 1.8 26 14 3 17 35% 9128 587 94%
c w  7.10 22 27 39 9043  1 222599 34019 1.8 26 14 3 17 35% 9128 587 94%
c }  7.25 22 27 39 9043  1 226211 36788 1.9 26 14 3 17 36% 9128 587 94%
c [  7.25 22 28 39 9043  1 226211 36788 2.1 26 12 8 17 35% 9128 587 94%
c O  7.31 22 28 39 9043  1 231036 40288 2.2 25 12 8 17 35% 9128 587 94%
c -  7.50 22 27 40 9044  1 234396 35716 2.2 26 12 8 17 35% 9128 587 94%
c =  7.52 22 27 40 9044  1 234396 35716 2.2 26 12 8 17 35% 9128 586 94%
c u  7.53 22 27 40 9044  1 234396 35657 2.2 26 12 8 17 35% 9128 586 94%
c v  7.53 22 27 40 9044  1 234396 35657 2.2 26 12 8 17 35% 9128 586 94%
c w  7.53 22 27 40 9044  1 234396 35652 2.2 26 12 8 17 35% 9128 586 94%
c -  8.57 22 26 41 9051  1 246500 29484 1.9 25 13 8 17 40% 9128 586 94%
c u  8.59 22 26 41 9051  1 246500 29302 1.9 25 13 8 17 40% 9128 586 94%
c v  8.60 22 26 41 9051  1 246500 29298 1.9 25 13 8 17 40% 9128 586 94%
c w  8.60 22 26 41 9051  1 246500 29273 1.9 25 13 8 17 40% 9128 586 94%
c 
c  seconds  reductions   conflicts         size   tier2      variables
c         MB     restarts       redundant     glue    trail      remaining
c          level       rate          size/glue  tier1  irredundant
c 
c ]  8.95 22 25 41 9054  1 250980 29578 1.9 24 13 8 17 42% 9128 586 94%
c {  8.95 22 27 41 9054  1 250980 29578 1.9 26 14 3 17 36% 9128 586 94%
c F  9.01 22 27 41 9093  1 253037 30711 1.9 26 14 3 17 36% 9128 586 94%
c -  9.22 22 26 42 9324  1 258912 26251 1.9 26 14 3 17 36% 9128 586 94%
c u  9.24 22 26 42 9324  1 258912 26206 1.9 26 14 3 17 36% 9128 586 94%
c v  9.24 22 26 42 9324  1 258912 26206 1.9 26 14 3 17 36% 9128 586 94%
c w  9.24 22 26 42 9324  1 258912 26131 1.9 26 14 3 17 36% 9128 586 94%
c -  9.72 22 25 43 9325  1 271633 26687 2.0 26 13 2 14 36% 9128 586 94%
c u  9.73 22 25 43 9325  1 271633 26624 2.0 26 13 2 14 36% 9128 586 94%
c v  9.74 22 25 43 9325  1 271633 26600 2.0 26 13 2 14 36% 9128 586 94%
c w  9.74 22 25 43 9325  1 271633 26600 2.0 26 13 2 14 36% 9128 586 94%
c B  9.92 22 25 43 9325  1 276038 29949 2.0 27 13 2 14 37% 9128 586 94%
c s 10.36 22 25 43 9325  1 284021 34976 2.1 27 13 2 14 39% 9128 586 94%
c s 10.51 22 25 43 9325  1 284021 34961 2.1 27 13 2 14 39% 9128 586 94%
c - 10.55 24 25 44 9325  1 284662 30812 2.1 28 13 2 14 39% 9128 586 94%
c u 10.57 24 25 44 9325  1 284662 30687 2.1 28 13 2 14 39% 9128 586 94%
c v 10.57 24 25 44 9325  1 284662 30654 2.1 28 13 2 14 39% 9128 586 94%
c w 10.58 24 25 44 9325  1 284662 30654 2.1 28 13 2 14 39% 9128 586 94%
c } 11.41 24 24 44 12132  1 296027 33496 2.0 27 14 2 14 44% 9128 586 94%
c [ 11.41 24 25 44 12132  1 296027 33496 1.9 24 13 8 17 42% 9128 586 94%
c 
c  seconds  reductions    conflicts         size   tier2      variables
c         MB      restarts       redundant     glue    trail      remaining
c          level        rate          size/glue  tier1  irredundant
c 
c - 11.56 24 25 45 12134  1 298001 26022 1.8 24 13 8 17 43% 9128 586 94%
c = 11.58 24 25 45 12134  1 298001 26022 1.8 24 13 8 17 43% 9128 582 93%
c u 11.61 24 25 45 12134  1 298001 25645 1.8 24 13 8 17 43% 9128 582 93%
c v 11.61 24 25 45 12134  1 298001 25532 1.8 24 13 8 17 43% 9128 582 93%
c w 11.62 24 25 45 12134  1 298001 25532 1.8 24 13 8 17 43% 9128 582 93%
c B 11.78 24 25 45 12135  1 300040 25730 1.8 24 13 8 17 43% 9128 582 93%
c - 12.61 24 24 46 12136  1 311648 17509 1.7 23 14 8 17 46% 9128 582 93%
c u 12.63 24 24 46 12136  1 311648 17443 1.7 23 14 8 17 46% 9128 582 93%
c v 12.64 24 24 46 12136  1 311648 17259 1.7 23 14 8 17 46% 9128 582 93%
c w 12.64 24 24 46 12136  1 311648 16953 1.7 23 14 8 17 46% 9128 582 93%
c W 13.68 24 23 46 12144  1 325041 18172 1.6 23 15 8 17 49% 9128 582 93%
c - 13.72 24 23 47 12145  1 325604 15244 1.5 23 15 8 17 49% 9128 582 93%
c = 13.74 24 23 47 12145  1 325604 15244 1.5 23 15 8 17 49% 9128 580 93%
c u 13.75 24 23 47 12145  1 325604 15078 1.5 23 15 8 17 49% 9128 580 93%
c v 13.76 24 23 47 12145  1 325604 15046 1.5 23 15 8 17 49% 9128 580 93%
c w 13.76 24 23 47 12145  1 325604 14778 1.5 23 15 8 17 49% 9128 580 93%
c ] 13.92 24 22 47 12146  1 328074 14979 1.5 23 15 8 17 50% 9128 580 93%
c { 13.92 24 24 47 12146  1 328074 14979 2.0 27 14 2 14 44% 9128 580 93%
c - 14.28 24 24 48 12171  1 339869 14228 2.0 27 13 1 2 42% 9128 580 93%
c u 14.31 24 24 48 12171  1 339869 14190 2.0 27 13 1 2 42% 9128 580 93%
c 
c  seconds  reductions    conflicts         size   tier2     variables
c         MB      restarts       redundant     glue   trail      remaining
c          level        rate          size/glue  tier1 irredundant
c 
c W 14.60 24 24 48 12227  1 351042 23016 2.1 27 13 1 2 42% 9128 580 93%
c - 14.67 24 25 49 12250  1 354444 15795 2.1 27 13 1 2 42% 9128 580 93%
c u 14.67 24 25 49 12250  1 354444 15760 2.1 27 13 1 2 42% 9128 580 93%
c v 14.68 24 25 49 12250  1 354444 15637 2.1 27 13 1 2 42% 9128 580 93%
c w 14.68 24 25 49 12250  1 354444 15637 2.1 27 13 1 2 42% 9128 580 93%
c s 14.71 24 25 49 12250  1 355325 16323 2.1 26 13 1 2 41% 9128 580 93%
c s 14.72 24 25 49 12250  1 355325 16323 2.1 26 13 1 2 41% 9128 580 93%
c - 15.09 24 25 50 12383  1 369329 16819 2.2 27 12 1 2 41% 9128 580 93%
c u 15.11 24 25 50 12383  1 369329 16775 2.2 27 12 1 2 41% 9128 580 93%
c v 15.11 24 25 50 12383  1 369329 16733 2.2 27 12 1 2 41% 9128 580 93%
c w 15.11 24 25 50 12383  1 369329 16733 2.2 27 12 1 2 41% 9128 580 93%
c # 15.34 24 25 50 12413  1 378044 23500 2.3 26 12 1 2 41% 9128 580 93%
c - 15.50 24 25 51 12580  1 384522 17926 2.3 26 12 1 2 40% 9128 580 93%
c u 15.51 24 25 51 12580  1 384522 17838 2.3 26 12 1 2 40% 9128 580 93%
c v 15.51 24 25 51 12580  1 384522 17788 2.3 26 12 1 2 40% 9128 580 93%
c w 15.51 24 25 51 12580  1 384522 17788 2.3 26 12 1 2 40% 9128 580 93%
c - 16.47 24 24 52 14781  1 400025 16961 2.2 26 12 1 2 44% 9128 580 93%
c u 16.49 24 24 52 14781  1 400025 16901 2.2 26 12 1 2 44% 9128 580 93%
c w 16.49 24 24 52 14781  1 400025 16901 2.2 26 12 1 2 44% 9128 580 93%
c B 16.74 24 24 52 15680  1 406046 20723 2.2 27 12 1 2 44% 9128 580 93%
c 
c  seconds  reductions    conflicts         size   tier2     variables
c         MB      restarts       redundant     glue   trail      remaining
c          level        rate          size/glue  tier1 irredundant
c 
c } 16.95 24 24 52 15680  1 410505 24432 2.2 27 12 1 2 44% 9128 580 93%
c [ 16.96 24 22 52 15680  1 410505 24432 1.5 23 15 8 17 50% 9128 580 93%
c - 17.17 24 22 53 15684  1 415838 17483 1.6 23 15 8 17 49% 9128 580 93%
c u 17.21 24 22 53 15684  1 415838 17442 1.6 23 15 8 17 49% 9128 580 93%
c v 17.21 24 22 53 15684  1 415838 17406 1.6 23 15 8 17 49% 9128 580 93%
c - 18.33 24 21 54 15686  1 431961 16752 1.6 23 15 8 17 50% 9128 580 93%
c u 18.35 24 21 54 15686  1 431961 16658 1.6 23 15 8 17 50% 9128 580 93%
c v 18.35 24 21 54 15686  1 431961 16658 1.6 23 15 8 17 50% 9128 580 93%
c I 18.52 24 21 54 15686  1 435047 18342 1.6 23 15 8 17 50% 9128 580 93%
c - 19.05 24 22 55 15687  1 448391 17330 1.6 24 15 8 17 48% 9128 580 93%
c u 19.06 24 22 55 15687  1 448391 17290 1.6 24 15 8 17 48% 9128 580 93%
c v 19.06 24 22 55 15687  1 448391 17278 1.6 24 15 8 17 48% 9128 580 93%
c B 19.99 24 21 55 15687  1 465049 28605 1.7 25 14 1 2 50% 9128 580 93%
c - 19.99 24 21 56 15687  1 465132 17799 1.7 25 14 1 2 50% 9128 580 93%
c u 20.01 24 21 56 15687  1 465132 17702 1.7 25 14 1 2 50% 9128 580 93%
c v 20.02 24 21 56 15687  1 465132 17692 1.7 25 14 1 2 50% 9128 580 93%
c w 20.02 24 21 56 15687  1 465132 17692 1.7 25 14 1 2 50% 9128 580 93%
c ] 20.11 24 21 56 15687  1 466772 19105 1.8 25 14 1 2 50% 9128 580 93%
c { 20.11 24 24 56 15687  1 466772 19105 2.2 27 12 1 2 44% 9128 580 93%
c - 20.91 24 24 57 17117  1 482182 18417 2.2 27 12 1 2 45% 9128 580 93%
c 
c  seconds  reductions    conflicts         size   tier2     variables
c         MB      restarts       redundant     glue   trail      remaining
c          level        rate          size/glue  tier1 irredundant
c 
c u 20.96 24 24 57 17117  1 482182 18379 2.2 27 12 1 2 45% 9128 580 93%
c v 20.96 24 24 57 17117  1 482182 18343 2.2 27 12 1 2 45% 9128 580 93%
c w 20.96 24 24 57 17117  1 482182 18343 2.2 27 12 1 2 45% 9128 580 93%
c W 22.61 24 23 57 20585  1 496050 21357 2.1 27 13 1 2 48% 9128 580 93%
c - 22.66 24 23 58 20592  1 499541 17431 2.1 27 13 1 2 47% 9128 580 93%
c u 22.68 24 23 58 20592  1 499541 17346 2.1 27 13 1 2 47% 9128 580 93%
c w 22.68 24 23 58 20592  1 499541 17346 2.1 27 13 1 2 47% 9128 580 93%
c - 23.07 24 24 59 20596  1 517210 20177 2.2 26 12 1 2 45% 9128 580 93%
c u 23.08 24 24 59 20596  1 517210 20171 2.2 26 12 1 2 45% 9128 580 93%
c v 23.08 24 24 59 20596  1 517210 20170 2.2 26 12 1 2 45% 9128 580 93%
c w 23.08 24 24 59 20596  1 517210 20170 2.2 26 12 1 2 45% 9128 580 93%
c F 23.28 24 25 59 20635  1 528052 28821 2.2 26 12 1 2 44% 9128 580 93%
c - 23.55 24 25 60 21003  1 535190 21867 2.2 26 12 1 2 43% 9128 580 93%
c u 23.55 24 25 60 21003  1 535190 21832 2.2 26 12 1 2 43% 9128 580 93%
c v 23.56 24 25 60 21003  1 535190 21758 2.2 26 12 1 2 43% 9128 580 93%
c w 23.56 24 25 60 21003  1 535190 21758 2.2 26 12 1 2 43% 9128 580 93%
c } 24.03 24 24 60 22646  1 541761 23412 2.1 26 12 1 2 44% 9128 580 93%
c [ 24.03 24 21 60 22646  1 541761 23412 1.8 25 14 1 2 50% 9128 580 93%
c - 24.16 24 22 61 22646  1 553479 20730 1.8 25 14 1 2 47% 9128 580 93%
c u 24.17 24 22 61 22646  1 553479 20687 1.8 25 14 1 2 47% 9128 580 93%
c 
c  seconds  reductions    conflicts         size   tier2     variables
c         MB      restarts       redundant     glue   trail      remaining
c          level        rate          size/glue  tier1 irredundant
c 
c v 24.17 24 22 61 22646  1 553479 20606 1.8 25 14 1 2 47% 9128 580 93%
c W 24.45 24 22 61 22648  1 561054 26606 1.8 25 14 1 2 46% 9128 580 93%
c - 25.12 24 22 62 22653  1 572078 21586 2.0 26 13 1 2 48% 9128 580 93%
c u 25.16 24 22 62 22653  1 572078 21552 2.0 26 13 1 2 48% 9128 580 93%
c v 25.16 24 22 62 22653  1 572078 21545 2.0 26 13 1 2 48% 9128 580 93%
c - 25.72 24 23 63 22661  1 590986 22035 2.0 26 13 1 2 45% 9128 580 93%
c u 25.73 24 23 63 22661  1 590986 21978 2.0 26 13 1 2 45% 9128 580 93%
c v 25.73 24 23 63 22661  1 590986 21902 2.0 26 13 1 2 45% 9128 580 93%
c O 25.81 24 23 63 22661  1 595056 24936 2.0 26 13 1 2 44% 9128 580 93%
c - 26.81 24 23 64 22669  1 610204 22576 2.0 26 13 1 2 45% 9128 580 93%
c u 26.82 24 23 64 22669  1 610204 22559 2.0 26 13 1 2 45% 9128 580 93%
c v 26.82 24 23 64 22669  1 610204 22556 2.0 26 13 1 2 45% 9128 580 93%
c ] 27.96 24 22 64 22676  1 629252 36808 2.1 28 13 1 2 46% 9128 580 93%
c { 27.96 24 24 64 22676  1 629252 36808 2.1 26 12 1 2 44% 9128 580 93%
c - 28.02 24 24 65 22797  1 629733 23773 2.1 26 12 1 2 44% 9128 580 93%
c u 28.03 24 24 65 22797  1 629733 23753 2.1 26 12 1 2 44% 9128 580 93%
c v 28.05 24 24 65 22797  1 629733 23752 2.1 26 12 1 2 44% 9128 580 93%
c w 28.05 24 24 65 22797  1 629733 23752 2.1 26 12 1 2 44% 9128 580 93%
c B 28.08 24 24 65 22878  1 630058 23902 2.1 26 12 1 2 44% 9128 580 93%
c - 29.69 24 23 66 27742  1 649572 22258 1.9 25 13 1 2 46% 9128 580 93%
c 
c  seconds  reductions    conflicts         size   tier2     variables
c         MB      restarts       redundant     glue   trail      remaining
c          level        rate          size/glue  tier1 irredundant
c 
c u 29.72 24 23 66 27742  1 649572 22189 1.9 25 13 1 2 46% 9128 580 93%
c w 29.72 24 23 66 27742  1 649572 22189 1.9 25 13 1 2 46% 9128 580 93%
c W 31.02 24 22 66 30678  1 666061 29948 1.8 25 13 1 2 46% 9128 580 93%
c - 31.23 24 22 67 30678  1 669722 22640 1.9 25 13 1 2 46% 9128 580 93%
c u 31.25 24 22 67 30678  1 669722 22616 1.9 25 13 1 2 46% 9128 580 93%
c v 31.26 24 22 67 30678  1 669722 22611 1.9 25 13 1 2 46% 9128 580 93%
c w 31.26 24 22 67 30678  1 669722 22611 1.9 25 13 1 2 46% 9128 580 93%
c - 31.63 24 23 68 30811  1 690181 24533 2.0 25 13 1 2 42% 9128 580 93%
c u 31.66 24 23 68 30811  1 690181 24515 2.0 25 13 1 2 42% 9128 580 93%
c v 31.66 24 23 68 30811  1 690181 24514 2.0 25 13 1 2 42% 9128 580 93%
c # 32.27 24 23 68 31920  1 703062 33143 2.0 25 12 1 2 43% 9128 580 93%
c } 32.50 24 24 68 32513  1 710084 38090 2.0 25 12 1 2 43% 9128 580 93%
c [ 32.50 24 22 68 32513  1 710084 38090 2.1 28 13 1 2 46% 9128 580 93%
c - 32.52 24 23 69 32513  1 710951 25201 2.2 28 13 1 2 46% 9128 580 93%
c u 32.53 24 23 69 32513  1 710951 25115 2.2 28 13 1 2 46% 9128 580 93%
c v 32.54 24 23 69 32513  1 710951 25083 2.2 28 13 1 2 46% 9128 580 93%
c w 32.54 24 23 69 32513  1 710951 25083 2.2 28 13 1 2 46% 9128 580 93%
c - 33.23 24 23 70 32516  1 732030 26323 2.1 27 13 1 2 43% 9128 580 93%
c u 33.24 24 23 70 32516  1 732030 26315 2.1 27 13 1 2 43% 9128 580 93%
c v 33.25 24 23 70 32516  1 732030 26233 2.1 27 13 1 2 43% 9128 580 93%
c 
c  seconds  reductions    conflicts         size   tier2     variables
c         MB      restarts       redundant     glue   trail      remaining
c          level        rate          size/glue  tier1 irredundant
c 
c w 33.25 24 23 70 32516  1 732030 26231 2.1 27 13 1 2 43% 9128 580 93%
c B 33.55 24 23 70 32521  1 741064 33113 2.1 27 13 1 2 42% 9128 580 93%
c - 33.93 24 23 71 32528  1 753420 27879 2.1 27 13 1 2 40% 9128 580 93%
c u 33.94 24 23 71 32528  1 753420 27853 2.1 27 13 1 2 40% 9128 580 93%
c v 33.94 24 23 71 32528  1 753420 27725 2.1 27 13 1 2 40% 9128 580 93%
c w 33.94 24 23 71 32528  1 753420 27725 2.1 27 13 1 2 40% 9128 580 93%
c - 34.78 24 23 72 32535  1 775122 28757 2.2 27 12 1 2 40% 9128 580 93%
c u 34.79 24 23 72 32535  1 775122 28691 2.2 27 12 1 2 40% 9128 580 93%
c v 34.80 24 23 72 32535  1 775122 28585 2.2 27 12 1 2 40% 9128 580 93%
c w 34.80 24 23 72 32535  1 775122 28585 2.2 27 12 1 2 40% 9128 580 93%
c W 35.22 24 23 72 32536  1 780065 32625 2.2 28 12 1 2 41% 9128 580 93%
c - 36.22 24 23 73 32544  1 797133 29260 2.2 27 12 1 2 41% 9128 580 93%
c u 36.23 24 23 73 32544  1 797133 29245 2.2 27 12 1 2 41% 9128 580 93%
c v 36.24 24 23 73 32544  1 797133 29142 2.2 27 12 1 2 41% 9128 580 93%
c w 36.24 24 23 73 32544  1 797133 29142 2.2 27 12 1 2 41% 9128 580 93%
c - 37.01 24 23 74 32545  1 819454 31380 2.3 27 12 1 2 39% 9128 580 93%
c u 37.02 24 23 74 32545  1 819454 31317 2.3 27 12 1 2 39% 9128 580 93%
c v 37.03 24 23 74 32545  1 819454 31163 2.3 27 12 1 2 39% 9128 580 93%
c w 37.03 24 23 74 32545  1 819454 31163 2.3 27 12 1 2 39% 9128 580 93%
c I 37.04 24 23 74 32545  1 820067 31626 2.3 27 12 1 2 39% 9128 580 93%
c 
c  seconds  reductions    conflicts         size   tier2     variables
c         MB      restarts       redundant     glue   trail      remaining
c          level        rate          size/glue  tier1 irredundant
c 
c ] 37.28 24 23 74 32546  1 832360 41011 2.2 26 12 1 2 37% 9128 580 93%
c { 37.28 24 24 74 32546  1 832360 41011 2.0 25 12 1 2 43% 9128 580 93%
c - 37.61 24 24 75 32638  1 842088 32693 2.1 25 12 1 2 42% 9128 580 93%
c u 37.63 24 24 75 32638  1 842088 32685 2.1 25 12 1 2 42% 9128 580 93%
c v 37.63 24 24 75 32638  1 842088 32613 2.1 25 12 1 2 42% 9128 580 93%
c B 38.38 24 24 75 32728  1 861068 48796 2.2 26 11 1 2 41% 9128 580 93%
c - 38.53 24 24 76 32738  1 865029 34990 2.3 26 11 1 2 41% 9128 580 93%
c u 38.54 24 24 76 32738  1 865029 34963 2.3 26 11 1 2 41% 9128 580 93%
c v 38.54 24 24 76 32738  1 865029 34874 2.3 26 11 1 2 41% 9128 580 93%
c w 38.54 24 24 76 32738  1 865029 34874 2.3 26 11 1 2 41% 9128 580 93%
c - 39.67 24 24 77 33050  1 888280 37496 2.5 27 11 1 2 41% 9128 580 93%
c u 39.68 24 24 77 33050  1 888280 37470 2.5 27 11 1 2 41% 9128 580 93%
c v 39.69 24 24 77 33050  1 888280 37362 2.5 27 11 1 2 41% 9128 580 93%
c w 39.69 24 24 77 33050  1 888280 37362 2.5 27 11 1 2 41% 9128 580 93%
c W 40.54 24 24 77 33076  1 903070 49133 2.6 27 10 1 2 41% 9128 580 93%
c - 41.18 26 24 78 33648  1 911842 39084 2.7 28 10 1 2 42% 9128 580 93%
c u 41.20 26 24 78 33648  1 911842 39029 2.7 28 10 1 2 42% 9128 580 93%
c v 41.20 26 24 78 33648  1 911842 38970 2.7 28 10 1 2 42% 9128 580 93%
c w 41.21 26 24 78 33648  1 911842 38970 2.7 28 10 1 2 42% 9128 580 93%
c } 42.79 26 24 78 34132  1 933990 58283 2.9 29 10 1 2 42% 9128 580 93%
c 
c  seconds  reductions    conflicts         size   tier2     variables
c         MB      restarts       redundant     glue   trail      remaining
c          level        rate          size/glue  tier1 irredundant
c 
c [ 42.79 26 23 78 34132  1 933990 58283 2.2 26 12 1 2 37% 9128 580 93%
c - 42.91 26 23 79 34132  1 935715 41302 2.2 26 12 1 2 37% 9128 580 93%
c u 42.94 26 23 79 34132  1 935715 41239 2.2 26 12 1 2 37% 9128 580 93%
c w 42.94 26 23 79 34132  1 935715 41237 2.2 26 12 1 2 37% 9128 580 93%
c B 43.46 26 23 79 34132  1 946071 49581 2.3 26 12 1 2 37% 9128 580 93%
c - 44.47 26 23 80 34133  1 959900 41954 2.4 27 11 1 2 38% 9128 580 93%
c u 44.49 26 23 80 34133  1 959900 41897 2.4 27 11 1 2 38% 9128 580 93%
c w 44.49 26 23 80 34133  1 959900 41897 2.4 27 11 1 2 38% 9128 580 93%
c - 45.74 26 23 81 34133  1 984395 41894 2.4 27 11 1 2 37% 9128 580 93%
c u 45.76 26 23 81 34133  1 984395 41870 2.4 27 11 1 2 37% 9080 580 93%
c v 45.76 26 23 81 34133  1 984395 41870 2.4 27 11 1 2 37% 9080 580 93%
c w 45.76 26 23 81 34133  1 984395 41869 2.4 27 11 1 2 37% 9080 580 93%
c s 45.88 26 23 81 34133  1 984395 40384 2.4 27 11 1 2 37% 9072 580 93%
c s 46.01 26 23 81 34133  1 984395 39148 2.4 27 11 1 2 37% 9072 580 93%
c W 46.31 26 23 81 34133  1 990072 43776 2.4 27 11 1 2 36% 9072 580 93%
c - 47.33 26 23 82 34133  1 1009200 41211 2.4 27 11 1 2 35% 9072 580 93%
c u 47.35 26 23 82 34133  1 1009200 41170 2.4 27 11 1 2 35% 9072 580 93%
c v 47.35 26 23 82 34133  1 1009200 41167 2.4 27 11 1 2 35% 9072 580 93%
c w 47.35 26 23 82 34133  1 1009200 41167 2.4 27 11 1 2 35% 9072 580 93%
c ] 48.61 26 22 82 34138  1 1032842 61234 2.5 27 11 1 2 35% 9072 580 93%
c 
c  seconds  reductions     conflicts         size   tier2     variables
c         MB      restarts        redundant     glue   trail      remaining
c          level        rate           size/glue  tier1 irredundant
c 
c { 48.61 26 24 82 34138  1 1032842 61234 2.9 29 10 1 2 42% 9072 580 93%
c - 48.70 26 24 83 34299  1 1034314 42908 2.9 29 10 1 2 42% 9072 580 93%
c u 48.75 26 24 83 34299  1 1034314 42874 2.9 29 10 1 2 42% 9072 580 93%
c v 48.75 26 24 83 34299  1 1034314 42832 2.9 29 10 1 2 42% 9072 580 93%
c w 48.75 26 24 83 34299  1 1034314 42832 2.9 29 10 1 2 42% 9072 580 93%
c F 48.81 26 24 83 34300  1 1035073 43525 2.9 29 10 1 2 42% 9072 580 93%
c - 50.54 26 24 84 34951  1 1059739 45616 3.1 30 9 1 2 43% 9072 580 93%
c u 50.56 26 24 84 34951  1 1059739 45578 3.1 30 9 1 2 43% 9072 580 93%
c v 50.56 26 24 84 34951  1 1059739 45578 3.1 30 9 1 2 43% 9072 580 93%
c B 52.57 26 24 84 35850  2 1081075 64771 3.4 31 9 1 2 44% 9072 580 93%
c - 53.06 27 24 85 36261  2 1085474 48285 3.4 31 9 1 2 44% 9072 580 93%
c u 53.09 27 24 85 36261  2 1085474 48255 3.4 31 9 1 2 44% 9072 580 93%
c v 53.09 27 24 85 36261  2 1085474 48255 3.4 31 9 1 2 44% 9072 580 93%
c w 53.09 27 24 85 36261  2 1085474 48255 3.4 31 9 1 2 44% 9072 580 93%
c } 54.94 27 24 85 38142  2 1108355 67528 3.4 31 9 1 2 44% 9072 580 93%
c [ 54.94 27 22 85 38142  1 1108355 67528 2.5 27 11 1 2 35% 9072 580 93%
c - 55.16 31 22 86 38143  1 1111521 49350 2.5 28 11 1 2 35% 9072 580 93%
c u 55.18 31 22 86 38143  1 1111521 49315 2.5 28 11 1 2 35% 9072 580 93%
c w 55.18 31 22 86 38143  1 1111521 49314 2.5 28 11 1 2 35% 9072 580 93%
c O 56.26 31 22 86 38151  1 1128076 63161 2.6 28 11 1 2 35% 9072 580 93%
c 
c  seconds  reductions     conflicts         size   tier2     variables
c         MB      restarts        redundant     glue   trail      remaining
c          level        rate           size/glue  tier1 irredundant
c 
c - 57.24 21 22 87 38153  1 1137879 49487 2.6 28 11 1 2 36% 9072 580 93%
c u 57.27 21 22 87 38153  1 1137879 49475 2.6 28 11 1 2 36% 9072 580 93%
c - 59.01 25 22 88 38167  1 1164546 49286 2.6 28 11 1 2 37% 9072 580 93%
c u 59.03 25 22 88 38167  1 1164546 49264 2.6 28 11 1 2 37% 9072 580 93%
c v 59.03 25 22 88 38167  1 1164546 49262 2.6 28 11 1 2 37% 9072 580 93%
c w 59.03 25 22 88 38167  1 1164546 49261 2.6 28 11 1 2 37% 9072 580 93%
c B 59.49 25 22 88 38168  1 1176077 58455 2.6 28 11 1 2 37% 9072 580 93%
c - 60.16 25 22 89 38169  1 1191524 51051 2.6 28 11 1 2 37% 9072 580 93%
c u 60.18 25 22 89 38169  1 1191524 51045 2.6 28 11 1 2 37% 9072 580 93%
c w 60.18 25 22 89 38169  1 1191524 51043 2.6 28 11 1 2 37% 9072 580 93%
c - 61.17 26 22 90 38183  1 1218813 52244 2.6 27 11 1 2 35% 9072 580 93%
c u 61.18 26 22 90 38183  1 1218813 52234 2.6 27 11 1 2 35% 9072 580 93%
c w 61.18 26 22 90 38183  1 1218813 52233 2.6 27 11 1 2 35% 9072 580 93%
c W 61.77 26 22 90 38183  1 1225079 57214 2.6 27 11 1 2 35% 9072 580 93%
c ] 61.81 26 22 90 38183  1 1225700 57763 2.6 27 11 1 2 35% 9072 580 93%
c { 61.81 26 24 90 38183  2 1225700 57763 3.4 31 9 1 2 44% 9072 580 93%
c - 63.94 30 24 91 39782  2 1246414 55417 3.5 32 9 1 2 44% 9072 580 93%
c u 63.97 30 24 91 39782  2 1246414 55382 3.5 32 9 1 2 44% 9072 580 93%
c v 63.98 30 24 91 39782  2 1246414 55248 3.5 32 9 1 2 44% 9072 580 93%
c w 63.98 30 24 91 39782  2 1246414 55248 3.5 32 9 1 2 44% 9072 580 93%
c 
c  seconds  reductions     conflicts         size  tier2     variables
c         MB      restarts        redundant     glue  trail      remaining
c          level        rate           size/glue tier1 irredundant
c 
c - 66.84 30 24 92 41510  2 1274324 58364 3.7 33 9 1 2 44% 9072 580 93%
c u 66.88 30 24 92 41510  2 1274324 58346 3.7 33 9 1 2 44% 9072 580 93%
c v 66.89 30 24 92 41510  2 1274324 58229 3.7 33 9 1 2 44% 9072 580 93%
c w 66.89 30 24 92 41510  2 1274324 58229 3.7 33 9 1 2 44% 9072 580 93%
c s 67.11 30 24 92 41510  2 1274324 56863 3.7 33 9 1 2 44% 9040 580 93%
c e 67.12 30 24 92 41510  2 1274324 56842 3.7 33 9 1 2 44% 9040 578 92%
c s 67.35 30 24 92 41510  2 1274324 55954 3.7 33 9 1 2 44% 9040 578 92%
c W 67.56 30 24 92 41594  2 1275080 56625 3.7 33 9 1 2 44% 9040 578 92%
c } 69.75 30 23 92 42915  2 1292834 72870 3.9 34 9 1 2 45% 9040 578 92%
c [ 69.75 30 22 92 42915  1 1292834 72870 2.6 27 11 1 2 35% 9040 578 92%
c - 70.65 30 22 93 42921  1 1302545 59406 2.6 28 11 1 2 35% 9040 578 92%
c u 70.69 30 22 93 42921  1 1302545 59362 2.6 28 11 1 2 35% 9040 578 92%
c v 70.70 30 22 93 42921  1 1302545 59152 2.6 28 11 1 2 35% 9040 578 92%
c w 70.71 30 22 93 42921  1 1302545 59152 2.6 28 11 1 2 35% 9040 578 92%
c I 73.08 30 21 93 42930  1 1326082 79194 2.8 29 11 1 2 38% 9040 578 92%
c - 73.47 30 21 94 42931  1 1331078 59773 2.8 29 11 1 2 38% 9040 578 92%
c u 73.51 30 21 94 42931  1 1331078 59749 2.8 29 11 1 2 38% 9040 578 92%
c v 73.51 30 21 94 42931  1 1331078 59716 2.8 29 11 1 2 38% 9040 578 92%
c w 73.51 30 21 94 42931  1 1331078 59714 2.8 29 11 1 2 38% 9040 578 92%
c - 74.91 30 21 95 42932  1 1359922 59064 2.8 29 10 1 2 36% 9040 578 92%
c 
c  seconds  reductions     conflicts         size   tier2     variables
c         MB      restarts        redundant     glue   trail      remaining
c          level        rate           size/glue  tier1 irredundant
c 
c u 74.93 30 21 95 42932  1 1359922 59050 2.8 29 10 1 2 36% 9040 578 92%
c v 74.93 30 21 95 42932  1 1359922 59049 2.8 29 10 1 2 36% 9040 578 92%
c w 74.93 30 21 95 42932  1 1359922 59049 2.8 29 10 1 2 36% 9040 578 92%
c s 75.72 30 21 95 42932  1 1369537 66419 2.8 29 10 1 2 37% 9040 578 92%
c s 75.96 30 21 95 42932  1 1369537 66099 2.8 29 10 1 2 37% 9040 578 92%
c B 76.56 30 21 95 42932  1 1378083 73239 2.9 29 10 1 2 37% 9040 578 92%
c - 77.34 30 21 96 42938  1 1389075 59940 2.9 29 10 1 2 37% 9040 578 92%
c u 77.36 30 21 96 42938  1 1389075 59935 2.9 29 10 1 2 37% 9040 578 92%
c ] 77.65 30 21 96 42939  1 1393440 63465 2.9 29 10 1 2 37% 9040 578 92%
c { 77.65 30 23 96 42939  2 1393440 63465 3.9 34 9 1 2 45% 9040 578 92%
c - 80.98 36 23 97 44940  2 1418540 63415 4.1 35 9 1 2 46% 9040 578 92%
c u 81.02 24 23 97 44940  2 1418540 63397 4.1 35 9 1 2 46% 9040 578 92%
c v 81.05 24 23 97 44940  2 1418540 63328 4.1 35 9 1 2 46% 9040 578 92%
c # 82.26 24 23 97 46497  2 1431085 74320 4.0 34 9 1 2 46% 9040 578 92%
c - 84.49 28 23 98 47685  2 1448316 65812 4.1 35 9 1 2 46% 9040 578 92%
c u 84.54 28 23 98 47685  2 1448316 65770 4.1 35 9 1 2 46% 9040 578 92%
c v 84.54 28 23 98 47685  2 1448316 65740 4.1 35 9 1 2 46% 9040 578 92%
c w 84.54 28 23 98 47685  2 1448316 65739 4.1 35 9 1 2 46% 9040 578 92%
c } 86.09 28 23 98 49932  2 1458444 73054 3.8 35 9 1 2 47% 9040 578 92%
c [ 86.09 28 21 98 49932  1 1458444 73054 2.9 29 10 1 2 37% 9040 578 92%
c 
c  seconds  reductions     conflicts         size   tier2     variables
c         MB      restarts        redundant     glue   trail      remaining
c          level        rate           size/glue  tier1 irredundant
c 
c - 87.22 28 22 99 49940  1 1478403 66418 2.9 29 10 1 2 36% 9040 578 92%
c u 87.26 28 22 99 49940  1 1478403 66403 2.9 29 10 1 2 36% 9040 578 92%
c v 87.26 28 22 99 49940  1 1478403 66400 2.9 29 10 1 2 36% 9040 578 92%
c w 87.26 28 22 99 49940  1 1478403 66400 2.9 29 10 1 2 36% 9040 578 92%
c W 87.99 28 22 99 49943  1 1485088 71768 2.9 29 10 1 2 36% 9040 578 92%
c - 89.57 26 22 100 49955  1 1508800 67152 2.8 29 10 1 2 35% 9040 578 92%
c u 89.60 26 22 100 49955  1 1508800 67146 2.8 29 10 1 2 35% 9040 578 92%
c v 89.60 26 22 100 49955  1 1508800 67146 2.8 29 10 1 2 35% 9040 578 92%
c w 89.60 26 22 100 49955  1 1508800 67145 2.8 29 10 1 2 35% 9040 578 92%
c - 92.39 31 22 101 49960  1 1539510 68634 2.9 29 10 1 2 37% 9040 578 92%
c u 92.42 31 22 101 49960  1 1539510 68618 2.9 29 10 1 2 37% 9040 578 92%
c v 92.43 31 22 101 49960  1 1539510 68600 2.9 29 10 1 2 37% 9040 578 92%
c w 92.43 31 22 101 49960  1 1539510 68600 2.9 29 10 1 2 37% 9040 578 92%
c O 92.49 31 22 101 49961  1 1540089 69092 2.9 29 10 1 2 37% 9040 578 92%
c ] 95.23 31 21 101 49971  1 1566853 91229 2.8 30 11 1 2 38% 9040 578 92%
c { 95.23 31 23 101 49971  2 1566853 91229 3.8 35 9 1 2 47% 9040 578 92%
c - 95.97 36 23 102 50711  2 1570530 69902 3.8 35 9 1 2 47% 9040 578 92%
c u 96.10 36 23 102 50711  2 1570530 69891 3.8 35 9 1 2 47% 9040 578 92%
c v 96.10 36 23 102 50711  2 1570530 69891 3.8 35 9 1 2 47% 9040 578 92%
c w 96.10 36 23 102 50711  2 1570530 69891 3.8 35 9 1 2 47% 9040 578 92%
c 
c  seconds   reductions     conflicts         size  tier2     variables
c         MB       restarts        redundant     glue  trail      remaining
c          level         rate           size/glue tier1 irredundant
c 
c B 98.20 36 23 102 52760  2 1596091 90354 3.6 34 9 1 2 46% 9040 578 92%
c - 98.62 36 23 103 52771  2 1601862 72483 3.7 34 9 1 2 46% 9040 578 92%
c u 98.66 36 23 103 52771  2 1601862 72470 3.7 34 9 1 2 46% 9040 578 92%
c v 98.66 36 23 103 52771  2 1601862 72470 3.7 34 9 1 2 46% 9040 578 92%
c w 98.66 36 23 103 52771  2 1601862 72470 3.7 34 9 1 2 46% 9040 578 92%
c - 102.46 42 23 104 55591  2 1633503 76098 3.8 34 9 1 2 46% 9040 578 92%
c u 102.51 28 23 104 55591  2 1633503 76083 3.8 34 9 1 2 46% 9040 578 92%
c v 102.51 28 23 104 55591  2 1633503 75979 3.8 34 9 1 2 46% 9040 578 92%
c w 102.52 28 23 104 55591  2 1633503 75979 3.8 34 9 1 2 46% 9040 578 92%
c } 105.09 28 23 104 57530  2 1652814 93660 3.8 35 9 1 2 46% 9040 578 92%
c [ 105.09 28 21 104 57530  1 1652814 93660 2.8 30 11 1 2 38% 9040 578 92%
c B 105.11 28 21 104 57530  1 1653095 93893 2.8 30 11 1 2 38% 9040 578 92%
c - 106.56 30 21 105 57537  1 1665456 77241 2.8 30 11 1 2 39% 9040 578 92%
c u 106.59 30 21 105 57537  1 1665456 77234 2.8 30 11 1 2 39% 9040 578 92%
c - 109.34 30 21 106 57546  1 1697720 76687 2.9 31 11 1 2 39% 9040 578 92%
c u 109.38 30 21 106 57546  1 1697720 76670 2.9 31 11 1 2 39% 9040 578 92%
c v 109.38 30 21 106 57546  1 1697720 76670 2.9 31 11 1 2 39% 9040 578 92%
c w 109.38 30 21 106 57546  1 1697720 76670 2.9 31 11 1 2 39% 9040 578 92%
c W 111.17 30 21 106 57547  1 1711097 88901 3.0 31 11 1 2 39% 9040 578 92%
c - 113.08 35 21 107 57547  1 1730294 76250 3.1 32 10 1 2 40% 9040 578 92%
c 
c  seconds    reductions     conflicts         size   tier2     variables
c          MB       restarts        redundant     glue   trail      remaining
c           level         rate           size/glue  tier1 irredundant
c 
c u 113.12 35 21 107 57547  1 1730294 76245 3.1 32 10 1 2 40% 9040 578 92%
c v 113.12 35 21 107 57547  1 1730294 76244 3.1 32 10 1 2 40% 9040 578 92%
c w 113.12 35 21 107 57547  1 1730294 76244 3.1 32 10 1 2 40% 9040 578 92%
c ] 115.51 35 20 107 57548  1 1752004 95475 3.3 33 10 1 2 41% 9040 578 92%
c { 115.51 35 23 107 57548  2 1752004 95475 3.8 35 9 1 2 46% 9040 578 92%
c - 117.47 41 23 108 58110  2 1763180 77668 4.0 36 9 1 2 47% 9040 578 92%
c u 117.53 41 23 108 58110  2 1763180 77652 4.0 36 9 1 2 47% 9040 578 92%
c v 117.53 41 23 108 58110  2 1763180 77652 4.0 36 9 1 2 47% 9040 578 92%
c w 117.53 41 23 108 58110  2 1763180 77652 4.0 36 9 1 2 47% 9040 578 92%
c W 118.90 41 23 108 58509  2 1770099 84240 4.1 36 9 1 2 48% 9040 578 92%
