c --- [ banner ] -------------------------------------------------------------
c 
c CaDiCaL SAT Solver
c Copyright (c) 2016-2026
c A. Biere, M. Fleury, N. Froleyks, K. Fazekas, F. Pollitt, T. Faller
c JKU Linz, University of Freiburg, TU Wien
c 
c Version 3.0.1 c60730422e758ef1cebe7aeddf2dda31c996bf04
c g++ (Ubuntu 15.2.0-16ubuntu1) 15.2.0 -Wall -Wextra -O3 -DNDEBUG
c Mon Oct 5 15:05:45 CEST 2026 Linux rene 6.18.33.2-microsoft-standard-WSL2 x86_64
c 
c --- [ parsing input ] ------------------------------------------------------
c 
c reading DIMACS file from 'DELTA_TARGET.cnf'
c opening file to read 'DELTA_TARGET.cnf'
c found 'p cnf 625 9216' header
c parsed 9216 clauses in 0.00 seconds process time
c 
c --- [ options ] ------------------------------------------------------------
c 
c all options are set to their default value
c 
c --- [ solving ] ------------------------------------------------------------
c 
c time measured in process time since initialization
c 
c  seconds  reduction conflicts       size tier2     variables
c         MB    restarts   redundant    glue  trail      remaining
c          level     rate       size/glu tier1 irredundant
c 
c *  0.00  6  0 0   0  0    0    0 0.0 0 0 2 6  0% 9216 625 100%
c )  0.00  7  0 0   0  0    0    0 0.0 0 0 2 6  0% 9216 625 100%
c {  0.00  7  0 0   0  0    0    0 0.0 0 0 2 6  0% 9216 625 100%
c -  0.02  7 20 1   0  1  301  178 27.2 41 2 2 6 100% 9216 625 100%
c -  0.05  8 22 2 109  2  734  265 2.5 31 12 2 6 84% 9216 625 100%
c }  0.07  8 21 2 197  2 1001  281 1.9 28 15 2 6 82% 9216 625 100%
c [  0.07  8  0 2 197  0 1001  281 0.0 0 0 2 6  0% 9216 625 100%
c O  0.07  8 24 2 197 25 1002  282 24.0 48 2 2 6 100% 9216 625 100%
c -  0.08  8 21 3 197  1 1411  507 8.8 29 3 2 6 72% 9216 625 100%
c =  0.10  8 21 3 197  1 1574  600 8.5 29 3 2 6 71% 9216 622 100%
c u  0.10  8 21 3 197  1 1574  598 8.5 29 3 2 6 71% 9216 622 100%
c v  0.10  8 21 3 197  1 1574  592 8.5 29 3 2 6 71% 9216 622 100%
c -  0.11  9 29 4 197  1 2350  826 3.4 20 6 2 6 37% 9216 622 100%
c I  0.13  9 28 4 198  1 3003 1264 3.5 22 6 2 6 44% 9216 622 100%
c ]  0.15  9 27 4 198  1 3467 1554 3.3 24 7 2 6 47% 9216 622 100%
c {  0.15  9 21 4 198  2 3467 1554 1.9 28 15 2 6 82% 9216 622 100%
c -  0.16  9 21 5 231  2 3563 1123 1.7 27 15 2 6 81% 9216 622 100%
c =  0.20  9 21 5 401  1 4076 1239 1.5 25 17 2 6 79% 9216 618 99%
c u  0.20  9 21 5 401  1 4076 1238 1.5 25 17 2 6 79% 9216 618 99%
c v  0.20  9 21 5 401  1 4076 1231 1.5 25 17 2 6 79% 9216 618 99%
c 
c  seconds  reduction conflicts       size   tier2     variables
c         MB    restarts   redundant     glue   trail      remaining
c          level     rate       size/glue  tier1 irredundant
c 
c w  0.20  9 21 5 401  1 4076 1205 1.5 25 17 2 6 79% 9216 618 99%
c -  0.26  9 20 6 503  1 5055 1245 1.3 23 18 19 20 77% 9216 618 99%
c O  0.32  9 20 6 533  1 6004 1336 1.2 22 18 19 20 76% 9216 618 99%
c =  0.38  9 20 6 632  1 6679 1429 1.2 22 18 19 20 76% 9216 613 98%
c u  0.38  9 20 6 632  1 6679 1427 1.2 22 18 19 20 76% 9216 613 98%
c v  0.38  9 20 6 632  1 6679 1425 1.2 22 18 19 20 76% 9216 613 98%
c w  0.38  9 20 6 632  1 6679 1425 1.2 22 18 19 20 76% 9216 613 98%
c -  0.39  9 20 7 632  1 6832 1362 1.2 22 18 19 20 75% 9209 613 98%
c }  0.40  9 20 7 632  1 6969 1408 1.2 22 18 19 20 74% 9209 613 98%
c [  0.40  9 27 7 632  1 6969 1408 3.3 24 7 2 6 47% 9209 613 98%
c s  0.43  9 29 7 633  1 7765 1758 3.0 23 8 5 9 44% 9209 613 98%
c e  0.43  9 29 7 633  1 7765 1451 3.0 23 8 5 9 44% 9193 609 97%
c s  0.44  9 29 7 633  1 7765 1307 3.0 23 8 5 9 44% 9183 609 97%
c e  0.44  9 29 7 633  1 7765 1283 3.0 23 8 5 9 44% 9180 606 97%
c -  0.47  9 28 8 633  1 8901 2006 3.5 25 7 5 9 48% 9180 606 97%
c =  0.49  9 27 8 633  1 9376 2339 3.7 27 7 5 9 50% 9180 601 96%
c B  0.51  9 27 8 634  1 10005 2764 3.4 27 8 5 9 48% 9180 601 96%
c -  0.55 10 26 9 635  1 11260 3634 3.2 28 9 5 9 50% 9180 601 96%
c =  0.60 10 25 9 635  1 12162 4231 3.0 28 9 5 9 52% 9180 600 96%
c u  0.60 10 25 9 635  1 12162 4228 3.0 28 9 5 9 52% 9180 600 96%
c 
c  seconds  reductions conflicts       size  tier2     variables
c         MB    restarts    redundant     glue  trail      remaining
c          level     rate        size/glue tier1 irredundant
c 
c v  0.61 10 25 9 635  1 12162 4228 3.0 28 9 5 9 52% 9180 600 96%
c w  0.61 10 25 9 635  1 12162 4167 3.0 28 9 5 9 52% 9180 600 96%
c ]  0.66 10 24 9 636  1 13056 4868 2.9 29 10 5 9 56% 9180 600 96%
c {  0.66 10 20 9 636  1 13056 4868 1.2 22 18 19 20 74% 9180 600 96%
c -  0.66 10 23 10 636  1 13912 5396 1.3 21 17 19 20 68% 9180 600 96%
c #  0.67 10 26 10 636  1 15006 6231 1.4 21 15 19 20 63% 9180 600 96%
c -  0.73 11 25 11 636  1 16861 7455 1.9 24 13 19 20 62% 9180 600 96%
c u  0.76 11 25 11 636  1 17972 8195 2.0 25 12 19 20 60% 9180 600 96%
c v  0.76 11 25 11 636  1 17972 8195 2.0 25 12 19 20 60% 9180 600 96%
c w  0.76 11 25 11 636  1 17972 8190 2.0 25 12 19 20 60% 9180 600 96%
c -  0.83 11 24 12 655  1 20107 9488 2.2 27 12 19 20 59% 9180 600 96%
c =  0.87 11 24 12 660  1 20983 10034 2.2 27 12 19 20 59% 9180 598 96%
c B  0.87 11 24 12 667  1 21008 10047 2.2 27 12 19 20 59% 9180 598 96%
c s  1.01 11 23 12 1478  1 23451 9851 1.9 26 14 5 19 58% 9132 598 96%
c s  1.04 11 23 12 1478  1 23451 9829 1.9 26 14 5 19 58% 9132 598 96%
c ^  1.04 11 23 12 1478  1 23451 9829 1.9 26 14 5 19 58% 9132 598 96%
c -  1.05 10 23 13 1545  1 23652 7076 1.9 26 14 5 19 58% 9132 598 96%
c =  1.08 12 22 13 1681  1 24060 7079 1.9 26 14 5 19 58% 9132 595 95%
c u  1.08 12 22 13 1681  1 24060 7052 1.9 26 14 5 19 58% 9132 595 95%
c v  1.09 12 22 13 1681  1 24060 7048 1.9 26 14 5 19 58% 9132 595 95%
c 
c  seconds  reductions   conflicts       size   tier2      variables
c         MB     restarts     redundant     glue    trail      remaining
c          level       rate        size/glue  tier1  irredundant
c 
c w  1.09 12 22 13 1681  1 24060 7045 1.9 26 14 5 19 58% 9132 595 95%
c }  1.17 12 22 13 2117  1 25777 7251 1.7 25 14 5 19 59% 9112 595 95%
c [  1.17 12 24 13 2117  1 25777 7251 2.9 29 10 5 9 56% 9112 595 95%
c -  1.19 12 28 14 2117  1 27497 6791 2.7 27 10 5 9 51% 9112 595 95%
c u  1.20 12 28 14 2117  1 27497 6791 2.7 27 10 5 9 51% 9112 595 95%
c v  1.21 12 28 14 2117  1 27497 6791 2.7 27 10 5 9 51% 9112 595 95%
c w  1.21 12 28 14 2117  1 27497 6791 2.7 27 10 5 9 51% 9112 595 95%
c W  1.25 12 28 14 2118  1 28011 7072 2.6 27 10 5 9 51% 9112 595 95%
c -  1.30 12 28 15 2118  1 31643 8475 2.5 26 10 5 9 47% 9112 595 95%
c O  1.38 12 28 15 2120  1 36014 11073 2.3 25 11 5 9 43% 9112 595 95%
c -  1.38 12 28 16 2120  1 36092 10062 2.3 25 11 5 9 43% 9112 595 95%
c =  1.38 12 28 16 2120  1 36092 10062 2.3 25 11 5 9 43% 9112 594 95%
c u  1.39 12 28 16 2120  1 36092 10062 2.3 25 11 5 9 43% 9112 594 95%
c v  1.39 12 28 16 2120  1 36092 10060 2.3 25 11 5 9 43% 9112 594 95%
c w  1.39 12 28 16 2120  1 36092 10060 2.3 25 11 5 9 43% 9112 594 95%
c -  1.46 14 28 17 2123  1 40841 11203 2.2 25 11 8 17 40% 9112 594 95%
c B  1.52 14 27 17 2125  1 45015 14012 2.3 25 11 8 17 39% 9112 594 95%
c -  1.54 14 28 18 2125  1 45893 12904 2.3 25 11 8 17 39% 9112 594 95%
c s  1.58 14 28 18 2125  1 47049 13694 2.3 25 11 8 17 39% 9112 594 95%
c s  1.60 14 28 18 2125  1 47049 13692 2.3 25 11 8 17 39% 9112 594 95%
c 
c  seconds  reductions   conflicts        size   tier2      variables
c         MB     restarts      redundant     glue    trail      remaining
c          level       rate         size/glue  tier1  irredundant
c 
c ^  1.60 14 28 18 2125  1 47049 13692 2.3 25 11 8 17 39% 9112 594 95%
c ]  1.69 14 27 18 2125  1 48520 14016 2.2 25 11 8 17 41% 9112 594 95%
c {  1.69 14 22 18 2125  1 48520 14016 1.7 25 14 5 19 59% 9112 594 95%
c -  1.78 14 23 19 2251  1 51251 13472 1.8 26 14 5 19 57% 9112 594 95%
c u  1.80 14 23 19 2251  1 51251 13472 1.8 26 14 5 19 57% 9112 594 95%
c v  1.80 14 23 19 2251  1 51251 13472 1.8 26 14 5 19 57% 9112 594 95%
c w  1.80 14 23 19 2251  1 51251 13436 1.8 26 14 5 19 57% 9112 594 95%
c W  1.90 14 24 19 3110  1 55017 13825 1.6 27 17 5 19 51% 9112 594 95%
c -  1.95 12 24 20 3583  1 56910 11169 1.5 27 18 5 19 49% 9112 594 95%
c u  1.96 12 24 20 3583  1 56910 11169 1.5 27 18 5 19 49% 9112 594 95%
c v  1.96 12 24 20 3583  1 56910 11169 1.5 27 18 5 19 49% 9112 594 95%
c w  1.96 12 24 20 3583  1 56910 11153 1.5 27 18 5 19 49% 9112 594 95%
c -  2.07 11 25 21 5074  1 62874 8766 1.4 28 20 5 19 44% 9100 594 95%
c u  2.07 11 25 21 5074  1 62874 8765 1.4 28 20 5 19 44% 9100 594 95%
c v  2.07 11 25 21 5074  1 62874 8765 1.4 28 20 5 19 44% 9100 594 95%
c w  2.07 11 25 21 5074  1 62874 8763 1.4 28 20 5 19 44% 9100 594 95%
c F  2.13 11 25 21 5860  1 66019 8864 1.3 28 21 5 19 42% 9100 594 95%
c -  2.19 13 26 22 6641  1 69142 8023 1.3 28 22 5 19 40% 9100 594 95%
c u  2.20 13 26 22 6641  1 69142 8023 1.3 28 22 5 19 40% 9100 594 95%
c v  2.20 13 26 22 6641  1 69142 8023 1.3 28 22 5 19 40% 9100 594 95%
c 
c  seconds  reductions   conflicts       size   tier2      variables
c         MB     restarts     redundant     glue    trail      remaining
c          level       rate        size/glue  tier1  irredundant
c 
c w  2.20 13 26 22 6641  1 69142 8023 1.3 28 22 5 19 40% 9100 594 95%
c -  2.31 13 26 23 8282  1 75716 8022 1.2 28 23 8 29 37% 9100 594 95%
c u  2.32 13 26 23 8282  1 75716 8010 1.2 28 23 8 29 37% 9100 594 95%
c v  2.32 13 26 23 8282  1 75716 8010 1.2 28 23 8 29 37% 9100 594 95%
c w  2.32 13 26 23 8282  1 75716 7797 1.2 28 23 8 29 37% 9100 594 95%
c B  2.36 13 26 23 8858  1 78021 7871 1.2 28 23 8 29 37% 9100 594 95%
c s  2.39 13 26 23 8858  1 78565 7997 1.2 28 23 8 29 37% 9100 594 95%
c s  2.42 13 26 23 8858  1 78565 7676 1.2 28 23 8 29 37% 9100 594 95%
c ^  2.42 13 26 23 8858  1 78565 7676 1.2 28 23 8 29 37% 9100 594 95%
c -  2.47 13 27 24 8918  1 82595 10327 1.2 28 23 8 29 36% 9100 594 95%
c }  2.48 13 27 24 8918  1 83124 10709 1.2 28 22 8 29 36% 9100 594 95%
c [  2.48 13 27 24 8918  1 83124 10709 2.2 25 11 8 17 41% 9100 594 95%
c -  2.64 15 27 25 8919  1 89780 14881 2.1 25 12 8 17 40% 9100 594 95%
c u  2.65 12 27 25 8919  1 89780 14878 2.1 25 12 8 17 40% 9100 594 95%
c v  2.65 12 27 25 8919  1 89780 14878 2.1 25 12 8 17 40% 9100 594 95%
c w  2.65 12 27 25 8919  1 89780 14858 2.1 25 12 8 17 40% 9100 594 95%
c W  2.70 12 27 25 8919  1 91023 15876 2.1 25 12 8 17 39% 9100 594 95%
c -  2.85 13 27 26 8922  1 97273 18644 2.1 25 12 8 17 39% 9100 594 95%
c u  2.86 15 27 26 8922  1 97273 18635 2.1 25 12 8 17 39% 9100 594 95%
c v  2.86 15 27 26 8922  1 97273 18635 2.1 25 12 8 17 39% 9100 594 95%
c 
c  seconds  reductions   conflicts        size   tier2      variables
c         MB     restarts      redundant     glue    trail      remaining
c          level       rate         size/glue  tier1  irredundant
c 
c w  2.86 15 27 26 8922  1 97273 18633 2.1 25 12 8 17 39% 9100 594 95%
c I  3.02 15 27 26 8926  1 105024 23738 2.1 25 12 8 17 38% 9100 594 95%
c -  3.02 15 27 27 8926  1 105071 21228 2.1 25 12 8 17 38% 9100 594 95%
c ]  3.26 15 27 27 8928  1 111954 25581 2.2 26 12 8 17 38% 9100 594 95%
c {  3.26 15 27 27 8928  1 111954 25581 1.2 28 22 8 29 36% 9100 594 95%
c -  3.29 16 27 28 8928  1 113174 24088 1.2 28 22 8 29 36% 9100 594 95%
c u  3.30 16 27 28 8928  1 113174 24085 1.2 28 22 8 29 36% 9100 594 95%
c v  3.31 16 27 28 8928  1 113174 24084 1.2 28 22 8 29 36% 9100 594 95%
c w  3.31 16 27 28 8928  1 113174 24084 1.2 28 22 8 29 36% 9100 594 95%
c s  3.49 16 27 28 8928  1 117939 24975 1.3 27 21 8 29 35% 9092 594 95%
c e  3.49 16 27 28 8928  1 117939 24754 1.3 27 21 8 29 35% 9112 589 94%
c s  3.54 16 27 28 8928  1 117939 24496 1.3 27 21 8 29 35% 9112 589 94%
c ^  3.54 16 27 28 8928  1 117939 24496 1.3 27 21 8 29 35% 9112 589 94%
c W  3.60 16 27 28 8928  1 120027 26040 1.3 27 21 8 29 35% 9112 589 94%
c -  3.63 16 27 29 8928  1 121584 24704 1.3 27 21 8 29 35% 9112 589 94%
c u  3.64 16 27 29 8928  1 121584 24696 1.3 27 21 8 29 35% 9112 589 94%
c v  3.65 16 27 29 8928  1 121584 24696 1.3 27 21 8 29 35% 9112 589 94%
c w  3.65 16 27 29 8928  1 121584 24696 1.3 27 21 8 29 35% 9112 589 94%
c -  3.84 16 27 30 8986  1 130301 28562 1.4 26 19 8 29 35% 9112 589 94%
c #  3.91 16 27 30 8986  1 136028 33004 1.4 26 18 8 29 35% 9112 589 94%
c 
c  seconds  reductions   conflicts         size   tier2      variables
c         MB     restarts       redundant     glue    trail      remaining
c          level       rate          size/glue  tier1  irredundant
c 
c -  3.95 16 28 31 8988  1 139326 29489 1.4 25 18 5 26 34% 9112 589 94%
c u  3.97 18 28 31 8988  1 139326 29484 1.4 25 18 5 26 34% 9112 589 94%
c v  3.97 18 28 31 8988  1 139326 29484 1.4 25 18 5 26 34% 9112 589 94%
c w  3.97 18 28 31 8988  1 139326 29482 1.4 25 18 5 26 34% 9112 589 94%
c }  4.46 18 27 31 8988  1 148400 36517 1.6 27 17 5 26 37% 9112 589 94%
c [  4.46 18 27 31 8988  1 148400 36517 2.2 26 12 8 17 38% 9112 589 94%
c -  4.47 19 27 32 8988  1 148658 32515 2.2 26 12 8 17 38% 9112 589 94%
c u  4.49 19 27 32 8988  1 148658 32513 2.2 26 12 8 17 38% 9112 589 94%
c v  4.50 19 27 32 8988  1 148658 32513 2.2 26 12 8 17 38% 9112 589 94%
c w  4.50 19 27 32 8988  1 148658 32512 2.2 26 12 8 17 38% 9112 589 94%
c B  4.76 19 26 32 8991  1 153029 35448 2.2 26 12 8 17 40% 9112 589 94%
c -  4.90 19 27 33 8993  1 158299 34136 2.2 26 12 8 17 39% 9112 589 94%
c u  4.92 19 27 33 8993  1 158299 34120 2.2 26 12 8 17 39% 9112 589 94%
c v  4.92 19 27 33 8993  1 158299 34120 2.2 26 12 8 17 39% 9112 589 94%
c w  4.92 19 27 33 8993  1 158299 34120 2.2 26 12 8 17 39% 9112 589 94%
c s  5.20 20 27 33 8994  1 165358 38779 2.2 26 12 8 17 38% 9112 589 94%
c s  5.26 20 27 33 8994  1 165358 38124 2.2 26 12 8 17 38% 9112 589 94%
c ^  5.26 20 27 33 8994  1 165358 38124 2.2 26 12 8 17 38% 9112 589 94%
c -  5.32 19 27 34 8994  1 168245 34132 2.2 26 12 8 17 38% 9112 589 94%
c u  5.33 19 27 34 8994  1 168245 34104 2.2 26 12 8 17 38% 9112 589 94%
c 
c  seconds  reductions   conflicts         size   tier2      variables
c         MB     restarts       redundant     glue    trail      remaining
c          level       rate          size/glue  tier1  irredundant
c 
c v  5.33 19 27 34 8994  1 168245 34104 2.2 26 12 8 17 38% 9112 589 94%
c w  5.33 19 27 34 8994  1 168245 34104 2.2 26 12 8 17 38% 9112 589 94%
c W  5.43 19 27 34 8994  1 171032 36387 2.2 26 12 8 17 37% 9112 589 94%
c -  5.57 17 27 35 8995  1 178499 35486 2.1 26 12 8 17 36% 9112 589 94%
c ]  5.72 17 28 35 8995  1 184307 40020 2.1 26 12 8 17 35% 9112 589 94%
c {  5.72 17 27 35 8995  1 184307 40020 1.6 27 17 5 26 37% 9112 589 94%
c -  5.80 22 27 36 8995  1 189062 38774 1.6 26 17 5 26 36% 9112 589 94%
c u  5.81 22 27 36 8995  1 189062 38761 1.6 26 17 5 26 36% 9112 589 94%
c v  5.81 22 27 36 8995  1 189062 38761 1.6 26 17 5 26 36% 9112 589 94%
c w  5.81 22 27 36 8995  1 189062 38752 1.6 26 17 5 26 36% 9112 589 94%
c B  5.87 22 27 36 8995  1 190033 39374 1.6 26 17 5 26 36% 9112 589 94%
c -  6.45 22 26 37 9015  1 199932 40450 1.7 27 16 5 26 36% 9112 589 94%
c =  6.46 24 26 37 9015  1 199932 40450 1.7 27 16 5 26 36% 9112 588 94%
c u  6.48 24 26 37 9015  1 199932 40420 1.7 27 16 5 26 36% 9112 588 94%
c v  6.48 24 26 37 9015  1 199932 40420 1.7 27 16 5 26 36% 9112 588 94%
c w  6.49 24 26 37 9015  1 199932 40403 1.7 27 16 5 26 36% 9112 588 94%
c W  6.84 24 26 37 9030  1 210034 48138 1.8 27 15 3 17 36% 9112 588 94%
c -  6.88 19 26 38 9036  1 211112 33787 1.8 27 15 3 17 36% 9112 588 94%
c u  6.89 19 26 38 9036  1 211112 33672 1.8 27 15 3 17 36% 9112 588 94%
c v  6.89 19 26 38 9036  1 211112 33672 1.8 27 15 3 17 36% 9112 588 94%
c 
c  seconds  reductions   conflicts         size   tier2      variables
c         MB     restarts       redundant     glue    trail      remaining
c          level       rate          size/glue  tier1  irredundant
c 
c w  6.90 19 26 38 9036  1 211112 33671 1.8 27 15 3 17 36% 9112 588 94%
c s  7.16 20 27 38 9041  1 220678 41190 1.8 26 14 3 17 35% 9112 588 94%
c e  7.17 20 27 38 9041  1 220678 40845 1.8 26 14 3 17 35% 9128 587 94%
c s  7.19 20 27 38 9041  1 220678 40844 1.8 26 14 3 17 35% 9128 587 94%
c -  7.27 22 27 39 9043  1 222599 34074 1.8 26 14 3 17 35% 9128 587 94%
c u  7.28 22 27 39 9043  1 222599 34019 1.8 26 14 3 17 35% 9128 587 94%
c v  7.29 22 27 39 9043  1 222599 34019 1.8 26 14 3 17 35% 9128 587 94%
c w  7.29 22 27 39 9043  1 222599 34019 1.8 26 14 3 17 35% 9128 587 94%
c }  7.44 22 27 39 9043  1 226211 36788 1.9 26 14 3 17 36% 9128 587 94%
c [  7.44 22 28 39 9043  1 226211 36788 2.1 26 12 8 17 35% 9128 587 94%
c O  7.50 22 28 39 9043  1 231036 40288 2.2 25 12 8 17 35% 9128 587 94%
c -  7.70 26 27 40 9044  1 234396 35716 2.2 26 12 8 17 35% 9128 587 94%
c =  7.71 26 27 40 9044  1 234396 35716 2.2 26 12 8 17 35% 9128 586 94%
c u  7.72 26 27 40 9044  1 234396 35657 2.2 26 12 8 17 35% 9128 586 94%
c v  7.72 26 27 40 9044  1 234396 35657 2.2 26 12 8 17 35% 9128 586 94%
c w  7.73 26 27 40 9044  1 234396 35652 2.2 26 12 8 17 35% 9128 586 94%
c -  8.75 26 26 41 9051  1 246500 29484 1.9 25 13 8 17 40% 9128 586 94%
c u  8.77 26 26 41 9051  1 246500 29302 1.9 25 13 8 17 40% 9128 586 94%
c v  8.78 26 26 41 9051  1 246500 29298 1.9 25 13 8 17 40% 9128 586 94%
c w  8.79 26 26 41 9051  1 246500 29273 1.9 25 13 8 17 40% 9128 586 94%
c 
c  seconds  reductions   conflicts         size   tier2      variables
c         MB     restarts       redundant     glue    trail      remaining
c          level       rate          size/glue  tier1  irredundant
c 
c ]  9.13 26 25 41 9054  1 250980 29578 1.9 24 13 8 17 42% 9128 586 94%
c {  9.13 26 27 41 9054  1 250980 29578 1.9 26 14 3 17 36% 9128 586 94%
c F  9.19 26 27 41 9093  1 253037 30711 1.9 26 14 3 17 36% 9128 586 94%
c -  9.40 26 26 42 9324  1 258912 26251 1.9 26 14 3 17 36% 9128 586 94%
c u  9.42 26 26 42 9324  1 258912 26206 1.9 26 14 3 17 36% 9128 586 94%
c v  9.43 26 26 42 9324  1 258912 26206 1.9 26 14 3 17 36% 9128 586 94%
c w  9.43 26 26 42 9324  1 258912 26131 1.9 26 14 3 17 36% 9128 586 94%
c -  9.91 26 25 43 9325  1 271633 26687 2.0 26 13 2 14 36% 9128 586 94%
c u  9.92 26 25 43 9325  1 271633 26624 2.0 26 13 2 14 36% 9128 586 94%
c v  9.92 26 25 43 9325  1 271633 26600 2.0 26 13 2 14 36% 9128 586 94%
c w  9.92 26 25 43 9325  1 271633 26600 2.0 26 13 2 14 36% 9128 586 94%
c B 10.10 26 25 43 9325  1 276038 29949 2.0 27 13 2 14 37% 9128 586 94%
c s 10.55 26 25 43 9325  1 284021 34976 2.1 27 13 2 14 39% 9128 586 94%
c s 10.70 26 25 43 9325  1 284021 34961 2.1 27 13 2 14 39% 9128 586 94%
c - 10.74 26 25 44 9325  1 284662 30812 2.1 28 13 2 14 39% 9128 586 94%
c u 10.75 26 25 44 9325  1 284662 30687 2.1 28 13 2 14 39% 9128 586 94%
c v 10.76 26 25 44 9325  1 284662 30654 2.1 28 13 2 14 39% 9128 586 94%
c w 10.76 26 25 44 9325  1 284662 30654 2.1 28 13 2 14 39% 9128 586 94%
c } 11.60 26 24 44 12132  1 296027 33496 2.0 27 14 2 14 44% 9128 586 94%
c [ 11.60 26 25 44 12132  1 296027 33496 1.9 24 13 8 17 42% 9128 586 94%
c 
c  seconds  reductions    conflicts         size   tier2      variables
c         MB      restarts       redundant     glue    trail      remaining
c          level        rate          size/glue  tier1  irredundant
c 
c - 11.75 26 25 45 12134  1 298001 26022 1.8 24 13 8 17 43% 9128 586 94%
c = 11.78 26 25 45 12134  1 298001 26022 1.8 24 13 8 17 43% 9128 582 93%
c u 11.80 26 25 45 12134  1 298001 25645 1.8 24 13 8 17 43% 9128 582 93%
c v 11.81 26 25 45 12134  1 298001 25532 1.8 24 13 8 17 43% 9128 582 93%
c w 11.81 26 25 45 12134  1 298001 25532 1.8 24 13 8 17 43% 9128 582 93%
c B 11.98 26 25 45 12135  1 300040 25730 1.8 24 13 8 17 43% 9128 582 93%
c - 12.82 16 24 46 12136  1 311648 17509 1.7 23 14 8 17 46% 9128 582 93%
c u 12.84 16 24 46 12136  1 311648 17443 1.7 23 14 8 17 46% 9128 582 93%
c v 12.84 16 24 46 12136  1 311648 17259 1.7 23 14 8 17 46% 9128 582 93%
c w 12.85 16 24 46 12136  1 311648 16953 1.7 23 14 8 17 46% 9128 582 93%
c W 13.90 16 23 46 12144  1 325041 18172 1.6 23 15 8 17 49% 9128 582 93%
c - 13.94 17 23 47 12145  1 325604 15244 1.5 23 15 8 17 49% 9128 582 93%
c = 13.96 17 23 47 12145  1 325604 15244 1.5 23 15 8 17 49% 9128 580 93%
c u 13.97 17 23 47 12145  1 325604 15078 1.5 23 15 8 17 49% 9128 580 93%
c v 13.97 17 23 47 12145  1 325604 15046 1.5 23 15 8 17 49% 9128 580 93%
c w 13.98 17 23 47 12145  1 325604 14778 1.5 23 15 8 17 49% 9128 580 93%
c ] 14.14 17 22 47 12146  1 328074 14979 1.5 23 15 8 17 50% 9128 580 93%
c { 14.14 17 24 47 12146  1 328074 14979 2.0 27 14 2 14 44% 9128 580 93%
c - 14.50 17 24 48 12171  1 339869 14228 2.0 27 13 1 2 42% 9128 580 93%
c u 14.53 17 24 48 12171  1 339869 14190 2.0 27 13 1 2 42% 9128 580 93%
c 
c  seconds  reductions    conflicts         size   tier2     variables
c         MB      restarts       redundant     glue   trail      remaining
c          level        rate          size/glue  tier1 irredundant
c 
c W 14.82 17 24 48 12227  1 351042 23016 2.1 27 13 1 2 42% 9128 580 93%
c - 14.89 17 25 49 12250  1 354444 15795 2.1 27 13 1 2 42% 9128 580 93%
c u 14.90 17 25 49 12250  1 354444 15760 2.1 27 13 1 2 42% 9128 580 93%
c v 14.90 17 25 49 12250  1 354444 15637 2.1 27 13 1 2 42% 9128 580 93%
c w 14.90 17 25 49 12250  1 354444 15637 2.1 27 13 1 2 42% 9128 580 93%
c s 14.94 17 25 49 12250  1 355325 16323 2.1 26 13 1 2 41% 9128 580 93%
c s 14.94 17 25 49 12250  1 355325 16323 2.1 26 13 1 2 41% 9128 580 93%
c - 15.32 19 25 50 12383  1 369329 16819 2.2 27 12 1 2 41% 9128 580 93%
c u 15.34 19 25 50 12383  1 369329 16775 2.2 27 12 1 2 41% 9128 580 93%
c v 15.34 19 25 50 12383  1 369329 16733 2.2 27 12 1 2 41% 9128 580 93%
c w 15.34 19 25 50 12383  1 369329 16733 2.2 27 12 1 2 41% 9128 580 93%
c # 15.57 19 25 50 12413  1 378044 23500 2.3 26 12 1 2 41% 9128 580 93%
c - 15.73 19 25 51 12580  1 384522 17926 2.3 26 12 1 2 40% 9128 580 93%
c u 15.74 19 25 51 12580  1 384522 17838 2.3 26 12 1 2 40% 9128 580 93%
c v 15.74 19 25 51 12580  1 384522 17788 2.3 26 12 1 2 40% 9128 580 93%
c w 15.74 19 25 51 12580  1 384522 17788 2.3 26 12 1 2 40% 9128 580 93%
c - 16.72 19 24 52 14781  1 400025 16961 2.2 26 12 1 2 44% 9128 580 93%
c u 16.73 19 24 52 14781  1 400025 16901 2.2 26 12 1 2 44% 9128 580 93%
c w 16.73 19 24 52 14781  1 400025 16901 2.2 26 12 1 2 44% 9128 580 93%
c B 16.99 19 24 52 15680  1 406046 20723 2.2 27 12 1 2 44% 9128 580 93%
c 
c  seconds  reductions    conflicts         size   tier2     variables
c         MB      restarts       redundant     glue   trail      remaining
c          level        rate          size/glue  tier1 irredundant
c 
c } 17.20 19 24 52 15680  1 410505 24432 2.2 27 12 1 2 44% 9128 580 93%
c [ 17.20 19 22 52 15680  1 410505 24432 1.5 23 15 8 17 50% 9128 580 93%
c - 17.42 19 22 53 15684  1 415838 17483 1.6 23 15 8 17 49% 9128 580 93%
c u 17.45 19 22 53 15684  1 415838 17442 1.6 23 15 8 17 49% 9128 580 93%
c v 17.45 19 22 53 15684  1 415838 17406 1.6 23 15 8 17 49% 9128 580 93%
c - 18.59 19 21 54 15686  1 431961 16752 1.6 23 15 8 17 50% 9128 580 93%
c u 18.60 19 21 54 15686  1 431961 16658 1.6 23 15 8 17 50% 9128 580 93%
c v 18.60 19 21 54 15686  1 431961 16658 1.6 23 15 8 17 50% 9128 580 93%
c I 18.78 19 21 54 15686  1 435047 18342 1.6 23 15 8 17 50% 9128 580 93%
c - 19.31 19 22 55 15687  1 448391 17330 1.6 24 15 8 17 48% 9128 580 93%
c u 19.32 19 22 55 15687  1 448391 17290 1.6 24 15 8 17 48% 9128 580 93%
c v 19.33 19 22 55 15687  1 448391 17278 1.6 24 15 8 17 48% 9128 580 93%
c B 20.25 19 21 55 15687  1 465049 28605 1.7 25 14 1 2 50% 9128 580 93%
c - 20.26 19 21 56 15687  1 465132 17799 1.7 25 14 1 2 50% 9128 580 93%
c u 20.27 19 21 56 15687  1 465132 17702 1.7 25 14 1 2 50% 9128 580 93%
c v 20.28 19 21 56 15687  1 465132 17692 1.7 25 14 1 2 50% 9128 580 93%
c w 20.28 19 21 56 15687  1 465132 17692 1.7 25 14 1 2 50% 9128 580 93%
c ] 20.37 19 21 56 15687  1 466772 19105 1.8 25 14 1 2 50% 9128 580 93%
c { 20.37 19 24 56 15687  1 466772 19105 2.2 27 12 1 2 44% 9128 580 93%
c - 21.18 19 24 57 17117  1 482182 18417 2.2 27 12 1 2 45% 9128 580 93%
c 
c  seconds  reductions    conflicts         size   tier2     variables
c         MB      restarts       redundant     glue   trail      remaining
c          level        rate          size/glue  tier1 irredundant
c 
c u 21.22 19 24 57 17117  1 482182 18379 2.2 27 12 1 2 45% 9128 580 93%
c v 21.23 19 24 57 17117  1 482182 18343 2.2 27 12 1 2 45% 9128 580 93%
c w 21.23 19 24 57 17117  1 482182 18343 2.2 27 12 1 2 45% 9128 580 93%
c W 22.87 19 23 57 20585  1 496050 21357 2.1 27 13 1 2 48% 9128 580 93%
c - 22.92 19 23 58 20592  1 499541 17431 2.1 27 13 1 2 47% 9128 580 93%
c u 22.94 19 23 58 20592  1 499541 17346 2.1 27 13 1 2 47% 9128 580 93%
c w 22.94 19 23 58 20592  1 499541 17346 2.1 27 13 1 2 47% 9128 580 93%
c - 23.34 19 24 59 20596  1 517210 20177 2.2 26 12 1 2 45% 9128 580 93%
c u 23.34 19 24 59 20596  1 517210 20171 2.2 26 12 1 2 45% 9128 580 93%
c v 23.35 19 24 59 20596  1 517210 20170 2.2 26 12 1 2 45% 9128 580 93%
c w 23.35 19 24 59 20596  1 517210 20170 2.2 26 12 1 2 45% 9128 580 93%
c F 23.55 19 25 59 20635  1 528052 28821 2.2 26 12 1 2 44% 9128 580 93%
c - 23.82 19 25 60 21003  1 535190 21867 2.2 26 12 1 2 43% 9128 580 93%
c u 23.82 19 25 60 21003  1 535190 21832 2.2 26 12 1 2 43% 9128 580 93%
c v 23.83 19 25 60 21003  1 535190 21758 2.2 26 12 1 2 43% 9128 580 93%
c w 23.83 19 25 60 21003  1 535190 21758 2.2 26 12 1 2 43% 9128 580 93%
c } 24.29 19 24 60 22646  1 541761 23412 2.1 26 12 1 2 44% 9128 580 93%
c [ 24.29 19 21 60 22646  1 541761 23412 1.8 25 14 1 2 50% 9128 580 93%
c - 24.43 19 22 61 22646  1 553479 20730 1.8 25 14 1 2 47% 9128 580 93%
c u 24.44 19 22 61 22646  1 553479 20687 1.8 25 14 1 2 47% 9128 580 93%
c 
c  seconds  reductions    conflicts         size   tier2     variables
c         MB      restarts       redundant     glue   trail      remaining
c          level        rate          size/glue  tier1 irredundant
c 
c v 24.44 19 22 61 22646  1 553479 20606 1.8 25 14 1 2 47% 9128 580 93%
c W 24.72 19 22 61 22648  1 561054 26606 1.8 25 14 1 2 46% 9128 580 93%
c - 25.38 19 22 62 22653  1 572078 21586 2.0 26 13 1 2 48% 9128 580 93%
c u 25.42 19 22 62 22653  1 572078 21552 2.0 26 13 1 2 48% 9128 580 93%
c v 25.43 19 22 62 22653  1 572078 21545 2.0 26 13 1 2 48% 9128 580 93%
c - 25.98 20 23 63 22661  1 590986 22035 2.0 26 13 1 2 45% 9128 580 93%
c u 25.99 20 23 63 22661  1 590986 21978 2.0 26 13 1 2 45% 9128 580 93%
c v 26.00 20 23 63 22661  1 590986 21902 2.0 26 13 1 2 45% 9128 580 93%
c O 26.08 20 23 63 22661  1 595056 24936 2.0 26 13 1 2 44% 9128 580 93%
c - 27.05 20 23 64 22669  1 610204 22576 2.0 26 13 1 2 45% 9128 580 93%
c u 27.07 20 23 64 22669  1 610204 22559 2.0 26 13 1 2 45% 9128 580 93%
c v 27.07 20 23 64 22669  1 610204 22556 2.0 26 13 1 2 45% 9128 580 93%
c ] 28.18 20 22 64 22676  1 629252 36808 2.1 28 13 1 2 46% 9128 580 93%
c { 28.18 20 24 64 22676  1 629252 36808 2.1 26 12 1 2 44% 9128 580 93%
c - 28.24 20 24 65 22797  1 629733 23773 2.1 26 12 1 2 44% 9128 580 93%
c u 28.26 20 24 65 22797  1 629733 23753 2.1 26 12 1 2 44% 9128 580 93%
c v 28.27 20 24 65 22797  1 629733 23752 2.1 26 12 1 2 44% 9128 580 93%
c w 28.27 20 24 65 22797  1 629733 23752 2.1 26 12 1 2 44% 9128 580 93%
c B 28.30 20 24 65 22878  1 630058 23902 2.1 26 12 1 2 44% 9128 580 93%
c - 29.92 20 23 66 27742  1 649572 22258 1.9 25 13 1 2 46% 9128 580 93%
c 
c  seconds  reductions    conflicts         size   tier2     variables
c         MB      restarts       redundant     glue   trail      remaining
c          level        rate          size/glue  tier1 irredundant
c 
c u 29.95 20 23 66 27742  1 649572 22189 1.9 25 13 1 2 46% 9128 580 93%
c w 29.95 20 23 66 27742  1 649572 22189 1.9 25 13 1 2 46% 9128 580 93%
c W 31.23 20 22 66 30678  1 666061 29948 1.8 25 13 1 2 46% 9128 580 93%
c - 31.43 20 22 67 30678  1 669722 22640 1.9 25 13 1 2 46% 9128 580 93%
c u 31.45 20 22 67 30678  1 669722 22616 1.9 25 13 1 2 46% 9128 580 93%
c v 31.47 20 22 67 30678  1 669722 22611 1.9 25 13 1 2 46% 9128 580 93%
c w 31.47 20 22 67 30678  1 669722 22611 1.9 25 13 1 2 46% 9128 580 93%
c - 31.84 20 23 68 30811  1 690181 24533 2.0 25 13 1 2 42% 9128 580 93%
c u 31.86 20 23 68 30811  1 690181 24515 2.0 25 13 1 2 42% 9128 580 93%
c v 31.86 20 23 68 30811  1 690181 24514 2.0 25 13 1 2 42% 9128 580 93%
c # 32.47 20 23 68 31920  1 703062 33143 2.0 25 12 1 2 43% 9128 580 93%
c } 32.70 20 24 68 32513  1 710084 38090 2.0 25 12 1 2 43% 9128 580 93%
c [ 32.70 20 22 68 32513  1 710084 38090 2.1 28 13 1 2 46% 9128 580 93%
c - 32.73 20 23 69 32513  1 710951 25201 2.2 28 13 1 2 46% 9128 580 93%
c u 32.74 20 23 69 32513  1 710951 25115 2.2 28 13 1 2 46% 9128 580 93%
c v 32.74 20 23 69 32513  1 710951 25083 2.2 28 13 1 2 46% 9128 580 93%
c w 32.74 20 23 69 32513  1 710951 25083 2.2 28 13 1 2 46% 9128 580 93%
c - 33.42 20 23 70 32516  1 732030 26323 2.1 27 13 1 2 43% 9128 580 93%
c u 33.44 20 23 70 32516  1 732030 26315 2.1 27 13 1 2 43% 9128 580 93%
c v 33.44 20 23 70 32516  1 732030 26233 2.1 27 13 1 2 43% 9128 580 93%
c 
c  seconds  reductions    conflicts         size   tier2     variables
c         MB      restarts       redundant     glue   trail      remaining
c          level        rate          size/glue  tier1 irredundant
c 
c w 33.44 20 23 70 32516  1 732030 26231 2.1 27 13 1 2 43% 9128 580 93%
c B 33.74 20 23 70 32521  1 741064 33113 2.1 27 13 1 2 42% 9128 580 93%
c - 34.12 21 23 71 32528  1 753420 27879 2.1 27 13 1 2 40% 9128 580 93%
c u 34.13 21 23 71 32528  1 753420 27853 2.1 27 13 1 2 40% 9128 580 93%
c v 34.13 21 23 71 32528  1 753420 27725 2.1 27 13 1 2 40% 9128 580 93%
c w 34.13 21 23 71 32528  1 753420 27725 2.1 27 13 1 2 40% 9128 580 93%
c - 34.97 21 23 72 32535  1 775122 28757 2.2 27 12 1 2 40% 9128 580 93%
c u 34.98 21 23 72 32535  1 775122 28691 2.2 27 12 1 2 40% 9128 580 93%
c v 34.98 21 23 72 32535  1 775122 28585 2.2 27 12 1 2 40% 9128 580 93%
c w 34.98 21 23 72 32535  1 775122 28585 2.2 27 12 1 2 40% 9128 580 93%
c W 35.41 21 23 72 32536  1 780065 32625 2.2 28 12 1 2 41% 9128 580 93%
c - 36.40 21 23 73 32544  1 797133 29260 2.2 27 12 1 2 41% 9128 580 93%
c u 36.42 21 23 73 32544  1 797133 29245 2.2 27 12 1 2 41% 9128 580 93%
c v 36.42 21 23 73 32544  1 797133 29142 2.2 27 12 1 2 41% 9128 580 93%
c w 36.42 21 23 73 32544  1 797133 29142 2.2 27 12 1 2 41% 9128 580 93%
c - 37.20 22 23 74 32545  1 819454 31380 2.3 27 12 1 2 39% 9128 580 93%
c u 37.21 22 23 74 32545  1 819454 31317 2.3 27 12 1 2 39% 9128 580 93%
c v 37.21 22 23 74 32545  1 819454 31163 2.3 27 12 1 2 39% 9128 580 93%
c w 37.21 22 23 74 32545  1 819454 31163 2.3 27 12 1 2 39% 9128 580 93%
c I 37.22 22 23 74 32545  1 820067 31626 2.3 27 12 1 2 39% 9128 580 93%
c 
c  seconds  reductions    conflicts         size   tier2     variables
c         MB      restarts       redundant     glue   trail      remaining
c          level        rate          size/glue  tier1 irredundant
c 
c ] 37.47 22 23 74 32546  1 832360 41011 2.2 26 12 1 2 37% 9128 580 93%
c { 37.47 22 24 74 32546  1 832360 41011 2.0 25 12 1 2 43% 9128 580 93%
c - 37.79 22 24 75 32638  1 842088 32693 2.1 25 12 1 2 42% 9128 580 93%
c u 37.82 22 24 75 32638  1 842088 32685 2.1 25 12 1 2 42% 9128 580 93%
c v 37.82 22 24 75 32638  1 842088 32613 2.1 25 12 1 2 42% 9128 580 93%
c B 38.56 22 24 75 32728  1 861068 48796 2.2 26 11 1 2 41% 9128 580 93%
c - 38.71 22 24 76 32738  1 865029 34990 2.3 26 11 1 2 41% 9128 580 93%
c u 38.73 22 24 76 32738  1 865029 34963 2.3 26 11 1 2 41% 9128 580 93%
c v 38.73 22 24 76 32738  1 865029 34874 2.3 26 11 1 2 41% 9128 580 93%
c w 38.73 22 24 76 32738  1 865029 34874 2.3 26 11 1 2 41% 9128 580 93%
c - 39.87 24 24 77 33050  1 888280 37496 2.5 27 11 1 2 41% 9128 580 93%
c u 39.88 24 24 77 33050  1 888280 37470 2.5 27 11 1 2 41% 9128 580 93%
c v 39.89 24 24 77 33050  1 888280 37362 2.5 27 11 1 2 41% 9128 580 93%
c w 39.89 24 24 77 33050  1 888280 37362 2.5 27 11 1 2 41% 9128 580 93%
c W 40.74 24 24 77 33076  1 903070 49133 2.6 27 10 1 2 41% 9128 580 93%
c - 41.39 28 24 78 33648  1 911842 39084 2.7 28 10 1 2 42% 9128 580 93%
c u 41.41 28 24 78 33648  1 911842 39029 2.7 28 10 1 2 42% 9128 580 93%
c v 41.41 28 24 78 33648  1 911842 38970 2.7 28 10 1 2 42% 9128 580 93%
c w 41.41 28 24 78 33648  1 911842 38970 2.7 28 10 1 2 42% 9128 580 93%
c } 43.01 28 24 78 34132  1 933990 58283 2.9 29 10 1 2 42% 9128 580 93%
c 
c  seconds  reductions    conflicts         size   tier2     variables
c         MB      restarts       redundant     glue   trail      remaining
c          level        rate          size/glue  tier1 irredundant
c 
c [ 43.01 28 23 78 34132  1 933990 58283 2.2 26 12 1 2 37% 9128 580 93%
c - 43.13 28 23 79 34132  1 935715 41302 2.2 26 12 1 2 37% 9128 580 93%
c u 43.16 28 23 79 34132  1 935715 41239 2.2 26 12 1 2 37% 9128 580 93%
c w 43.16 28 23 79 34132  1 935715 41237 2.2 26 12 1 2 37% 9128 580 93%
c B 43.69 28 23 79 34132  1 946071 49581 2.3 26 12 1 2 37% 9128 580 93%
c - 44.70 28 23 80 34133  1 959900 41954 2.4 27 11 1 2 38% 9128 580 93%
c u 44.72 28 23 80 34133  1 959900 41897 2.4 27 11 1 2 38% 9128 580 93%
c w 44.72 28 23 80 34133  1 959900 41897 2.4 27 11 1 2 38% 9128 580 93%
c - 45.97 28 23 81 34133  1 984395 41894 2.4 27 11 1 2 37% 9128 580 93%
c u 45.99 28 23 81 34133  1 984395 41870 2.4 27 11 1 2 37% 9080 580 93%
c v 45.99 28 23 81 34133  1 984395 41870 2.4 27 11 1 2 37% 9080 580 93%
c w 45.99 28 23 81 34133  1 984395 41869 2.4 27 11 1 2 37% 9080 580 93%
c s 46.11 28 23 81 34133  1 984395 40384 2.4 27 11 1 2 37% 9072 580 93%
c s 46.24 28 23 81 34133  1 984395 39148 2.4 27 11 1 2 37% 9072 580 93%
c W 46.55 28 23 81 34133  1 990072 43776 2.4 27 11 1 2 36% 9072 580 93%
c - 47.56 28 23 82 34133  1 1009200 41211 2.4 27 11 1 2 35% 9072 580 93%
c u 47.58 28 23 82 34133  1 1009200 41170 2.4 27 11 1 2 35% 9072 580 93%
c v 47.58 28 23 82 34133  1 1009200 41167 2.4 27 11 1 2 35% 9072 580 93%
c w 47.58 28 23 82 34133  1 1009200 41167 2.4 27 11 1 2 35% 9072 580 93%
c ] 48.84 28 22 82 34138  1 1032842 61234 2.5 27 11 1 2 35% 9072 580 93%
c 
c  seconds  reductions     conflicts         size   tier2     variables
c         MB      restarts        redundant     glue   trail      remaining
c          level        rate           size/glue  tier1 irredundant
c 
c { 48.84 28 24 82 34138  1 1032842 61234 2.9 29 10 1 2 42% 9072 580 93%
c - 48.93 28 24 83 34299  1 1034314 42908 2.9 29 10 1 2 42% 9072 580 93%
c u 48.98 28 24 83 34299  1 1034314 42874 2.9 29 10 1 2 42% 9072 580 93%
c v 48.99 28 24 83 34299  1 1034314 42832 2.9 29 10 1 2 42% 9072 580 93%
c w 48.99 28 24 83 34299  1 1034314 42832 2.9 29 10 1 2 42% 9072 580 93%
c F 49.04 28 24 83 34300  1 1035073 43525 2.9 29 10 1 2 42% 9072 580 93%
c - 50.78 28 24 84 34951  1 1059739 45616 3.1 30 9 1 2 43% 9072 580 93%
c u 50.81 28 24 84 34951  1 1059739 45578 3.1 30 9 1 2 43% 9072 580 93%
c v 50.81 28 24 84 34951  1 1059739 45578 3.1 30 9 1 2 43% 9072 580 93%
c B 52.83 28 24 84 35850  2 1081075 64771 3.4 31 9 1 2 44% 9072 580 93%
c - 53.32 28 24 85 36261  2 1085474 48285 3.4 31 9 1 2 44% 9072 580 93%
c u 53.35 28 24 85 36261  2 1085474 48255 3.4 31 9 1 2 44% 9072 580 93%
c v 53.35 28 24 85 36261  2 1085474 48255 3.4 31 9 1 2 44% 9072 580 93%
c w 53.35 28 24 85 36261  2 1085474 48255 3.4 31 9 1 2 44% 9072 580 93%
c } 55.23 28 24 85 38142  2 1108355 67528 3.4 31 9 1 2 44% 9072 580 93%
c [ 55.23 28 22 85 38142  1 1108355 67528 2.5 27 11 1 2 35% 9072 580 93%
c - 55.45 31 22 86 38143  1 1111521 49350 2.5 28 11 1 2 35% 9072 580 93%
c u 55.47 31 22 86 38143  1 1111521 49315 2.5 28 11 1 2 35% 9072 580 93%
c w 55.47 31 22 86 38143  1 1111521 49314 2.5 28 11 1 2 35% 9072 580 93%
c O 56.55 31 22 86 38151  1 1128076 63161 2.6 28 11 1 2 35% 9072 580 93%
c 
c  seconds  reductions     conflicts         size   tier2     variables
c         MB      restarts        redundant     glue   trail      remaining
c          level        rate           size/glue  tier1 irredundant
c 
c - 57.54 31 22 87 38153  1 1137879 49487 2.6 28 11 1 2 36% 9072 580 93%
c u 57.57 31 22 87 38153  1 1137879 49475 2.6 28 11 1 2 36% 9072 580 93%
c - 59.34 31 22 88 38167  1 1164546 49286 2.6 28 11 1 2 37% 9072 580 93%
c u 59.36 31 22 88 38167  1 1164546 49264 2.6 28 11 1 2 37% 9072 580 93%
c v 59.36 31 22 88 38167  1 1164546 49262 2.6 28 11 1 2 37% 9072 580 93%
c w 59.36 31 22 88 38167  1 1164546 49261 2.6 28 11 1 2 37% 9072 580 93%
c B 59.82 31 22 88 38168  1 1176077 58455 2.6 28 11 1 2 37% 9072 580 93%
c - 60.50 31 22 89 38169  1 1191524 51051 2.6 28 11 1 2 37% 9072 580 93%
c u 60.52 31 22 89 38169  1 1191524 51045 2.6 28 11 1 2 37% 9072 580 93%
c w 60.52 31 22 89 38169  1 1191524 51043 2.6 28 11 1 2 37% 9072 580 93%
c - 61.52 31 22 90 38183  1 1218813 52244 2.6 27 11 1 2 35% 9072 580 93%
c u 61.54 31 22 90 38183  1 1218813 52234 2.6 27 11 1 2 35% 9072 580 93%
c w 61.54 31 22 90 38183  1 1218813 52233 2.6 27 11 1 2 35% 9072 580 93%
c W 62.13 31 22 90 38183  1 1225079 57214 2.6 27 11 1 2 35% 9072 580 93%
c ] 62.18 31 22 90 38183  1 1225700 57763 2.6 27 11 1 2 35% 9072 580 93%
c { 62.18 31 24 90 38183  2 1225700 57763 3.4 31 9 1 2 44% 9072 580 93%
c - 64.33 32 24 91 39782  2 1246414 55417 3.5 32 9 1 2 44% 9072 580 93%
c u 64.36 32 24 91 39782  2 1246414 55382 3.5 32 9 1 2 44% 9072 580 93%
c v 64.36 32 24 91 39782  2 1246414 55248 3.5 32 9 1 2 44% 9072 580 93%
c w 64.36 32 24 91 39782  2 1246414 55248 3.5 32 9 1 2 44% 9072 580 93%
c 
c  seconds  reductions     conflicts         size  tier2     variables
c         MB      restarts        redundant     glue  trail      remaining
c          level        rate           size/glue tier1 irredundant
c 
c - 67.30 32 24 92 41510  2 1274324 58364 3.7 33 9 1 2 44% 9072 580 93%
c u 67.34 32 24 92 41510  2 1274324 58346 3.7 33 9 1 2 44% 9072 580 93%
c v 67.34 32 24 92 41510  2 1274324 58229 3.7 33 9 1 2 44% 9072 580 93%
c w 67.34 32 24 92 41510  2 1274324 58229 3.7 33 9 1 2 44% 9072 580 93%
c s 67.58 32 24 92 41510  2 1274324 56863 3.7 33 9 1 2 44% 9040 580 93%
c e 67.58 32 24 92 41510  2 1274324 56842 3.7 33 9 1 2 44% 9040 578 92%
c s 67.81 32 24 92 41510  2 1274324 55954 3.7 33 9 1 2 44% 9040 578 92%
c W 68.03 32 24 92 41594  2 1275080 56625 3.7 33 9 1 2 44% 9040 578 92%
c } 70.26 32 23 92 42915  2 1292834 72870 3.9 34 9 1 2 45% 9040 578 92%
c [ 70.26 32 22 92 42915  1 1292834 72870 2.6 27 11 1 2 35% 9040 578 92%
c - 71.17 32 22 93 42921  1 1302545 59406 2.6 28 11 1 2 35% 9040 578 92%
c u 71.21 32 22 93 42921  1 1302545 59362 2.6 28 11 1 2 35% 9040 578 92%
c v 71.23 32 22 93 42921  1 1302545 59152 2.6 28 11 1 2 35% 9040 578 92%
c w 71.23 32 22 93 42921  1 1302545 59152 2.6 28 11 1 2 35% 9040 578 92%
c I 73.65 32 21 93 42930  1 1326082 79194 2.8 29 11 1 2 38% 9040 578 92%
c - 74.05 32 21 94 42931  1 1331078 59773 2.8 29 11 1 2 38% 9040 578 92%
c u 74.08 32 21 94 42931  1 1331078 59749 2.8 29 11 1 2 38% 9040 578 92%
c v 74.08 32 21 94 42931  1 1331078 59716 2.8 29 11 1 2 38% 9040 578 92%
c w 74.09 32 21 94 42931  1 1331078 59714 2.8 29 11 1 2 38% 9040 578 92%
c - 75.51 32 21 95 42932  1 1359922 59064 2.8 29 10 1 2 36% 9040 578 92%
c 
c  seconds  reductions     conflicts         size   tier2     variables
c         MB      restarts        redundant     glue   trail      remaining
c          level        rate           size/glue  tier1 irredundant
c 
c u 75.54 32 21 95 42932  1 1359922 59050 2.8 29 10 1 2 36% 9040 578 92%
c v 75.54 32 21 95 42932  1 1359922 59049 2.8 29 10 1 2 36% 9040 578 92%
c w 75.54 32 21 95 42932  1 1359922 59049 2.8 29 10 1 2 36% 9040 578 92%
c s 76.34 32 21 95 42932  1 1369537 66419 2.8 29 10 1 2 37% 9040 578 92%
c s 76.58 32 21 95 42932  1 1369537 66099 2.8 29 10 1 2 37% 9040 578 92%
c B 77.19 32 21 95 42932  1 1378083 73239 2.9 29 10 1 2 37% 9040 578 92%
c - 77.98 32 21 96 42938  1 1389075 59940 2.9 29 10 1 2 37% 9040 578 92%
c u 78.01 32 21 96 42938  1 1389075 59935 2.9 29 10 1 2 37% 9040 578 92%
c ] 78.31 32 21 96 42939  1 1393440 63465 2.9 29 10 1 2 37% 9040 578 92%
c { 78.31 32 23 96 42939  2 1393440 63465 3.9 34 9 1 2 45% 9040 578 92%
c - 81.69 37 23 97 44940  2 1418540 63415 4.1 35 9 1 2 46% 9040 578 92%
c u 81.74 24 23 97 44940  2 1418540 63397 4.1 35 9 1 2 46% 9040 578 92%
c v 81.77 24 23 97 44940  2 1418540 63328 4.1 35 9 1 2 46% 9040 578 92%
c # 83.00 24 23 97 46497  2 1431085 74320 4.0 34 9 1 2 46% 9040 578 92%
c - 85.26 28 23 98 47685  2 1448316 65812 4.1 35 9 1 2 46% 9040 578 92%
c u 85.30 28 23 98 47685  2 1448316 65770 4.1 35 9 1 2 46% 9040 578 92%
c v 85.30 28 23 98 47685  2 1448316 65740 4.1 35 9 1 2 46% 9040 578 92%
c w 85.30 28 23 98 47685  2 1448316 65739 4.1 35 9 1 2 46% 9040 578 92%
c } 86.87 28 23 98 49932  2 1458444 73054 3.8 35 9 1 2 47% 9040 578 92%
c [ 86.87 28 21 98 49932  1 1458444 73054 2.9 29 10 1 2 37% 9040 578 92%
c 
c  seconds  reductions     conflicts         size   tier2     variables
c         MB      restarts        redundant     glue   trail      remaining
c          level        rate           size/glue  tier1 irredundant
c 
c - 87.99 28 22 99 49940  1 1478403 66418 2.9 29 10 1 2 36% 9040 578 92%
c u 88.02 28 22 99 49940  1 1478403 66403 2.9 29 10 1 2 36% 9040 578 92%
c v 88.03 28 22 99 49940  1 1478403 66400 2.9 29 10 1 2 36% 9040 578 92%
c w 88.03 28 22 99 49940  1 1478403 66400 2.9 29 10 1 2 36% 9040 578 92%
c W 88.76 28 22 99 49943  1 1485088 71768 2.9 29 10 1 2 36% 9040 578 92%
c - 90.34 26 22 100 49955  1 1508800 67152 2.8 29 10 1 2 35% 9040 578 92%
c u 90.36 26 22 100 49955  1 1508800 67146 2.8 29 10 1 2 35% 9040 578 92%
c v 90.36 26 22 100 49955  1 1508800 67146 2.8 29 10 1 2 35% 9040 578 92%
c w 90.37 26 22 100 49955  1 1508800 67145 2.8 29 10 1 2 35% 9040 578 92%
c - 93.15 31 22 101 49960  1 1539510 68634 2.9 29 10 1 2 37% 9040 578 92%
c u 93.19 31 22 101 49960  1 1539510 68618 2.9 29 10 1 2 37% 9040 578 92%
c v 93.19 31 22 101 49960  1 1539510 68600 2.9 29 10 1 2 37% 9040 578 92%
c w 93.19 31 22 101 49960  1 1539510 68600 2.9 29 10 1 2 37% 9040 578 92%
c O 93.25 31 22 101 49961  1 1540089 69092 2.9 29 10 1 2 37% 9040 578 92%
c ] 95.98 31 21 101 49971  1 1566853 91229 2.8 30 11 1 2 38% 9040 578 92%
c { 95.98 31 23 101 49971  2 1566853 91229 3.8 35 9 1 2 47% 9040 578 92%
c - 96.72 36 23 102 50711  2 1570530 69902 3.8 35 9 1 2 47% 9040 578 92%
c u 96.85 36 23 102 50711  2 1570530 69891 3.8 35 9 1 2 47% 9040 578 92%
c v 96.85 36 23 102 50711  2 1570530 69891 3.8 35 9 1 2 47% 9040 578 92%
c w 96.85 36 23 102 50711  2 1570530 69891 3.8 35 9 1 2 47% 9040 578 92%
c 
c  seconds   reductions     conflicts         size  tier2     variables
c         MB       restarts        redundant     glue  trail      remaining
c          level         rate           size/glue tier1 irredundant
c 
c B 98.95 36 23 102 52760  2 1596091 90354 3.6 34 9 1 2 46% 9040 578 92%
c - 99.37 36 23 103 52771  2 1601862 72483 3.7 34 9 1 2 46% 9040 578 92%
c u 99.40 36 23 103 52771  2 1601862 72470 3.7 34 9 1 2 46% 9040 578 92%
c v 99.40 36 23 103 52771  2 1601862 72470 3.7 34 9 1 2 46% 9040 578 92%
c w 99.40 36 23 103 52771  2 1601862 72470 3.7 34 9 1 2 46% 9040 578 92%
c - 103.18 36 23 104 55591  2 1633503 76098 3.8 34 9 1 2 46% 9040 578 92%
c u 103.23 36 23 104 55591  2 1633503 76083 3.8 34 9 1 2 46% 9040 578 92%
c v 103.24 36 23 104 55591  2 1633503 75979 3.8 34 9 1 2 46% 9040 578 92%
c w 103.24 36 23 104 55591  2 1633503 75979 3.8 34 9 1 2 46% 9040 578 92%
c } 105.80 36 23 104 57530  2 1652814 93660 3.8 35 9 1 2 46% 9040 578 92%
c [ 105.80 36 21 104 57530  1 1652814 93660 2.8 30 11 1 2 38% 9040 578 92%
c B 105.82 36 21 104 57530  1 1653095 93893 2.8 30 11 1 2 38% 9040 578 92%
c - 107.26 36 21 105 57537  1 1665456 77241 2.8 30 11 1 2 39% 9040 578 92%
c u 107.30 36 21 105 57537  1 1665456 77234 2.8 30 11 1 2 39% 9040 578 92%
c - 110.03 36 21 106 57546  1 1697720 76687 2.9 31 11 1 2 39% 9040 578 92%
c u 110.07 36 21 106 57546  1 1697720 76670 2.9 31 11 1 2 39% 9040 578 92%
c v 110.07 36 21 106 57546  1 1697720 76670 2.9 31 11 1 2 39% 9040 578 92%
c w 110.07 36 21 106 57546  1 1697720 76670 2.9 31 11 1 2 39% 9040 578 92%
c W 111.85 36 21 106 57547  1 1711097 88901 3.0 31 11 1 2 39% 9040 578 92%
c - 113.75 36 21 107 57547  1 1730294 76250 3.1 32 10 1 2 40% 9040 578 92%
c 
c  seconds    reductions     conflicts         size   tier2     variables
c          MB       restarts        redundant     glue   trail      remaining
c           level         rate           size/glue  tier1 irredundant
c 
c u 113.80 36 21 107 57547  1 1730294 76245 3.1 32 10 1 2 40% 9040 578 92%
c v 113.80 36 21 107 57547  1 1730294 76244 3.1 32 10 1 2 40% 9040 578 92%
c w 113.80 36 21 107 57547  1 1730294 76244 3.1 32 10 1 2 40% 9040 578 92%
c ] 116.17 36 20 107 57548  1 1752004 95475 3.3 33 10 1 2 41% 9040 578 92%
c { 116.17 36 23 107 57548  2 1752004 95475 3.8 35 9 1 2 46% 9040 578 92%
c - 118.14 42 23 108 58110  2 1763180 77668 4.0 36 9 1 2 47% 9040 578 92%
c u 118.19 29 23 108 58110  2 1763180 77652 4.0 36 9 1 2 47% 9040 578 92%
c v 118.19 29 23 108 58110  2 1763180 77652 4.0 36 9 1 2 47% 9040 578 92%
c w 118.20 29 23 108 58110  2 1763180 77652 4.0 36 9 1 2 47% 9040 578 92%
c W 119.57 29 23 108 58509  2 1770099 84240 4.1 36 9 1 2 48% 9040 578 92%
c } 119.95 29 23 108 59249  2 1773123 86782 4.0 36 9 1 2 47% 9040 578 92%
c ? 119.95 29 23 108 59249  2 1773123 86782 4.0 36 9 1 2 47% 9040 578 92%
c 
c --- [ result ] -------------------------------------------------------------
c 
c UNKNOWN
c 
c --- [ run-time profiling ] -------------------------------------------------
c 
c process time taken by individual solving procedures
c (percentage relative to process time for solving)
c 
c       115.49   96.28% search
c        57.41   47.86% unstable
c        55.14   45.97% stable
c         4.46    3.72% simplify
c         2.94    2.45% walk
c         2.00    1.67% vivify
c         1.89    1.57% subsume
c         0.43    0.36% sweep
c         0.04    0.03% ternary
c         0.03    0.03% elim
c         0.03    0.03% congruence
c         0.01    0.01% probe
c         0.00    0.00% backbone
c         0.00    0.00% parse
c         0.00    0.00% lucky
c   =================================
c       119.95  100.00% solve
c 
c last line shows process time for solving
c (percentage relative to total process time)
c 
c --- [ statistics ] ---------------------------------------------------------
c 
c chronological:             92210         5.20 %  of conflicts
c conflicts:               1773123     14781.95    per second
c backbone:                 365232     58437.12 %  of vars
c decisions:               2256150     18808.79    per second
c eliminated:                   15         2.40 %  of all variables
c learned:                 1625666        91.68 %  per conflict
c learned_lits:           55792061       100.00 %  learned literals
c minimized:                     0         0.00 %  learned literals
c shrunken:                4173743         7.48 %  learned literals
c minishrunken:            4072163         7.30 %  learned literals
c otfs:                     138238         7.80 %  of conflict
c propagations:          198715003         1.66 M  per second
c reduced:                 1203525        67.88 %  per conflict
c rephased:                     59     30052.93    interval
c restarts:                  59249        29.93    interval
c stabilizing:                  15        50.55 %  of conflicts
c substituted:                  32         5.12 %  of all variables
c sweep equivs:                 32         2.29 %  of swept variables
c subsumed:                 334199        20.36 %  of all clauses
c strengthened:             177417        10.81 %  of all clauses
c ticks:                8411484599        43.05    propagation
c vivified:                   8458         0.52 %  of all clauses
c walked:                       19     93322.26    interval
c weakened:                    144         2.89    average size
c congruence:                   13    136394.08    interval
c 
c seconds are measured in process time for solving
c 
c --- [ glue usage ] ---------------------------------------------------------
c 
c focused glue 1 used 11077464 clauses 88.33% accumulated 88.33% tier1
c focused glue 2 used 278683 clauses 2.222% accumulated 90.55% tier2
c 
c stable glue 1 used 12281419 clauses 83.29% accumulated 83.29% tier1
c stable glue 2 used 469930 clauses 3.187% accumulated 86.48% tier2
c 
c 
c --- [ resources ] ----------------------------------------------------------
c 
c total process time since initialization:       119.95    seconds
c total real time since initialization:          120.02    seconds
c maximum resident set size of process:           41.40    MB
c 
c --- [ shutting down ] ------------------------------------------------------
c 
c exit 0
c raising signal 2 (SIGINT)
Command terminated by signal 2
	Command being timed: "/home/rene/delta_sat_lab/cadical/build/cadical DELTA_TARGET.cnf"
	User time (seconds): 119.88
	System time (seconds): 0.07
	Percent of CPU this job got: 99%
	Elapsed (wall clock) time (h:mm:ss or m:ss): 2:00.02
	Average shared text size (kbytes): 0
	Average unshared data size (kbytes): 0
	Average stack size (kbytes): 0
	Average total size (kbytes): 0
	Maximum resident set size (kbytes): 42396
	Average resident set size (kbytes): 0
	Major (requiring I/O) page faults: 0
	Minor (reclaiming a frame) page faults: 36123
	Voluntary context switches: 0
	Involuntary context switches: 402
	Swaps: 0
	File system inputs: 0
	File system outputs: 120
	Socket messages sent: 0
	Socket messages received: 0
	Signals delivered: 0
	Page size (bytes): 4096
	Exit status: 0
