====================================================================
 DELTA QPU ABLATION — MODE=ON
====================================================================
TARGET_SHA256=6be9bfe6b44454a061a2e93350f589643f8a16f5bca6babdaa50a2d3d7069361
VARIABLES=625
CLAUSES=9216
WORKERS=32
CUBES=256
BRANCH_VARIABLES=53,54,55,56,57,58,59,60
QPU_LOGICAL_SCHEDULER=ACTIVE
MODE=ON CUBE=016 RESULT=UNSAT SECONDS=27.511162 COMPLETED=1/256
MODE=ON CUBE=012 RESULT=UNSAT SECONDS=27.661849 COMPLETED=2/256
MODE=ON CUBE=024 RESULT=UNSAT SECONDS=29.554884 COMPLETED=3/256
MODE=ON CUBE=003 RESULT=UNSAT SECONDS=29.906209 COMPLETED=4/256
MODE=ON CUBE=022 RESULT=UNSAT SECONDS=30.517859 COMPLETED=5/256
MODE=ON CUBE=002 RESULT=UNSAT SECONDS=30.642876 COMPLETED=6/256
MODE=ON CUBE=029 RESULT=UNSAT SECONDS=31.141653 COMPLETED=7/256
MODE=ON CUBE=010 RESULT=UNSAT SECONDS=31.432742 COMPLETED=8/256
MODE=ON CUBE=028 RESULT=UNSAT SECONDS=31.595016 COMPLETED=9/256
MODE=ON CUBE=026 RESULT=UNSAT SECONDS=31.646862 COMPLETED=10/256
MODE=ON CUBE=005 RESULT=UNSAT SECONDS=31.866300 COMPLETED=11/256
MODE=ON CUBE=013 RESULT=UNSAT SECONDS=32.015945 COMPLETED=12/256
MODE=ON CUBE=014 RESULT=UNSAT SECONDS=32.384650 COMPLETED=13/256
MODE=ON CUBE=004 RESULT=UNSAT SECONDS=32.691563 COMPLETED=14/256
MODE=ON CUBE=019 RESULT=UNSAT SECONDS=32.901837 COMPLETED=15/256
MODE=ON CUBE=030 RESULT=UNSAT SECONDS=33.657724 COMPLETED=16/256
MODE=ON CUBE=001 RESULT=UNSAT SECONDS=33.851365 COMPLETED=17/256
MODE=ON CUBE=008 RESULT=UNSAT SECONDS=35.034561 COMPLETED=18/256
MODE=ON CUBE=007 RESULT=UNSAT SECONDS=35.382389 COMPLETED=19/256
MODE=ON CUBE=018 RESULT=UNSAT SECONDS=36.146319 COMPLETED=20/256
MODE=ON CUBE=015 RESULT=UNSAT SECONDS=36.978931 COMPLETED=21/256
MODE=ON CUBE=027 RESULT=UNSAT SECONDS=37.010333 COMPLETED=22/256
MODE=ON CUBE=023 RESULT=UNSAT SECONDS=38.234339 COMPLETED=23/256
MODE=ON CUBE=017 RESULT=UNSAT SECONDS=38.266570 COMPLETED=24/256
MODE=ON CUBE=021 RESULT=UNSAT SECONDS=40.131798 COMPLETED=25/256
MODE=ON CUBE=011 RESULT=UNSAT SECONDS=40.546765 COMPLETED=26/256
MODE=ON CUBE=025 RESULT=UNSAT SECONDS=41.216504 COMPLETED=27/256
MODE=ON CUBE=009 RESULT=UNSAT SECONDS=42.451596 COMPLETED=28/256
MODE=ON CUBE=000 RESULT=UNSAT SECONDS=42.707719 COMPLETED=29/256
MODE=ON CUBE=006 RESULT=UNSAT SECONDS=42.994509 COMPLETED=30/256
MODE=ON CUBE=031 RESULT=UNSAT SECONDS=44.410650 COMPLETED=31/256
MODE=ON CUBE=035 RESULT=UNSAT SECONDS=27.676575 COMPLETED=32/256
MODE=ON CUBE=045 RESULT=UNSAT SECONDS=25.801098 COMPLETED=33/256
MODE=ON CUBE=036 RESULT=UNSAT SECONDS=28.601363 COMPLETED=34/256
MODE=ON CUBE=032 RESULT=SAT SECONDS=33.566331 COMPLETED=35/256
MODEL_VALIDATION=PASSED

====================================================================
 MODE=ON RESULT
====================================================================
WALL_SECONDS=61.157995
CUBES_COMPLETED=35
CUBES_UNSAT=34
DELTA_RESULT=SAT
DELTA_PROOF_STATUS=MODEL_VALIDATED
SAT_CUBE=32
SAT_CUBE_LITERALS=-53 -54 -55 -56 -57 58 -59 -60
	Command being timed: "python ./delta_qpu_ablation.py ON"
	User time (seconds): 1187.69
	System time (seconds): 2.33
	Percent of CPU this job got: 1944%
	Elapsed (wall clock) time (h:mm:ss or m:ss): 1:01.21
	Average shared text size (kbytes): 0
	Average unshared data size (kbytes): 0
	Average stack size (kbytes): 0
	Average total size (kbytes): 0
	Maximum resident set size (kbytes): 38352
	Average resident set size (kbytes): 0
	Major (requiring I/O) page faults: 0
	Minor (reclaiming a frame) page faults: 580095
	Voluntary context switches: 21887
	Involuntary context switches: 22810
	Swaps: 0
	File system inputs: 0
	File system outputs: 0
	Socket messages sent: 0
	Socket messages received: 0
	Signals delivered: 0
	Page size (bytes): 4096
	Exit status: 0
