====================================================================
 DELTA QPU ABLATION — MODE=OFF
====================================================================
TARGET_SHA256=6be9bfe6b44454a061a2e93350f589643f8a16f5bca6babdaa50a2d3d7069361
VARIABLES=625
CLAUSES=9216
WORKERS=32
CUBES=256
BRANCH_VARIABLES=1,2,3,4,5,6,7,8
QPU_LOGICAL_SCHEDULER=DISABLED
MODE=OFF CUBE=006 RESULT=UNSAT SECONDS=0.007866 COMPLETED=1/256
MODE=OFF CUBE=000 RESULT=UNSAT SECONDS=0.007753 COMPLETED=2/256
MODE=OFF CUBE=017 RESULT=UNSAT SECONDS=0.007159 COMPLETED=3/256
MODE=OFF CUBE=025 RESULT=UNSAT SECONDS=0.005540 COMPLETED=4/256
MODE=OFF CUBE=012 RESULT=UNSAT SECONDS=0.008214 COMPLETED=5/256
MODE=OFF CUBE=005 RESULT=UNSAT SECONDS=0.008934 COMPLETED=6/256
MODE=OFF CUBE=020 RESULT=UNSAT SECONDS=0.006489 COMPLETED=7/256
MODE=OFF CUBE=008 RESULT=UNSAT SECONDS=0.008808 COMPLETED=8/256
MODE=OFF CUBE=002 RESULT=UNSAT SECONDS=0.008526 COMPLETED=9/256
MODE=OFF CUBE=004 RESULT=UNSAT SECONDS=0.008398 COMPLETED=10/256
MODE=OFF CUBE=031 RESULT=UNSAT SECONDS=0.005090 COMPLETED=11/256
MODE=OFF CUBE=003 RESULT=UNSAT SECONDS=0.009254 COMPLETED=12/256
MODE=OFF CUBE=014 RESULT=UNSAT SECONDS=0.007614 COMPLETED=13/256
MODE=OFF CUBE=010 RESULT=UNSAT SECONDS=0.008899 COMPLETED=14/256
MODE=OFF CUBE=019 RESULT=UNSAT SECONDS=0.007499 COMPLETED=15/256
MODE=OFF CUBE=011 RESULT=UNSAT SECONDS=0.008908 COMPLETED=16/256
MODE=OFF CUBE=022 RESULT=UNSAT SECONDS=0.006495 COMPLETED=17/256
MODE=OFF CUBE=024 RESULT=UNSAT SECONDS=0.005583 COMPLETED=18/256
MODE=OFF CUBE=001 RESULT=UNSAT SECONDS=0.008740 COMPLETED=19/256
MODE=OFF CUBE=016 RESULT=UNSAT SECONDS=0.008612 COMPLETED=20/256
MODE=OFF CUBE=026 RESULT=UNSAT SECONDS=0.007745 COMPLETED=21/256
MODE=OFF CUBE=027 RESULT=UNSAT SECONDS=0.006196 COMPLETED=22/256
MODE=OFF CUBE=013 RESULT=UNSAT SECONDS=0.008962 COMPLETED=23/256
MODE=OFF CUBE=023 RESULT=UNSAT SECONDS=0.006581 COMPLETED=24/256
MODE=OFF CUBE=030 RESULT=UNSAT SECONDS=0.007941 COMPLETED=25/256
MODE=OFF CUBE=029 RESULT=UNSAT SECONDS=0.008386 COMPLETED=26/256
MODE=OFF CUBE=021 RESULT=UNSAT SECONDS=0.006632 COMPLETED=27/256
MODE=OFF CUBE=015 RESULT=UNSAT SECONDS=0.008206 COMPLETED=28/256
MODE=OFF CUBE=033 RESULT=UNSAT SECONDS=0.004821 COMPLETED=29/256
MODE=OFF CUBE=034 RESULT=UNSAT SECONDS=0.004886 COMPLETED=30/256
MODE=OFF CUBE=032 RESULT=UNSAT SECONDS=0.005451 COMPLETED=31/256
MODE=OFF CUBE=037 RESULT=UNSAT SECONDS=0.005053 COMPLETED=32/256
MODE=OFF CUBE=039 RESULT=UNSAT SECONDS=0.005196 COMPLETED=33/256
MODE=OFF CUBE=046 RESULT=UNSAT SECONDS=0.004792 COMPLETED=34/256
MODE=OFF CUBE=041 RESULT=UNSAT SECONDS=0.005014 COMPLETED=35/256
MODE=OFF CUBE=038 RESULT=UNSAT SECONDS=0.005199 COMPLETED=36/256
MODE=OFF CUBE=043 RESULT=UNSAT SECONDS=0.005110 COMPLETED=37/256
MODE=OFF CUBE=045 RESULT=UNSAT SECONDS=0.005033 COMPLETED=38/256
MODE=OFF CUBE=048 RESULT=UNSAT SECONDS=0.005052 COMPLETED=39/256
MODE=OFF CUBE=051 RESULT=UNSAT SECONDS=0.004939 COMPLETED=40/256
MODE=OFF CUBE=050 RESULT=UNSAT SECONDS=0.005326 COMPLETED=41/256
MODE=OFF CUBE=044 RESULT=UNSAT SECONDS=0.006154 COMPLETED=42/256
MODE=OFF CUBE=055 RESULT=UNSAT SECONDS=0.005068 COMPLETED=43/256
MODE=OFF CUBE=054 RESULT=UNSAT SECONDS=0.005137 COMPLETED=44/256
MODE=OFF CUBE=035 RESULT=UNSAT SECONDS=0.007504 COMPLETED=45/256
MODE=OFF CUBE=056 RESULT=UNSAT SECONDS=0.005057 COMPLETED=46/256
MODE=OFF CUBE=052 RESULT=UNSAT SECONDS=0.006344 COMPLETED=47/256
MODE=OFF CUBE=040 RESULT=UNSAT SECONDS=0.007601 COMPLETED=48/256
MODE=OFF CUBE=053 RESULT=UNSAT SECONDS=0.007070 COMPLETED=49/256
MODE=OFF CUBE=058 RESULT=UNSAT SECONDS=0.005784 COMPLETED=50/256
MODE=OFF CUBE=059 RESULT=UNSAT SECONDS=0.005261 COMPLETED=51/256
MODE=OFF CUBE=047 RESULT=UNSAT SECONDS=0.008963 COMPLETED=52/256
MODE=OFF CUBE=062 RESULT=UNSAT SECONDS=0.004795 COMPLETED=53/256
MODE=OFF CUBE=064 RESULT=UNSAT SECONDS=0.004602 COMPLETED=54/256
MODE=OFF CUBE=065 RESULT=UNSAT SECONDS=0.004644 COMPLETED=55/256
MODE=OFF CUBE=057 RESULT=UNSAT SECONDS=0.007584 COMPLETED=56/256
MODE=OFF CUBE=061 RESULT=UNSAT SECONDS=0.005259 COMPLETED=57/256
MODE=OFF CUBE=067 RESULT=UNSAT SECONDS=0.005055 COMPLETED=58/256
MODE=OFF CUBE=069 RESULT=UNSAT SECONDS=0.004881 COMPLETED=59/256
MODE=OFF CUBE=071 RESULT=UNSAT SECONDS=0.004735 COMPLETED=60/256
MODE=OFF CUBE=060 RESULT=UNSAT SECONDS=0.005579 COMPLETED=61/256
MODE=OFF CUBE=072 RESULT=UNSAT SECONDS=0.004888 COMPLETED=62/256
MODE=OFF CUBE=073 RESULT=UNSAT SECONDS=0.004723 COMPLETED=63/256
MODE=OFF CUBE=076 RESULT=UNSAT SECONDS=0.004931 COMPLETED=64/256
MODE=OFF CUBE=070 RESULT=UNSAT SECONDS=0.006296 COMPLETED=65/256
MODE=OFF CUBE=075 RESULT=UNSAT SECONDS=0.005153 COMPLETED=66/256
MODE=OFF CUBE=066 RESULT=UNSAT SECONDS=0.006936 COMPLETED=67/256
MODE=OFF CUBE=079 RESULT=UNSAT SECONDS=0.005427 COMPLETED=68/256
MODE=OFF CUBE=077 RESULT=UNSAT SECONDS=0.007047 COMPLETED=69/256
MODE=OFF CUBE=085 RESULT=UNSAT SECONDS=0.004582 COMPLETED=70/256
MODE=OFF CUBE=086 RESULT=UNSAT SECONDS=0.004961 COMPLETED=71/256
MODE=OFF CUBE=082 RESULT=UNSAT SECONDS=0.004965 COMPLETED=72/256
MODE=OFF CUBE=083 RESULT=UNSAT SECONDS=0.004732 COMPLETED=73/256
MODE=OFF CUBE=088 RESULT=UNSAT SECONDS=0.004911 COMPLETED=74/256
MODE=OFF CUBE=084 RESULT=UNSAT SECONDS=0.005494 COMPLETED=75/256
MODE=OFF CUBE=090 RESULT=UNSAT SECONDS=0.004795 COMPLETED=76/256
MODE=OFF CUBE=080 RESULT=UNSAT SECONDS=0.007778 COMPLETED=77/256
MODE=OFF CUBE=091 RESULT=UNSAT SECONDS=0.005172 COMPLETED=78/256
MODE=OFF CUBE=092 RESULT=UNSAT SECONDS=0.004793 COMPLETED=79/256
MODE=OFF CUBE=096 RESULT=UNSAT SECONDS=0.004703 COMPLETED=80/256
MODE=OFF CUBE=093 RESULT=UNSAT SECONDS=0.005492 COMPLETED=81/256
MODE=OFF CUBE=087 RESULT=UNSAT SECONDS=0.007102 COMPLETED=82/256
MODE=OFF CUBE=094 RESULT=UNSAT SECONDS=0.005850 COMPLETED=83/256
MODE=OFF CUBE=097 RESULT=UNSAT SECONDS=0.005081 COMPLETED=84/256
MODE=OFF CUBE=098 RESULT=UNSAT SECONDS=0.005695 COMPLETED=85/256
MODE=OFF CUBE=078 RESULT=UNSAT SECONDS=0.011119 COMPLETED=86/256
MODE=OFF CUBE=089 RESULT=UNSAT SECONDS=0.008312 COMPLETED=87/256
MODE=OFF CUBE=099 RESULT=UNSAT SECONDS=0.005595 COMPLETED=88/256
MODE=OFF CUBE=102 RESULT=UNSAT SECONDS=0.004893 COMPLETED=89/256
MODE=OFF CUBE=101 RESULT=UNSAT SECONDS=0.005189 COMPLETED=90/256
MODE=OFF CUBE=100 RESULT=UNSAT SECONDS=0.006242 COMPLETED=91/256
MODE=OFF CUBE=104 RESULT=UNSAT SECONDS=0.004797 COMPLETED=92/256
MODE=OFF CUBE=106 RESULT=UNSAT SECONDS=0.005575 COMPLETED=93/256
MODE=OFF CUBE=107 RESULT=UNSAT SECONDS=0.004342 COMPLETED=94/256
MODE=OFF CUBE=108 RESULT=UNSAT SECONDS=0.004257 COMPLETED=95/256
MODE=OFF CUBE=109 RESULT=UNSAT SECONDS=0.004271 COMPLETED=96/256
MODE=OFF CUBE=110 RESULT=UNSAT SECONDS=0.004719 COMPLETED=97/256
MODE=OFF CUBE=111 RESULT=UNSAT SECONDS=0.006029 COMPLETED=98/256
MODE=OFF CUBE=113 RESULT=UNSAT SECONDS=0.006067 COMPLETED=99/256
MODE=OFF CUBE=112 RESULT=UNSAT SECONDS=0.006405 COMPLETED=100/256
MODE=OFF CUBE=115 RESULT=UNSAT SECONDS=0.005632 COMPLETED=101/256
MODE=OFF CUBE=117 RESULT=UNSAT SECONDS=0.005002 COMPLETED=102/256
MODE=OFF CUBE=118 RESULT=UNSAT SECONDS=0.005290 COMPLETED=103/256
MODE=OFF CUBE=116 RESULT=UNSAT SECONDS=0.006365 COMPLETED=104/256
MODE=OFF CUBE=120 RESULT=UNSAT SECONDS=0.005778 COMPLETED=105/256
MODE=OFF CUBE=119 RESULT=UNSAT SECONDS=0.006000 COMPLETED=106/256
MODE=OFF CUBE=122 RESULT=UNSAT SECONDS=0.005777 COMPLETED=107/256
MODE=OFF CUBE=121 RESULT=UNSAT SECONDS=0.005630 COMPLETED=108/256
MODE=OFF CUBE=123 RESULT=UNSAT SECONDS=0.005767 COMPLETED=109/256
MODE=OFF CUBE=125 RESULT=UNSAT SECONDS=0.005644 COMPLETED=110/256
MODE=OFF CUBE=126 RESULT=UNSAT SECONDS=0.005566 COMPLETED=111/256
MODE=OFF CUBE=127 RESULT=UNSAT SECONDS=0.005060 COMPLETED=112/256
MODE=OFF CUBE=130 RESULT=UNSAT SECONDS=0.005052 COMPLETED=113/256
MODE=OFF CUBE=131 RESULT=UNSAT SECONDS=0.005281 COMPLETED=114/256
MODE=OFF CUBE=128 RESULT=UNSAT SECONDS=0.007077 COMPLETED=115/256
MODE=OFF CUBE=132 RESULT=UNSAT SECONDS=0.005737 COMPLETED=116/256
MODE=OFF CUBE=129 RESULT=UNSAT SECONDS=0.005346 COMPLETED=117/256
MODE=OFF CUBE=133 RESULT=UNSAT SECONDS=0.006164 COMPLETED=118/256
MODE=OFF CUBE=134 RESULT=UNSAT SECONDS=0.005583 COMPLETED=119/256
MODE=OFF CUBE=136 RESULT=UNSAT SECONDS=0.005875 COMPLETED=120/256
MODE=OFF CUBE=139 RESULT=UNSAT SECONDS=0.005955 COMPLETED=121/256
MODE=OFF CUBE=140 RESULT=UNSAT SECONDS=0.005873 COMPLETED=122/256
MODE=OFF CUBE=138 RESULT=UNSAT SECONDS=0.005847 COMPLETED=123/256
MODE=OFF CUBE=141 RESULT=UNSAT SECONDS=0.006160 COMPLETED=124/256
MODE=OFF CUBE=143 RESULT=UNSAT SECONDS=0.005700 COMPLETED=125/256
MODE=OFF CUBE=142 RESULT=UNSAT SECONDS=0.006222 COMPLETED=126/256
MODE=OFF CUBE=145 RESULT=UNSAT SECONDS=0.005745 COMPLETED=127/256
MODE=OFF CUBE=147 RESULT=UNSAT SECONDS=0.005717 COMPLETED=128/256
MODE=OFF CUBE=144 RESULT=UNSAT SECONDS=0.005832 COMPLETED=129/256
MODE=OFF CUBE=148 RESULT=UNSAT SECONDS=0.005533 COMPLETED=130/256
MODE=OFF CUBE=149 RESULT=UNSAT SECONDS=0.005949 COMPLETED=131/256
MODE=OFF CUBE=152 RESULT=UNSAT SECONDS=0.004992 COMPLETED=132/256
MODE=OFF CUBE=150 RESULT=UNSAT SECONDS=0.006104 COMPLETED=133/256
MODE=OFF CUBE=151 RESULT=UNSAT SECONDS=0.005288 COMPLETED=134/256
MODE=OFF CUBE=153 RESULT=UNSAT SECONDS=0.006576 COMPLETED=135/256
MODE=OFF CUBE=155 RESULT=UNSAT SECONDS=0.005603 COMPLETED=136/256
MODE=OFF CUBE=154 RESULT=UNSAT SECONDS=0.006391 COMPLETED=137/256
MODE=OFF CUBE=158 RESULT=UNSAT SECONDS=0.005312 COMPLETED=138/256
MODE=OFF CUBE=159 RESULT=UNSAT SECONDS=0.004756 COMPLETED=139/256
MODE=OFF CUBE=157 RESULT=UNSAT SECONDS=0.005564 COMPLETED=140/256
MODE=OFF CUBE=161 RESULT=UNSAT SECONDS=0.005117 COMPLETED=141/256
MODE=OFF CUBE=162 RESULT=UNSAT SECONDS=0.005522 COMPLETED=142/256
MODE=OFF CUBE=160 RESULT=UNSAT SECONDS=0.006133 COMPLETED=143/256
MODE=OFF CUBE=163 RESULT=UNSAT SECONDS=0.005669 COMPLETED=144/256
MODE=OFF CUBE=165 RESULT=UNSAT SECONDS=0.005345 COMPLETED=145/256
MODE=OFF CUBE=167 RESULT=UNSAT SECONDS=0.005462 COMPLETED=146/256
MODE=OFF CUBE=169 RESULT=UNSAT SECONDS=0.005449 COMPLETED=147/256
MODE=OFF CUBE=166 RESULT=UNSAT SECONDS=0.008797 COMPLETED=148/256
MODE=OFF CUBE=168 RESULT=UNSAT SECONDS=0.007768 COMPLETED=149/256
MODE=OFF CUBE=174 RESULT=UNSAT SECONDS=0.004931 COMPLETED=150/256
MODE=OFF CUBE=171 RESULT=UNSAT SECONDS=0.006469 COMPLETED=151/256
MODE=OFF CUBE=172 RESULT=UNSAT SECONDS=0.005595 COMPLETED=152/256
MODE=OFF CUBE=175 RESULT=UNSAT SECONDS=0.005465 COMPLETED=153/256
MODE=OFF CUBE=173 RESULT=UNSAT SECONDS=0.007826 COMPLETED=154/256
MODE=OFF CUBE=176 RESULT=UNSAT SECONDS=0.006294 COMPLETED=155/256
MODE=OFF CUBE=178 RESULT=UNSAT SECONDS=0.005131 COMPLETED=156/256
MODE=OFF CUBE=180 RESULT=UNSAT SECONDS=0.005968 COMPLETED=157/256
MODE=OFF CUBE=181 RESULT=UNSAT SECONDS=0.004954 COMPLETED=158/256
MODE=OFF CUBE=179 RESULT=UNSAT SECONDS=0.005710 COMPLETED=159/256
MODE=OFF CUBE=182 RESULT=UNSAT SECONDS=0.005286 COMPLETED=160/256
MODE=OFF CUBE=183 RESULT=UNSAT SECONDS=0.005930 COMPLETED=161/256
MODE=OFF CUBE=184 RESULT=UNSAT SECONDS=0.005597 COMPLETED=162/256
MODE=OFF CUBE=186 RESULT=UNSAT SECONDS=0.005322 COMPLETED=163/256
MODE=OFF CUBE=185 RESULT=UNSAT SECONDS=0.005668 COMPLETED=164/256
MODE=OFF CUBE=188 RESULT=UNSAT SECONDS=0.005459 COMPLETED=165/256
MODE=OFF CUBE=187 RESULT=UNSAT SECONDS=0.007669 COMPLETED=166/256
MODE=OFF CUBE=189 RESULT=UNSAT SECONDS=0.005538 COMPLETED=167/256
MODE=OFF CUBE=190 RESULT=UNSAT SECONDS=0.005991 COMPLETED=168/256
MODE=OFF CUBE=192 RESULT=UNSAT SECONDS=0.006218 COMPLETED=169/256
MODE=OFF CUBE=193 RESULT=UNSAT SECONDS=0.006378 COMPLETED=170/256
MODE=OFF CUBE=194 RESULT=UNSAT SECONDS=0.005473 COMPLETED=171/256
MODE=OFF CUBE=195 RESULT=UNSAT SECONDS=0.005273 COMPLETED=172/256
MODE=OFF CUBE=198 RESULT=UNSAT SECONDS=0.005041 COMPLETED=173/256
MODE=OFF CUBE=197 RESULT=UNSAT SECONDS=0.005329 COMPLETED=174/256
MODE=OFF CUBE=199 RESULT=UNSAT SECONDS=0.005659 COMPLETED=175/256
MODE=OFF CUBE=200 RESULT=UNSAT SECONDS=0.004517 COMPLETED=176/256
MODE=OFF CUBE=201 RESULT=UNSAT SECONDS=0.006002 COMPLETED=177/256
MODE=OFF CUBE=203 RESULT=UNSAT SECONDS=0.005580 COMPLETED=178/256
MODE=OFF CUBE=205 RESULT=UNSAT SECONDS=0.003716 COMPLETED=179/256
MODE=OFF CUBE=204 RESULT=UNSAT SECONDS=0.008610 COMPLETED=180/256
MODE=OFF CUBE=206 RESULT=UNSAT SECONDS=0.005923 COMPLETED=181/256
MODE=OFF CUBE=207 RESULT=UNSAT SECONDS=0.005224 COMPLETED=182/256
MODE=OFF CUBE=208 RESULT=UNSAT SECONDS=0.005444 COMPLETED=183/256
MODE=OFF CUBE=210 RESULT=UNSAT SECONDS=0.004187 COMPLETED=184/256
MODE=OFF CUBE=211 RESULT=UNSAT SECONDS=0.005742 COMPLETED=185/256
MODE=OFF CUBE=212 RESULT=UNSAT SECONDS=0.005194 COMPLETED=186/256
MODE=OFF CUBE=213 RESULT=UNSAT SECONDS=0.005389 COMPLETED=187/256
MODE=OFF CUBE=214 RESULT=UNSAT SECONDS=0.005882 COMPLETED=188/256
MODE=OFF CUBE=215 RESULT=UNSAT SECONDS=0.005329 COMPLETED=189/256
MODE=OFF CUBE=216 RESULT=UNSAT SECONDS=0.005505 COMPLETED=190/256
MODE=OFF CUBE=217 RESULT=UNSAT SECONDS=0.005771 COMPLETED=191/256
MODE=OFF CUBE=218 RESULT=UNSAT SECONDS=0.005196 COMPLETED=192/256
MODE=OFF CUBE=219 RESULT=UNSAT SECONDS=0.005343 COMPLETED=193/256
MODE=OFF CUBE=220 RESULT=UNSAT SECONDS=0.005538 COMPLETED=194/256
MODE=OFF CUBE=221 RESULT=UNSAT SECONDS=0.005142 COMPLETED=195/256
MODE=OFF CUBE=222 RESULT=UNSAT SECONDS=0.005436 COMPLETED=196/256
MODE=OFF CUBE=224 RESULT=UNSAT SECONDS=0.005107 COMPLETED=197/256
MODE=OFF CUBE=225 RESULT=UNSAT SECONDS=0.005521 COMPLETED=198/256
MODE=OFF CUBE=226 RESULT=UNSAT SECONDS=0.003897 COMPLETED=199/256
MODE=OFF CUBE=227 RESULT=UNSAT SECONDS=0.003952 COMPLETED=200/256
MODE=OFF CUBE=228 RESULT=UNSAT SECONDS=0.004568 COMPLETED=201/256
MODE=OFF CUBE=229 RESULT=UNSAT SECONDS=0.005304 COMPLETED=202/256
MODE=OFF CUBE=230 RESULT=UNSAT SECONDS=0.004660 COMPLETED=203/256
MODE=OFF CUBE=009 RESULT=SAT SECONDS=19.723238 COMPLETED=204/256
MODEL_VALIDATION=PASSED

====================================================================
 MODE=OFF RESULT
====================================================================
WALL_SECONDS=19.813809
CUBES_COMPLETED=204
CUBES_UNSAT=203
DELTA_RESULT=SAT
DELTA_PROOF_STATUS=MODEL_VALIDATED
SAT_CUBE=9
SAT_CUBE_LITERALS=1 -2 -3 4 -5 -6 -7 -8
	Command being timed: "python ./delta_qpu_ablation.py OFF"
	User time (seconds): 20.92
	System time (seconds): 0.90
	Percent of CPU this job got: 109%
	Elapsed (wall clock) time (h:mm:ss or m:ss): 0:19.85
	Average shared text size (kbytes): 0
	Average unshared data size (kbytes): 0
	Average stack size (kbytes): 0
	Average total size (kbytes): 0
	Maximum resident set size (kbytes): 23316
	Average resident set size (kbytes): 0
	Major (requiring I/O) page faults: 46
	Minor (reclaiming a frame) page faults: 207008
	Voluntary context switches: 16271
	Involuntary context switches: 2788
	Swaps: 0
	File system inputs: 18800
	File system outputs: 0
	Socket messages sent: 0
	Socket messages received: 0
	Signals delivered: 0
	Page size (bytes): 4096
	Exit status: 0
