================================================================
 DELTA SAT PARALLEL V1
 Ryzen <-> DELTA <-> QPU logique
================================================================
TARGET=/home/rene/delta_sat_lab/competition2026/hard_search/DELTA_TARGET.cnf
SHA256=6be9bfe6b44454a061a2e93350f589643f8a16f5bca6babdaa50a2d3d7069361
TARGET_INTEGRITY=PASSED
VARIABLES=625
CLAUSES=9216
PHYSICAL_CPU_THREADS_AVAILABLE=32
DELTA_WORKERS=32
DELTA_QBIT_EXECUTION=LOGICAL_EMULATED
CPU_BRIDGE_EXECUTION=PHYSICAL_MEASURED

QPU_LOGICAL_BRANCH_VARIABLES=53,54,55,56,57,58,59,60
QPU_LOGICAL_CUBES=256

RYZEN_PARALLEL_EXECUTION=START
CUBE=012 RESULT=UNSAT SECONDS=27.005244 COMPLETED=1/256
CUBE=016 RESULT=UNSAT SECONDS=27.114285 COMPLETED=2/256
CUBE=002 RESULT=UNSAT SECONDS=27.361465 COMPLETED=3/256
CUBE=024 RESULT=UNSAT SECONDS=28.002466 COMPLETED=4/256
CUBE=025 RESULT=UNSAT SECONDS=29.497257 COMPLETED=5/256
CUBE=003 RESULT=UNSAT SECONDS=30.149677 COMPLETED=6/256
CUBE=027 RESULT=UNSAT SECONDS=30.469183 COMPLETED=7/256
CUBE=017 RESULT=UNSAT SECONDS=30.704883 COMPLETED=8/256
CUBE=010 RESULT=UNSAT SECONDS=30.825512 COMPLETED=9/256
CUBE=022 RESULT=UNSAT SECONDS=30.902159 COMPLETED=10/256
CUBE=026 RESULT=UNSAT SECONDS=31.130596 COMPLETED=11/256
CUBE=028 RESULT=UNSAT SECONDS=31.618828 COMPLETED=12/256
CUBE=030 RESULT=UNSAT SECONDS=31.948567 COMPLETED=13/256
CUBE=013 RESULT=UNSAT SECONDS=32.642353 COMPLETED=14/256
CUBE=011 RESULT=UNSAT SECONDS=33.626442 COMPLETED=15/256
CUBE=000 RESULT=UNSAT SECONDS=34.646461 COMPLETED=16/256
CUBE=007 RESULT=UNSAT SECONDS=35.258331 COMPLETED=17/256
CUBE=018 RESULT=UNSAT SECONDS=35.303809 COMPLETED=18/256
CUBE=008 RESULT=UNSAT SECONDS=35.521332 COMPLETED=19/256
CUBE=005 RESULT=UNSAT SECONDS=36.788780 COMPLETED=20/256
CUBE=014 RESULT=UNSAT SECONDS=37.165582 COMPLETED=21/256
CUBE=015 RESULT=UNSAT SECONDS=38.373843 COMPLETED=22/256
CUBE=004 RESULT=UNSAT SECONDS=38.964048 COMPLETED=23/256
CUBE=029 RESULT=UNSAT SECONDS=39.980832 COMPLETED=24/256
CUBE=021 RESULT=UNSAT SECONDS=40.880713 COMPLETED=25/256
CUBE=009 RESULT=UNSAT SECONDS=41.412143 COMPLETED=26/256
CUBE=020 RESULT=UNSAT SECONDS=41.479573 COMPLETED=27/256
CUBE=031 RESULT=UNSAT SECONDS=43.801619 COMPLETED=28/256
CUBE=006 RESULT=UNSAT SECONDS=44.370275 COMPLETED=29/256
CUBE=019 RESULT=UNSAT SECONDS=46.608468 COMPLETED=30/256
CUBE=001 RESULT=UNSAT SECONDS=46.840893 COMPLETED=31/256
CUBE=023 RESULT=UNSAT SECONDS=48.373359 COMPLETED=32/256
CUBE=032 RESULT=SAT SECONDS=26.312941 COMPLETED=33/256

SAT_BRANCH_FOUND=YES
SAT_CUBE=32
SAT_CUBE_LITERALS=-53 -54 -55 -56 -57 58 -59 -60
INDEPENDENT_MODEL_VALIDATION=PASSED

================================================================
 DELTA RESULT
================================================================
WALL_SECONDS=53.376297
CUBES_COMPLETED=33
CUBES_UNSAT=32
DELTA_RESULT=SAT
DELTA_PROOF_STATUS=MODEL_VALIDATED

RYZEN_PHYSICAL=16C_32T
DELTA_COPROCESSOR=ACTIVE
QPU_LOGICAL_SCHEDULER=ACTIVE
PERSISTENT_CACHE=NO
BACKGROUND_SERVICE=NO
	Command being timed: "python ./delta_parallel_qpu.py"
	User time (seconds): 1162.65
	System time (seconds): 2.47
	Percent of CPU this job got: 2181%
	Elapsed (wall clock) time (h:mm:ss or m:ss): 0:53.41
	Average shared text size (kbytes): 0
	Average unshared data size (kbytes): 0
	Average stack size (kbytes): 0
	Average total size (kbytes): 0
	Maximum resident set size (kbytes): 51836
	Average resident set size (kbytes): 0
	Major (requiring I/O) page faults: 2
	Minor (reclaiming a frame) page faults: 591418
	Voluntary context switches: 20866
	Involuntary context switches: 20269
	Swaps: 0
	File system inputs: 432
	File system outputs: 0
	Socket messages sent: 0
	Socket messages received: 0
	Signals delivered: 0
	Page size (bytes): 4096
	Exit status: 0
