======================================================================
 DELTA V3 SAT ARENA
======================================================================
TARGET_SHA256=6be9bfe6b44454a061a2e93350f589643f8a16f5bca6babdaa50a2d3d7069361
TARGET_INTEGRITY=PASSED
VARIABLES=625
CLAUSES=9216
WORKERS=32

======================================================================
 DELTA_V1
======================================================================
BRANCH_VARIABLES=1,2,3,4,5,6,7,8
DELTA_V1 CUBE=000 RESULT=UNSAT SECONDS=0.006528 COMPLETED=1/256
DELTA_V1 CUBE=001 RESULT=UNSAT SECONDS=0.006618 COMPLETED=2/256
DELTA_V1 CUBE=002 RESULT=UNSAT SECONDS=0.006540 COMPLETED=3/256
DELTA_V1 CUBE=005 RESULT=UNSAT SECONDS=0.006254 COMPLETED=4/256
DELTA_V1 CUBE=003 RESULT=UNSAT SECONDS=0.006749 COMPLETED=5/256
DELTA_V1 CUBE=004 RESULT=UNSAT SECONDS=0.006661 COMPLETED=6/256
DELTA_V1 CUBE=011 RESULT=UNSAT SECONDS=0.006156 COMPLETED=7/256
DELTA_V1 CUBE=006 RESULT=UNSAT SECONDS=0.007535 COMPLETED=8/256
DELTA_V1 CUBE=013 RESULT=UNSAT SECONDS=0.006671 COMPLETED=9/256
DELTA_V1 CUBE=012 RESULT=UNSAT SECONDS=0.007028 COMPLETED=10/256
DELTA_V1 CUBE=026 RESULT=UNSAT SECONDS=0.006199 COMPLETED=11/256
DELTA_V1 CUBE=019 RESULT=UNSAT SECONDS=0.006139 COMPLETED=12/256
DELTA_V1 CUBE=020 RESULT=UNSAT SECONDS=0.006106 COMPLETED=13/256
DELTA_V1 CUBE=022 RESULT=UNSAT SECONDS=0.006992 COMPLETED=14/256
DELTA_V1 CUBE=014 RESULT=UNSAT SECONDS=0.006824 COMPLETED=15/256
DELTA_V1 CUBE=021 RESULT=UNSAT SECONDS=0.006252 COMPLETED=16/256
DELTA_V1 CUBE=008 RESULT=UNSAT SECONDS=0.008443 COMPLETED=17/256
DELTA_V1 CUBE=010 RESULT=UNSAT SECONDS=0.007968 COMPLETED=18/256
DELTA_V1 CUBE=025 RESULT=UNSAT SECONDS=0.006501 COMPLETED=19/256
DELTA_V1 CUBE=016 RESULT=UNSAT SECONDS=0.006662 COMPLETED=20/256
DELTA_V1 CUBE=023 RESULT=UNSAT SECONDS=0.007002 COMPLETED=21/256
DELTA_V1 CUBE=017 RESULT=UNSAT SECONDS=0.006533 COMPLETED=22/256
DELTA_V1 CUBE=015 RESULT=UNSAT SECONDS=0.008393 COMPLETED=23/256
DELTA_V1 CUBE=024 RESULT=UNSAT SECONDS=0.007196 COMPLETED=24/256
DELTA_V1 CUBE=027 RESULT=UNSAT SECONDS=0.008275 COMPLETED=25/256
DELTA_V1 CUBE=032 RESULT=UNSAT SECONDS=0.005568 COMPLETED=26/256
DELTA_V1 CUBE=030 RESULT=UNSAT SECONDS=0.006078 COMPLETED=27/256
DELTA_V1 CUBE=031 RESULT=UNSAT SECONDS=0.006377 COMPLETED=28/256
DELTA_V1 CUBE=033 RESULT=UNSAT SECONDS=0.005621 COMPLETED=29/256
DELTA_V1 CUBE=034 RESULT=UNSAT SECONDS=0.005868 COMPLETED=30/256
DELTA_V1 CUBE=029 RESULT=UNSAT SECONDS=0.007433 COMPLETED=31/256
DELTA_V1 CUBE=041 RESULT=UNSAT SECONDS=0.004834 COMPLETED=32/256
DELTA_V1 CUBE=038 RESULT=UNSAT SECONDS=0.005354 COMPLETED=33/256
DELTA_V1 CUBE=039 RESULT=UNSAT SECONDS=0.005323 COMPLETED=34/256
DELTA_V1 CUBE=037 RESULT=UNSAT SECONDS=0.007754 COMPLETED=35/256
DELTA_V1 CUBE=045 RESULT=UNSAT SECONDS=0.004884 COMPLETED=36/256
DELTA_V1 CUBE=035 RESULT=UNSAT SECONDS=0.008214 COMPLETED=37/256
DELTA_V1 CUBE=044 RESULT=UNSAT SECONDS=0.005032 COMPLETED=38/256
DELTA_V1 CUBE=043 RESULT=UNSAT SECONDS=0.005211 COMPLETED=39/256
DELTA_V1 CUBE=046 RESULT=UNSAT SECONDS=0.004970 COMPLETED=40/256
DELTA_V1 CUBE=047 RESULT=UNSAT SECONDS=0.004853 COMPLETED=41/256
DELTA_V1 CUBE=048 RESULT=UNSAT SECONDS=0.005157 COMPLETED=42/256
DELTA_V1 CUBE=040 RESULT=UNSAT SECONDS=0.006044 COMPLETED=43/256
DELTA_V1 CUBE=050 RESULT=UNSAT SECONDS=0.005352 COMPLETED=44/256
DELTA_V1 CUBE=053 RESULT=UNSAT SECONDS=0.005115 COMPLETED=45/256
DELTA_V1 CUBE=052 RESULT=UNSAT SECONDS=0.006032 COMPLETED=46/256
DELTA_V1 CUBE=056 RESULT=UNSAT SECONDS=0.004955 COMPLETED=47/256
DELTA_V1 CUBE=055 RESULT=UNSAT SECONDS=0.005028 COMPLETED=48/256
DELTA_V1 CUBE=057 RESULT=UNSAT SECONDS=0.005014 COMPLETED=49/256
DELTA_V1 CUBE=061 RESULT=UNSAT SECONDS=0.005405 COMPLETED=50/256
DELTA_V1 CUBE=059 RESULT=UNSAT SECONDS=0.005162 COMPLETED=51/256
DELTA_V1 CUBE=054 RESULT=UNSAT SECONDS=0.006027 COMPLETED=52/256
DELTA_V1 CUBE=060 RESULT=UNSAT SECONDS=0.005238 COMPLETED=53/256
DELTA_V1 CUBE=051 RESULT=UNSAT SECONDS=0.007556 COMPLETED=54/256
DELTA_V1 CUBE=065 RESULT=UNSAT SECONDS=0.005067 COMPLETED=55/256
DELTA_V1 CUBE=064 RESULT=UNSAT SECONDS=0.005176 COMPLETED=56/256
DELTA_V1 CUBE=070 RESULT=UNSAT SECONDS=0.004904 COMPLETED=57/256
DELTA_V1 CUBE=072 RESULT=UNSAT SECONDS=0.005026 COMPLETED=58/256
DELTA_V1 CUBE=058 RESULT=UNSAT SECONDS=0.007726 COMPLETED=59/256
DELTA_V1 CUBE=069 RESULT=UNSAT SECONDS=0.005458 COMPLETED=60/256
DELTA_V1 CUBE=066 RESULT=UNSAT SECONDS=0.005774 COMPLETED=61/256
DELTA_V1 CUBE=071 RESULT=UNSAT SECONDS=0.005821 COMPLETED=62/256
DELTA_V1 CUBE=073 RESULT=UNSAT SECONDS=0.005531 COMPLETED=63/256
DELTA_V1 CUBE=067 RESULT=UNSAT SECONDS=0.006413 COMPLETED=64/256
DELTA_V1 CUBE=075 RESULT=UNSAT SECONDS=0.005702 COMPLETED=65/256
DELTA_V1 CUBE=076 RESULT=UNSAT SECONDS=0.005737 COMPLETED=66/256
DELTA_V1 CUBE=077 RESULT=UNSAT SECONDS=0.006198 COMPLETED=67/256
DELTA_V1 CUBE=062 RESULT=UNSAT SECONDS=0.009131 COMPLETED=68/256
DELTA_V1 CUBE=079 RESULT=UNSAT SECONDS=0.005265 COMPLETED=69/256
DELTA_V1 CUBE=080 RESULT=UNSAT SECONDS=0.005786 COMPLETED=70/256
DELTA_V1 CUBE=084 RESULT=UNSAT SECONDS=0.005679 COMPLETED=71/256
DELTA_V1 CUBE=082 RESULT=UNSAT SECONDS=0.006177 COMPLETED=72/256
DELTA_V1 CUBE=088 RESULT=UNSAT SECONDS=0.004949 COMPLETED=73/256
DELTA_V1 CUBE=087 RESULT=UNSAT SECONDS=0.005404 COMPLETED=74/256
DELTA_V1 CUBE=086 RESULT=UNSAT SECONDS=0.005578 COMPLETED=75/256
DELTA_V1 CUBE=090 RESULT=UNSAT SECONDS=0.005167 COMPLETED=76/256
DELTA_V1 CUBE=089 RESULT=UNSAT SECONDS=0.005628 COMPLETED=77/256
DELTA_V1 CUBE=092 RESULT=UNSAT SECONDS=0.005310 COMPLETED=78/256
DELTA_V1 CUBE=093 RESULT=UNSAT SECONDS=0.005409 COMPLETED=79/256
DELTA_V1 CUBE=083 RESULT=UNSAT SECONDS=0.007810 COMPLETED=80/256
DELTA_V1 CUBE=097 RESULT=UNSAT SECONDS=0.005163 COMPLETED=81/256
DELTA_V1 CUBE=091 RESULT=UNSAT SECONDS=0.006727 COMPLETED=82/256
DELTA_V1 CUBE=078 RESULT=UNSAT SECONDS=0.009188 COMPLETED=83/256
DELTA_V1 CUBE=098 RESULT=UNSAT SECONDS=0.005302 COMPLETED=84/256
DELTA_V1 CUBE=094 RESULT=UNSAT SECONDS=0.007222 COMPLETED=85/256
DELTA_V1 CUBE=096 RESULT=UNSAT SECONDS=0.006732 COMPLETED=86/256
DELTA_V1 CUBE=099 RESULT=UNSAT SECONDS=0.005703 COMPLETED=87/256
DELTA_V1 CUBE=085 RESULT=UNSAT SECONDS=0.009220 COMPLETED=88/256
DELTA_V1 CUBE=100 RESULT=UNSAT SECONDS=0.005687 COMPLETED=89/256
DELTA_V1 CUBE=101 RESULT=UNSAT SECONDS=0.004829 COMPLETED=90/256
DELTA_V1 CUBE=104 RESULT=UNSAT SECONDS=0.004289 COMPLETED=91/256
DELTA_V1 CUBE=102 RESULT=UNSAT SECONDS=0.005296 COMPLETED=92/256
DELTA_V1 CUBE=108 RESULT=UNSAT SECONDS=0.004348 COMPLETED=93/256
DELTA_V1 CUBE=107 RESULT=UNSAT SECONDS=0.005581 COMPLETED=94/256
DELTA_V1 CUBE=106 RESULT=UNSAT SECONDS=0.006285 COMPLETED=95/256
DELTA_V1 CUBE=109 RESULT=UNSAT SECONDS=0.005115 COMPLETED=96/256
DELTA_V1 CUBE=110 RESULT=UNSAT SECONDS=0.005774 COMPLETED=97/256
DELTA_V1 CUBE=111 RESULT=UNSAT SECONDS=0.006472 COMPLETED=98/256
DELTA_V1 CUBE=112 RESULT=UNSAT SECONDS=0.005481 COMPLETED=99/256
DELTA_V1 CUBE=113 RESULT=UNSAT SECONDS=0.006684 COMPLETED=100/256
DELTA_V1 CUBE=115 RESULT=UNSAT SECONDS=0.006082 COMPLETED=101/256
DELTA_V1 CUBE=116 RESULT=UNSAT SECONDS=0.005595 COMPLETED=102/256
DELTA_V1 CUBE=117 RESULT=UNSAT SECONDS=0.005172 COMPLETED=103/256
DELTA_V1 CUBE=119 RESULT=UNSAT SECONDS=0.006271 COMPLETED=104/256
DELTA_V1 CUBE=118 RESULT=UNSAT SECONDS=0.006513 COMPLETED=105/256
DELTA_V1 CUBE=121 RESULT=UNSAT SECONDS=0.005513 COMPLETED=106/256
DELTA_V1 CUBE=122 RESULT=UNSAT SECONDS=0.006992 COMPLETED=107/256
DELTA_V1 CUBE=125 RESULT=UNSAT SECONDS=0.005289 COMPLETED=108/256
DELTA_V1 CUBE=123 RESULT=UNSAT SECONDS=0.006081 COMPLETED=109/256
DELTA_V1 CUBE=126 RESULT=UNSAT SECONDS=0.006106 COMPLETED=110/256
DELTA_V1 CUBE=120 RESULT=UNSAT SECONDS=0.010090 COMPLETED=111/256
DELTA_V1 CUBE=128 RESULT=UNSAT SECONDS=0.006032 COMPLETED=112/256
DELTA_V1 CUBE=127 RESULT=UNSAT SECONDS=0.006267 COMPLETED=113/256
DELTA_V1 CUBE=130 RESULT=UNSAT SECONDS=0.005951 COMPLETED=114/256
DELTA_V1 CUBE=129 RESULT=UNSAT SECONDS=0.006922 COMPLETED=115/256
DELTA_V1 CUBE=134 RESULT=UNSAT SECONDS=0.004919 COMPLETED=116/256
DELTA_V1 CUBE=131 RESULT=UNSAT SECONDS=0.006990 COMPLETED=117/256
DELTA_V1 CUBE=132 RESULT=UNSAT SECONDS=0.005828 COMPLETED=118/256
DELTA_V1 CUBE=133 RESULT=UNSAT SECONDS=0.006124 COMPLETED=119/256
DELTA_V1 CUBE=138 RESULT=UNSAT SECONDS=0.005993 COMPLETED=120/256
DELTA_V1 CUBE=139 RESULT=UNSAT SECONDS=0.005902 COMPLETED=121/256
DELTA_V1 CUBE=136 RESULT=UNSAT SECONDS=0.007399 COMPLETED=122/256
DELTA_V1 CUBE=141 RESULT=UNSAT SECONDS=0.005697 COMPLETED=123/256
DELTA_V1 CUBE=140 RESULT=UNSAT SECONDS=0.005996 COMPLETED=124/256
DELTA_V1 CUBE=144 RESULT=UNSAT SECONDS=0.005160 COMPLETED=125/256
DELTA_V1 CUBE=142 RESULT=UNSAT SECONDS=0.006626 COMPLETED=126/256
DELTA_V1 CUBE=143 RESULT=UNSAT SECONDS=0.008068 COMPLETED=127/256
DELTA_V1 CUBE=145 RESULT=UNSAT SECONDS=0.007569 COMPLETED=128/256
DELTA_V1 CUBE=147 RESULT=UNSAT SECONDS=0.007046 COMPLETED=129/256
DELTA_V1 CUBE=148 RESULT=UNSAT SECONDS=0.006548 COMPLETED=130/256
DELTA_V1 CUBE=149 RESULT=UNSAT SECONDS=0.006048 COMPLETED=131/256
DELTA_V1 CUBE=151 RESULT=UNSAT SECONDS=0.005965 COMPLETED=132/256
DELTA_V1 CUBE=150 RESULT=UNSAT SECONDS=0.007889 COMPLETED=133/256
DELTA_V1 CUBE=152 RESULT=UNSAT SECONDS=0.006301 COMPLETED=134/256
DELTA_V1 CUBE=153 RESULT=UNSAT SECONDS=0.006112 COMPLETED=135/256
DELTA_V1 CUBE=155 RESULT=UNSAT SECONDS=0.006339 COMPLETED=136/256
DELTA_V1 CUBE=154 RESULT=UNSAT SECONDS=0.007091 COMPLETED=137/256
DELTA_V1 CUBE=157 RESULT=UNSAT SECONDS=0.005475 COMPLETED=138/256
DELTA_V1 CUBE=158 RESULT=UNSAT SECONDS=0.005474 COMPLETED=139/256
DELTA_V1 CUBE=159 RESULT=UNSAT SECONDS=0.006331 COMPLETED=140/256
DELTA_V1 CUBE=160 RESULT=UNSAT SECONDS=0.007459 COMPLETED=141/256
DELTA_V1 CUBE=161 RESULT=UNSAT SECONDS=0.006231 COMPLETED=142/256
DELTA_V1 CUBE=162 RESULT=UNSAT SECONDS=0.006821 COMPLETED=143/256
DELTA_V1 CUBE=163 RESULT=UNSAT SECONDS=0.007985 COMPLETED=144/256
DELTA_V1 CUBE=165 RESULT=UNSAT SECONDS=0.006599 COMPLETED=145/256
DELTA_V1 CUBE=166 RESULT=UNSAT SECONDS=0.005922 COMPLETED=146/256
DELTA_V1 CUBE=167 RESULT=UNSAT SECONDS=0.006518 COMPLETED=147/256
DELTA_V1 CUBE=168 RESULT=UNSAT SECONDS=0.007134 COMPLETED=148/256
DELTA_V1 CUBE=169 RESULT=UNSAT SECONDS=0.006318 COMPLETED=149/256
DELTA_V1 CUBE=173 RESULT=UNSAT SECONDS=0.005178 COMPLETED=150/256
DELTA_V1 CUBE=174 RESULT=UNSAT SECONDS=0.005647 COMPLETED=151/256
DELTA_V1 CUBE=171 RESULT=UNSAT SECONDS=0.008691 COMPLETED=152/256
DELTA_V1 CUBE=175 RESULT=UNSAT SECONDS=0.005728 COMPLETED=153/256
DELTA_V1 CUBE=176 RESULT=UNSAT SECONDS=0.005149 COMPLETED=154/256
DELTA_V1 CUBE=172 RESULT=UNSAT SECONDS=0.010772 COMPLETED=155/256
DELTA_V1 CUBE=179 RESULT=UNSAT SECONDS=0.005493 COMPLETED=156/256
DELTA_V1 CUBE=180 RESULT=UNSAT SECONDS=0.006001 COMPLETED=157/256
DELTA_V1 CUBE=183 RESULT=UNSAT SECONDS=0.005537 COMPLETED=158/256
DELTA_V1 CUBE=178 RESULT=UNSAT SECONDS=0.008073 COMPLETED=159/256
DELTA_V1 CUBE=182 RESULT=UNSAT SECONDS=0.007192 COMPLETED=160/256
DELTA_V1 CUBE=181 RESULT=UNSAT SECONDS=0.007876 COMPLETED=161/256
DELTA_V1 CUBE=184 RESULT=UNSAT SECONDS=0.006361 COMPLETED=162/256
DELTA_V1 CUBE=186 RESULT=UNSAT SECONDS=0.005302 COMPLETED=163/256
DELTA_V1 CUBE=185 RESULT=UNSAT SECONDS=0.006747 COMPLETED=164/256
DELTA_V1 CUBE=187 RESULT=UNSAT SECONDS=0.006111 COMPLETED=165/256
DELTA_V1 CUBE=189 RESULT=UNSAT SECONDS=0.005714 COMPLETED=166/256
DELTA_V1 CUBE=188 RESULT=UNSAT SECONDS=0.006593 COMPLETED=167/256
DELTA_V1 CUBE=190 RESULT=UNSAT SECONDS=0.005711 COMPLETED=168/256
DELTA_V1 CUBE=194 RESULT=UNSAT SECONDS=0.005652 COMPLETED=169/256
DELTA_V1 CUBE=192 RESULT=UNSAT SECONDS=0.006970 COMPLETED=170/256
DELTA_V1 CUBE=193 RESULT=UNSAT SECONDS=0.007236 COMPLETED=171/256
DELTA_V1 CUBE=195 RESULT=UNSAT SECONDS=0.007063 COMPLETED=172/256
DELTA_V1 CUBE=197 RESULT=UNSAT SECONDS=0.004784 COMPLETED=173/256
DELTA_V1 CUBE=198 RESULT=UNSAT SECONDS=0.005338 COMPLETED=174/256
DELTA_V1 CUBE=199 RESULT=UNSAT SECONDS=0.006317 COMPLETED=175/256
DELTA_V1 CUBE=200 RESULT=UNSAT SECONDS=0.006223 COMPLETED=176/256
DELTA_V1 CUBE=201 RESULT=UNSAT SECONDS=0.006997 COMPLETED=177/256
DELTA_V1 CUBE=204 RESULT=UNSAT SECONDS=0.006158 COMPLETED=178/256
DELTA_V1 CUBE=203 RESULT=UNSAT SECONDS=0.006835 COMPLETED=179/256
DELTA_V1 CUBE=205 RESULT=UNSAT SECONDS=0.005536 COMPLETED=180/256
DELTA_V1 CUBE=206 RESULT=UNSAT SECONDS=0.005740 COMPLETED=181/256
DELTA_V1 CUBE=207 RESULT=UNSAT SECONDS=0.005500 COMPLETED=182/256
DELTA_V1 CUBE=208 RESULT=UNSAT SECONDS=0.004979 COMPLETED=183/256
DELTA_V1 CUBE=210 RESULT=UNSAT SECONDS=0.005217 COMPLETED=184/256
DELTA_V1 CUBE=211 RESULT=UNSAT SECONDS=0.006472 COMPLETED=185/256
DELTA_V1 CUBE=212 RESULT=UNSAT SECONDS=0.005130 COMPLETED=186/256
DELTA_V1 CUBE=213 RESULT=UNSAT SECONDS=0.006260 COMPLETED=187/256
DELTA_V1 CUBE=214 RESULT=UNSAT SECONDS=0.004829 COMPLETED=188/256
DELTA_V1 CUBE=215 RESULT=UNSAT SECONDS=0.004547 COMPLETED=189/256
DELTA_V1 CUBE=216 RESULT=UNSAT SECONDS=0.004076 COMPLETED=190/256
DELTA_V1 CUBE=217 RESULT=UNSAT SECONDS=0.005840 COMPLETED=191/256
DELTA_V1 CUBE=219 RESULT=UNSAT SECONDS=0.004777 COMPLETED=192/256
DELTA_V1 CUBE=218 RESULT=UNSAT SECONDS=0.006134 COMPLETED=193/256
DELTA_V1 CUBE=220 RESULT=UNSAT SECONDS=0.005620 COMPLETED=194/256
DELTA_V1 CUBE=221 RESULT=UNSAT SECONDS=0.007046 COMPLETED=195/256
DELTA_V1 CUBE=222 RESULT=UNSAT SECONDS=0.005107 COMPLETED=196/256
DELTA_V1 CUBE=224 RESULT=UNSAT SECONDS=0.005385 COMPLETED=197/256
DELTA_V1 CUBE=225 RESULT=UNSAT SECONDS=0.005358 COMPLETED=198/256
DELTA_V1 CUBE=226 RESULT=UNSAT SECONDS=0.005750 COMPLETED=199/256
DELTA_V1 CUBE=227 RESULT=UNSAT SECONDS=0.005711 COMPLETED=200/256
DELTA_V1 CUBE=228 RESULT=UNSAT SECONDS=0.004135 COMPLETED=201/256
DELTA_V1 CUBE=229 RESULT=UNSAT SECONDS=0.006358 COMPLETED=202/256
DELTA_V1 CUBE=230 RESULT=UNSAT SECONDS=0.005732 COMPLETED=203/256
DELTA_V1 CUBE=009 RESULT=SAT SECONDS=19.210926 COMPLETED=204/256
DELTA_V1_MODEL_VALIDATION=PASSED
DELTA_V1_SAT_CUBE=9
DELTA_V1_SAT_CUBE_LITERALS=1 -2 -3 4 -5 -6 -7 -8
DELTA_V1_SOLVE_SECONDS=19.290418
DELTA_V1_TOTAL_SECONDS=19.290418
DELTA_V1_CUBES_COMPLETED=204
DELTA_V1_CUBES_UNSAT=203
DELTA_V1_RESULT=SAT
DELTA_V1_PROOF_STATUS=MODEL_VALIDATED
	Command being timed: "python ./delta_v3_arena.py V1"
	User time (seconds): 20.20
	System time (seconds): 1.00
	Percent of CPU this job got: 109%
	Elapsed (wall clock) time (h:mm:ss or m:ss): 0:19.32
	Average shared text size (kbytes): 0
	Average unshared data size (kbytes): 0
	Average stack size (kbytes): 0
	Average total size (kbytes): 0
	Maximum resident set size (kbytes): 23620
	Average resident set size (kbytes): 0
	Major (requiring I/O) page faults: 3
	Minor (reclaiming a frame) page faults: 188707
	Voluntary context switches: 16233
	Involuntary context switches: 2829
	Swaps: 0
	File system inputs: 0
	File system outputs: 32
	Socket messages sent: 0
	Socket messages received: 0
	Signals delivered: 0
	Page size (bytes): 4096
	Exit status: 0
