======================================================================
 DELTA V3 SAT ARENA
======================================================================
TARGET_SHA256=6be9bfe6b44454a061a2e93350f589643f8a16f5bca6babdaa50a2d3d7069361
TARGET_INTEGRITY=PASSED
VARIABLES=625
CLAUSES=9216
WORKERS=32
V3_PILOT_SELECTION=START
PILOT=V1_1_8 VARS=1,2,3,4,5,6,7,8 SOLVED=0/8 UNSAT=0 SAT=0 PILOT_TIME=2.000000 SCORE=-2.000000
PILOT=SEQ_9_16 VARS=9,10,11,12,13,14,15,16 SOLVED=0/8 UNSAT=0 SAT=0 PILOT_TIME=2.000000 SCORE=-2.000000
PILOT=SEQ_17_24 VARS=17,18,19,20,21,22,23,24 SOLVED=0/8 UNSAT=0 SAT=0 PILOT_TIME=2.000000 SCORE=-2.000000
PILOT=SEQ_25_32 VARS=25,26,27,28,29,30,31,32 SOLVED=0/8 UNSAT=0 SAT=0 PILOT_TIME=2.000000 SCORE=-2.000000
PILOT=SEQ_33_40 VARS=33,34,35,36,37,38,39,40 SOLVED=0/8 UNSAT=0 SAT=0 PILOT_TIME=2.000000 SCORE=-2.000000
PILOT=SEQ_41_48 VARS=41,42,43,44,45,46,47,48 SOLVED=0/8 UNSAT=0 SAT=0 PILOT_TIME=2.000000 SCORE=-2.000000
PILOT=SEQ_49_56 VARS=49,50,51,52,53,54,55,56 SOLVED=0/8 UNSAT=0 SAT=0 PILOT_TIME=2.000000 SCORE=-2.000000
PILOT=SEQ_57_64 VARS=57,58,59,60,61,62,63,64 SOLVED=0/8 UNSAT=0 SAT=0 PILOT_TIME=2.000000 SCORE=-2.000000
PILOT=SEQ_65_72 VARS=65,66,67,68,69,70,71,72 SOLVED=0/8 UNSAT=0 SAT=0 PILOT_TIME=2.000000 SCORE=-2.000000
PILOT=SEQ_97_104 VARS=97,98,99,100,101,102,103,104 SOLVED=0/8 UNSAT=0 SAT=0 PILOT_TIME=2.000000 SCORE=-2.000000
PILOT=SEQ_129_136 VARS=129,130,131,132,133,134,135,136 SOLVED=0/8 UNSAT=0 SAT=0 PILOT_TIME=2.000000 SCORE=-2.000000
PILOT=SEQ_193_200 VARS=193,194,195,196,197,198,199,200 SOLVED=0/8 UNSAT=0 SAT=0 PILOT_TIME=2.000000 SCORE=-2.000000
PILOT=SEQ_257_264 VARS=257,258,259,260,261,262,263,264 SOLVED=0/8 UNSAT=0 SAT=0 PILOT_TIME=2.000000 SCORE=-2.000000
PILOT=SEQ_321_328 VARS=321,322,323,324,325,326,327,328 SOLVED=0/8 UNSAT=0 SAT=0 PILOT_TIME=2.000000 SCORE=-2.000000
PILOT=SEQ_385_392 VARS=385,386,387,388,389,390,391,392 SOLVED=0/8 UNSAT=0 SAT=0 PILOT_TIME=2.000000 SCORE=-2.000000
PILOT=SEQ_449_456 VARS=449,450,451,452,453,454,455,456 SOLVED=0/8 UNSAT=0 SAT=0 PILOT_TIME=2.000000 SCORE=-2.000000
PILOT=SEQ_513_520 VARS=513,514,515,516,517,518,519,520 SOLVED=0/8 UNSAT=0 SAT=0 PILOT_TIME=2.000000 SCORE=-2.000000
PILOT=SEQ_577_584 VARS=577,578,579,580,581,582,583,584 SOLVED=0/8 UNSAT=0 SAT=0 PILOT_TIME=2.000000 SCORE=-2.000000
PILOT=FREQUENCY_TOP8 VARS=53,54,55,56,57,58,59,60 SOLVED=0/8 UNSAT=0 SAT=0 PILOT_TIME=2.000000 SCORE=-2.000000
PILOT=FREQ_8_15 VARS=61,62,63,64,65,66,67,68 SOLVED=0/8 UNSAT=0 SAT=0 PILOT_TIME=2.000000 SCORE=-2.000000
PILOT=FREQ_16_23 VARS=69,70,71,72,73,78,79,80 SOLVED=0/8 UNSAT=0 SAT=0 PILOT_TIME=2.000000 SCORE=-2.000000
PILOT=FREQ_32_39 VARS=89,90,91,92,93,94,95,96 SOLVED=0/8 UNSAT=0 SAT=0 PILOT_TIME=2.000000 SCORE=-2.000000
PILOT=FREQ_128_135 VARS=205,206,207,208,209,210,211,212 SOLVED=0/8 UNSAT=0 SAT=0 PILOT_TIME=2.000000 SCORE=-2.000000
PILOT=SPREAD VARS=1,79,157,235,313,391,469,547 SOLVED=0/8 UNSAT=0 SAT=0 PILOT_TIME=2.000000 SCORE=-2.000000
V3_SELECTED=FREQUENCY_TOP8
V3_BRANCH_VARIABLES=53,54,55,56,57,58,59,60
V3_SELECTION_SECONDS=0.282095

======================================================================
 DELTA_V3
======================================================================
BRANCH_VARIABLES=53,54,55,56,57,58,59,60
DELTA_V3 CUBE=012 RESULT=UNSAT SECONDS=26.775876 COMPLETED=1/256
DELTA_V3 CUBE=016 RESULT=UNSAT SECONDS=26.976994 COMPLETED=2/256
DELTA_V3 CUBE=030 RESULT=UNSAT SECONDS=28.290956 COMPLETED=3/256
DELTA_V3 CUBE=024 RESULT=UNSAT SECONDS=28.998769 COMPLETED=4/256
DELTA_V3 CUBE=018 RESULT=UNSAT SECONDS=29.336079 COMPLETED=5/256
DELTA_V3 CUBE=007 RESULT=UNSAT SECONDS=29.549783 COMPLETED=6/256
DELTA_V3 CUBE=002 RESULT=UNSAT SECONDS=29.587870 COMPLETED=7/256
DELTA_V3 CUBE=022 RESULT=UNSAT SECONDS=30.235121 COMPLETED=8/256
DELTA_V3 CUBE=017 RESULT=UNSAT SECONDS=30.618067 COMPLETED=9/256
DELTA_V3 CUBE=021 RESULT=UNSAT SECONDS=30.738826 COMPLETED=10/256
DELTA_V3 CUBE=028 RESULT=UNSAT SECONDS=32.017938 COMPLETED=11/256
DELTA_V3 CUBE=031 RESULT=UNSAT SECONDS=32.020645 COMPLETED=12/256
DELTA_V3 CUBE=015 RESULT=UNSAT SECONDS=32.134292 COMPLETED=13/256
DELTA_V3 CUBE=014 RESULT=UNSAT SECONDS=32.391576 COMPLETED=14/256
DELTA_V3 CUBE=009 RESULT=UNSAT SECONDS=32.417347 COMPLETED=15/256
DELTA_V3 CUBE=006 RESULT=UNSAT SECONDS=33.784013 COMPLETED=16/256
DELTA_V3 CUBE=000 RESULT=UNSAT SECONDS=34.341906 COMPLETED=17/256
DELTA_V3 CUBE=008 RESULT=UNSAT SECONDS=35.092334 COMPLETED=18/256
DELTA_V3 CUBE=026 RESULT=UNSAT SECONDS=36.376128 COMPLETED=19/256
DELTA_V3 CUBE=027 RESULT=UNSAT SECONDS=36.826146 COMPLETED=20/256
DELTA_V3 CUBE=005 RESULT=UNSAT SECONDS=37.080773 COMPLETED=21/256
DELTA_V3 CUBE=004 RESULT=UNSAT SECONDS=39.187964 COMPLETED=22/256
DELTA_V3 CUBE=011 RESULT=UNSAT SECONDS=39.554041 COMPLETED=23/256
DELTA_V3 CUBE=029 RESULT=UNSAT SECONDS=40.046333 COMPLETED=24/256
DELTA_V3 CUBE=013 RESULT=UNSAT SECONDS=40.291439 COMPLETED=25/256
DELTA_V3 CUBE=010 RESULT=UNSAT SECONDS=40.748554 COMPLETED=26/256
DELTA_V3 CUBE=003 RESULT=UNSAT SECONDS=41.410819 COMPLETED=27/256
DELTA_V3 CUBE=025 RESULT=UNSAT SECONDS=42.755778 COMPLETED=28/256
DELTA_V3 CUBE=023 RESULT=UNSAT SECONDS=46.705276 COMPLETED=29/256
DELTA_V3 CUBE=019 RESULT=UNSAT SECONDS=46.916359 COMPLETED=30/256
DELTA_V3 CUBE=001 RESULT=UNSAT SECONDS=47.771857 COMPLETED=31/256
DELTA_V3 CUBE=032 RESULT=SAT SECONDS=26.958468 COMPLETED=32/256
DELTA_V3_MODEL_VALIDATION=PASSED
DELTA_V3_SAT_CUBE=32
DELTA_V3_SAT_CUBE_LITERALS=-53 -54 -55 -56 -57 58 -59 -60
DELTA_V3_SOLVE_SECONDS=53.813062
DELTA_V3_TOTAL_SECONDS=54.095158
DELTA_V3_CUBES_COMPLETED=32
DELTA_V3_CUBES_UNSAT=31
DELTA_V3_RESULT=SAT
DELTA_V3_PROOF_STATUS=MODEL_VALIDATED
	Command being timed: "python ./delta_v3_arena.py V3"
	User time (seconds): 1114.11
	System time (seconds): 2.03
	Percent of CPU this job got: 2061%
	Elapsed (wall clock) time (h:mm:ss or m:ss): 0:54.14
	Average shared text size (kbytes): 0
	Average unshared data size (kbytes): 0
	Average stack size (kbytes): 0
	Average total size (kbytes): 0
	Maximum resident set size (kbytes): 38720
	Average resident set size (kbytes): 0
	Major (requiring I/O) page faults: 2
	Minor (reclaiming a frame) page faults: 573297
	Voluntary context switches: 21110
	Involuntary context switches: 20170
	Swaps: 0
	File system inputs: 0
	File system outputs: 24
	Socket messages sent: 0
	Socket messages received: 0
	Signals delivered: 0
	Page size (bytes): 4096
	Exit status: 0
