======================================================================
 DELTA SAT V2 — STRUCTURAL PROBE
======================================================================
TARGET_SHA256=6be9bfe6b44454a061a2e93350f589643f8a16f5bca6babdaa50a2d3d7069361
TARGET_INTEGRITY=PASSED
VARIABLES=625
CLAUSES=9216
WORKERS=32
PROBE_CONFLICT_BUDGET=100
PROBES=1250
DELTA_PROBE=START
PROBE_WALL_SECONDS=0.129474
DELTA_V2_BRANCH_VARIABLES=624,625,623,475,26,269,40,20

TOP16_STRUCTURAL_VARIABLES
VAR=624 SCORE=418.506701 POS=UNKNOWN NEG=UNKNOWN POS_T=0.001170 NEG_T=0.001219 PROP=0 DEC=0
VAR=625 SCORE=373.216074 POS=UNKNOWN NEG=UNKNOWN POS_T=0.001289 NEG_T=0.001390 PROP=0 DEC=0
VAR=623 SCORE=365.798164 POS=UNKNOWN NEG=UNKNOWN POS_T=0.001475 NEG_T=0.001258 PROP=0 DEC=0
VAR=475 SCORE=362.807184 POS=UNKNOWN NEG=UNKNOWN POS_T=0.001442 NEG_T=0.001314 PROP=0 DEC=0
VAR=26 SCORE=358.928140 POS=UNKNOWN NEG=UNKNOWN POS_T=0.001381 NEG_T=0.001405 PROP=0 DEC=0
VAR=269 SCORE=356.873927 POS=UNKNOWN NEG=UNKNOWN POS_T=0.001469 NEG_T=0.001333 PROP=0 DEC=0
VAR=40 SCORE=355.193353 POS=UNKNOWN NEG=UNKNOWN POS_T=0.001561 NEG_T=0.001255 PROP=0 DEC=0
VAR=20 SCORE=352.779106 POS=UNKNOWN NEG=UNKNOWN POS_T=0.001357 NEG_T=0.001477 PROP=0 DEC=0
VAR=72 SCORE=351.912681 POS=UNKNOWN NEG=UNKNOWN POS_T=0.001441 NEG_T=0.001400 PROP=0 DEC=0
VAR=22 SCORE=351.654782 POS=UNKNOWN NEG=UNKNOWN POS_T=0.001387 NEG_T=0.001456 PROP=0 DEC=0
VAR=239 SCORE=350.753260 POS=UNKNOWN NEG=UNKNOWN POS_T=0.001413 NEG_T=0.001438 PROP=0 DEC=0
VAR=61 SCORE=350.264169 POS=UNKNOWN NEG=UNKNOWN POS_T=0.001379 NEG_T=0.001476 PROP=0 DEC=0
VAR=23 SCORE=348.729630 POS=UNKNOWN NEG=UNKNOWN POS_T=0.001454 NEG_T=0.001413 PROP=0 DEC=0
VAR=136 SCORE=348.194507 POS=UNKNOWN NEG=UNKNOWN POS_T=0.001537 NEG_T=0.001335 PROP=0 DEC=0
VAR=351 SCORE=347.320509 POS=UNKNOWN NEG=UNKNOWN POS_T=0.001369 NEG_T=0.001510 PROP=0 DEC=0
VAR=77 SCORE=345.993225 POS=UNKNOWN NEG=UNKNOWN POS_T=0.001471 NEG_T=0.001419 PROP=0 DEC=0

DELTA_PARALLEL_SOLVE=START
CUBE=031 RESULT=UNSAT SECONDS=22.491995 COMPLETED=1/256
CUBE=028 RESULT=UNSAT SECONDS=23.994993 COMPLETED=2/256
CUBE=024 RESULT=UNSAT SECONDS=24.131930 COMPLETED=3/256
CUBE=004 RESULT=UNSAT SECONDS=24.512732 COMPLETED=4/256
CUBE=015 RESULT=UNSAT SECONDS=24.568523 COMPLETED=5/256
CUBE=000 RESULT=UNSAT SECONDS=24.614002 COMPLETED=6/256
CUBE=018 RESULT=UNSAT SECONDS=25.713248 COMPLETED=7/256
CUBE=013 RESULT=UNSAT SECONDS=26.120528 COMPLETED=8/256
CUBE=012 RESULT=UNSAT SECONDS=27.430044 COMPLETED=9/256
CUBE=019 RESULT=UNSAT SECONDS=28.088733 COMPLETED=10/256
CUBE=003 RESULT=UNSAT SECONDS=28.308380 COMPLETED=11/256
CUBE=023 RESULT=UNSAT SECONDS=28.724422 COMPLETED=12/256
CUBE=009 RESULT=UNSAT SECONDS=29.061247 COMPLETED=13/256
CUBE=027 RESULT=UNSAT SECONDS=29.585157 COMPLETED=14/256
CUBE=029 RESULT=UNSAT SECONDS=29.807279 COMPLETED=15/256
CUBE=007 RESULT=UNSAT SECONDS=30.203479 COMPLETED=16/256
CUBE=001 RESULT=UNSAT SECONDS=30.721008 COMPLETED=17/256
CUBE=002 RESULT=UNSAT SECONDS=33.418677 COMPLETED=18/256
CUBE=005 RESULT=UNSAT SECONDS=36.746310 COMPLETED=19/256
CUBE=026 RESULT=UNSAT SECONDS=38.554601 COMPLETED=20/256
CUBE=025 RESULT=UNSAT SECONDS=42.558787 COMPLETED=21/256
CUBE=022 RESULT=UNSAT SECONDS=43.491136 COMPLETED=22/256
CUBE=021 RESULT=UNSAT SECONDS=43.577438 COMPLETED=23/256
CUBE=008 RESULT=UNSAT SECONDS=44.065267 COMPLETED=24/256
CUBE=033 RESULT=UNSAT SECONDS=23.689388 COMPLETED=25/256
CUBE=035 RESULT=UNSAT SECONDS=24.921198 COMPLETED=26/256
CUBE=034 RESULT=UNSAT SECONDS=25.433147 COMPLETED=27/256
CUBE=014 RESULT=UNSAT SECONDS=50.069470 COMPLETED=28/256
CUBE=038 RESULT=UNSAT SECONDS=25.596264 COMPLETED=29/256
CUBE=036 RESULT=UNSAT SECONDS=27.679284 COMPLETED=30/256
CUBE=032 RESULT=UNSAT SECONDS=29.824855 COMPLETED=31/256
CUBE=045 RESULT=UNSAT SECONDS=24.632533 COMPLETED=32/256
CUBE=042 RESULT=UNSAT SECONDS=27.037261 COMPLETED=33/256
CUBE=017 RESULT=UNSAT SECONDS=57.017185 COMPLETED=34/256
CUBE=046 RESULT=UNSAT SECONDS=35.766378 COMPLETED=35/256
CUBE=010 RESULT=UNSAT SECONDS=65.733044 COMPLETED=36/256
CUBE=039 RESULT=UNSAT SECONDS=39.865040 COMPLETED=37/256
CUBE=006 RESULT=UNSAT SECONDS=66.194162 COMPLETED=38/256
CUBE=055 RESULT=UNSAT SECONDS=25.653624 COMPLETED=39/256
CUBE=052 RESULT=UNSAT SECONDS=27.952513 COMPLETED=40/256
CUBE=047 RESULT=UNSAT SECONDS=42.259169 COMPLETED=41/256
CUBE=051 RESULT=UNSAT SECONDS=34.339354 COMPLETED=42/256
CUBE=062 RESULT=SAT SECONDS=20.718282 COMPLETED=43/256
MODEL_VALIDATION=PASSED

======================================================================
 DELTA V2 RESULT
======================================================================
PROBE_SECONDS=0.129474
SOLVE_SECONDS=73.102303
TOTAL_SECONDS=73.231776
CUBES_COMPLETED=43
CUBES_UNSAT=42
DELTA_RESULT=SAT
DELTA_PROOF_STATUS=MODEL_VALIDATED
SAT_CUBE=62
SAT_CUBE_LITERALS=-624 625 623 475 26 269 -40 -20

DELTA_COPROCESSOR=ACTIVE
DELTA_QPU_V1=DISABLED
DELTA_V2_STRUCTURAL_PROBE=ACTIVE
CPU_BRIDGE_EXECUTION=PHYSICAL_MEASURED
PERSISTENT_CACHE=NO
BACKGROUND_SERVICE=NO
	Command being timed: "python ./delta_v2_probe.py"
	User time (seconds): 1414.15
	System time (seconds): 3.71
	Percent of CPU this job got: 1935%
	Elapsed (wall clock) time (h:mm:ss or m:ss): 1:13.26
	Average shared text size (kbytes): 0
	Average unshared data size (kbytes): 0
	Average stack size (kbytes): 0
	Average total size (kbytes): 0
	Maximum resident set size (kbytes): 44408
	Average resident set size (kbytes): 0
	Major (requiring I/O) page faults: 55
	Minor (reclaiming a frame) page faults: 950763
	Voluntary context switches: 30833
	Involuntary context switches: 25435
	Swaps: 0
	File system inputs: 0
	File system outputs: 0
	Socket messages sent: 0
	Socket messages received: 0
	Signals delivered: 0
	Page size (bytes): 4096
	Exit status: 0
