c ---- [ banner ] ------------------------------------------------------------
c
c Kissat SAT Solver
c 
c Copyright (c) 2021-2024 Armin Biere University of Freiburg
c Copyright (c) 2019-2021 Armin Biere Johannes Kepler University Linz
c 
c Version 4.0.4 8af8e56f174b778aef3aa45af9f739b2a5f492c2
c gcc (Ubuntu 15.2.0-16ubuntu1) 15.2.0 -W -Wall -O3 -DNDEBUG
c Mon Oct 5 15:05:49 CEST 2026 Linux rene 6.18.33.2-microsoft-standard-WSL2 x86_64
c
c ---- [ parsing ] -----------------------------------------------------------
c
c opened and reading DIMACS file:
c
c   /home/rene/delta_sat_lab/competition2026/hard_search/DELTA_TARGET.cnf
c
c parsed 'p cnf 625 9216' header
c closing input after reading 215499 bytes (210 KB)
c finished parsing after 0.00 seconds
c
c ---- [ solving ] -----------------------------------------------------------
c
c seconds switched rate     size/glue tier1 binary      remaining
c        MB reductions conflicts size  tier2  irredundant
c         level restarts redundant glue  trail      variables
c
c *  0.00  5 0 0 0  0 0   0   0 0.0 0 0 0 0 0%   0 9216 625 100%
c (  0.00  5 0 0 0  0 0   0   0 0.0 0 0 0 0 0%   0 9216 625 100%
c .  0.00  5 0 0 0  0 0   0   0 0.0 0 0 0 0 0%   0 9216 625 100%
c =  0.01  5 0 0 0  0 0   0   0 0.0 0 0 0 0 0%  36 9216 607 97%
c d  0.01  5 0 0 0  0 0   0   0 0.0 0 0 0 0 0%   0 9216 607 97%
c )  0.02  5 0 0 0  0 0   0   0 0.0 0 0 0 0 0%   0 9216 607 97%
c {  0.02  5 0 0 0  0 0   0   0 0.0 0 0 2 6 0%   0 9216 607 97%
c -  0.06  6 21 0 1  0 1 1002 621 5.2 37 7 5 17 89%   0 9216 607 97%
c }  0.06  6 21 1 1  0 1 1002 621 5.2 37 7 5 17 89%   0 9216 607 97%
c [  0.06  6 0 1 1  0 0 1002 621 0.0 0 0 2 6 0%   0 9216 607 97%
c B  0.06  6 0 1 1  0 0 1002 621 0.0 0 0 2 6 0%   0 9216 607 97%
c -  0.08  6 21 1 2  0 1 2004 1134 3.9 35 9 4 17 75%   0 9216 607 97%
c W  0.08  6 21 1 2  0 1 2004 1134 3.9 35 9 4 17 75%   0 9216 607 97%
c ]  0.09  6 22 2 2  0 1 2401 1371 3.2 33 10 4 17 69%   0 9216 607 97%
c {  0.09  6 21 2 2  0 1 2401 1371 5.2 37 7 5 17 89%   0 9216 607 97%
c u  0.11  6 22 2 2 99 1 2983 1633 4.2 34 8 5 17 77%   0 9216 607 97%
c v  0.11  6 22 2 2 99 1 2983 1527 4.2 34 8 5 17 77%   0 9216 607 97%
c w  0.11  6 22 2 2 99 1 2983 1447 4.2 34 8 5 17 77%   0 9216 607 97%
c x  0.11  6 22 2 2 99 1 2983 1447 4.2 34 8 5 17 77%   0 9172 607 97%
c =  0.12  6 22 2 2 99 1 2983 1447 4.2 34 8 5 17 77%   4 9172 605 97%
c
c seconds  switched rate       size/glue tier1    binary      remaining
c        MB reductions conflicts     size  tier2    irredundant
c         level restarts  redundant    glue    trail      variables
c
c d  0.12  6 22 2 2 99 1 2983 1447 4.2 34 8 5 17 77%   0 9172 605 97%
c u  0.13  6 22 2 2 99 1 2983 1433 4.2 34 8 5 17 77%   0 9172 605 97%
c v  0.13  6 22 2 2 99 1 2983 1361 4.2 34 8 5 17 77%   0 9172 605 97%
c w  0.14  6 22 2 2 99 1 2983 1313 4.2 34 8 5 17 77%   0 9172 605 97%
c }  0.15  7 26 3 2 285 2 3401 1431 2.5 34 14 5 17 68%   0 9172 605 97%
c [  0.15  7 22 3 2 285 1 3401 1431 3.2 33 10 4 17 69%   0 9172 605 97%
c -  0.16  7 23 3 3 285 1 3419 1352 3.1 33 11 5 18 68%   0 9172 605 97%
c I  0.17  7 27 3 3 285 1 4265 1773 2.2 32 15 8 21 55%   0 9172 605 97%
c ]  0.18  7 27 4 3 286 1 5088 2164 2.0 30 15 8 21 49%   0 9172 605 97%
c {  0.18  7 26 4 3 286 2 5088 2164 2.5 34 14 5 17 68%   0 9172 605 97%
c -  0.18  7 26 4 4 308 2 5151 2000 2.5 34 14 5 37 67%   0 9172 605 97%
c -  0.25  7 24 4 5 1077 2 7152 2674 1.7 28 16 13 23 63%   0 9172 605 97%
c }  0.26  7 24 5 5 1079 2 7440 2783 1.7 27 16 13 23 63%   0 9172 605 97%
c [  0.26  7 27 5 5 1079 1 7440 2783 2.0 30 15 8 21 49%   0 9172 605 97%
c B  0.27  7 29 5 5 1079 1 8040 3039 2.0 29 15 8 21 49%   0 9172 605 97%
c u  0.30  8 28 5 5 1080 1 9190 3835 2.0 29 14 11 22 49%   0 9172 605 97%
c v  0.30  8 28 5 5 1080 1 9190 3733 2.0 29 14 11 22 49%   0 9172 605 97%
c w  0.30  8 28 5 5 1080 1 9190 3718 2.0 29 14 11 22 49%   0 9172 605 97%
c -  0.31  8 28 5 6 1080 1 9393 3576 2.1 29 14 8 21 49%   0 9172 605 97%
c -  0.36  8 27 5 7 1081 1 11843 4987 2.0 31 15 9 22 51%   0 9172 605 97%
c
c seconds  switched   rate        size/glue  tier1    binary      remaining
c        MB reductions  conflicts       size   tier2    irredundant
c         level  restarts    redundant     glue    trail      variables
c
c ]  0.37  8 27 6 7 1081 1 12152 5221 2.0 32 15 9 22 51%   0 9172 605 97%
c {  0.37  8 24 6 7 1081 2 12152 5221 1.7 27 16 13 23 63%   0 9172 605 97%
c -  0.39  8 26 6 8 1082 1 14489 6296 1.7 26 15 13 22 49%   0 9172 605 97%
c e  0.39  8 26 6 8 1082 1 14912 6588 1.7 25 15 13 22 48%   0 9156 601 96%
c e  0.39  8 26 6 8 1082 1 14912 6588 1.7 25 15 13 22 48%   0 9156 593 95%
c ^  0.39  8 26 6 8 1082 1 14912 6588 1.7 25 15 13 22 48%   0 9156 593 95%
c o  0.39  8 26 6 8 1082 1 14912 6399 1.7 25 15 13 22 48%   0 9156 593 95%
c }  0.41  8 29 7 8 1083 1 16222 7219 1.8 24 14 13 22 48%   0 9156 593 95%
c [  0.41  8 27 7 8 1083 1 16222 7219 2.0 32 15 9 22 51%   0 9156 593 95%
c W  0.41  7 27 7 8 1083 1 16222 7219 2.0 32 15 9 22 51%   0 9156 593 95%
c -  0.44  9 27 7 9 1083 1 17317 7085 2.0 31 15 8 21 50%   0 9156 593 95%
c ]  0.45  9 26 8 9 1084 1 17798 7362 2.0 30 15 8 21 50%   0 9156 593 95%
c {  0.45  9 29 8 9 1084 1 17798 7362 1.8 24 14 13 22 48%   0 9156 593 95%
c u  0.50 10 29 8 9 1084 1 18829 7655 2.0 26 13 13 22 51%   0 9156 593 95%
c v  0.50 10 29 8 9 1084 1 18829 7522 2.0 26 13 13 22 51%   0 9156 593 95%
c =  0.52 10 29 8 9 1084 1 18829 7522 2.0 26 13 13 22 51%   2 9156 592 95%
c d  0.52 10 29 8 9 1084 1 18829 7522 2.0 26 13 13 22 51%   0 9156 592 95%
c u  0.54  8 29 8 9 1084 1 18829 7470 2.0 26 13 13 22 51%   0 9156 592 95%
c v  0.54  8 29 8 9 1084 1 18829 7454 2.0 26 13 13 22 51%   0 9156 592 95%
c =  0.56  9 29 8 9 1084 1 18829 7454 2.0 26 13 13 22 51%   6 9156 589 94%
c
c seconds  switched   rate        size/glue  tier1     binary      remaining
c        MB reductions  conflicts       size    tier2    irredundant
c         level  restarts    redundant     glue     trail      variables
c
c d  0.56  9 29 8 9 1084 1 18829 7454 2.0 26 13 13 22 51%   0 9156 589 94%
c -  0.58  9 29 8 10 1093 1 20317 6149 2.1 25 12 7 20 49%   0 9156 589 94%
c -  0.61  9 31 8 11 1099 1 23480 6627 2.2 25 11 6 19 47%   0 9156 589 94%
c }  0.61  9 32 9 11 1099 1 23957 6962 2.2 25 11 6 19 46%   0 9156 589 94%
c [  0.61  9 26 9 11 1099 1 23957 6962 2.0 30 15 8 21 50%   0 9156 589 94%
c O  0.61  9 26 9 11 1099 1 23957 6962 2.0 30 15 8 21 50%   0 9156 589 94%
c o  0.64  9 26 9 11 1100 1 25376 7790 2.0 30 15 8 21 50%   0 9156 589 94%
c -  0.64  9 28 9 12 1100 1 26796 7641 2.0 29 15 9 21 46%   0 9156 589 94%
c s  0.66  9 30 9 12 1101 1 29836 9436 2.1 28 13 9 21 44%   0 9072 589 94%
c ^  0.67  9 30 9 12 1101 1 29836 9436 2.1 28 13 9 21 44%   0 9072 589 94%
c -  0.67  9 30 9 13 1101 1 30261 8833 2.1 28 13 6 20 45%   0 9072 589 94%
c ]  0.69  9 30 10 13 1102 1 30749 9091 2.1 28 13 6 20 45%   0 9072 589 94%
c {  0.69  9 32 10 13 1102 1 30749 9091 2.2 25 11 6 19 46%   0 9072 589 94%
c u  0.72  9 33 10 13 1435 1 32111 9193 1.9 26 14 6 19 44%   0 9072 589 94%
c v  0.73  9 33 10 13 1435 1 32111 9149 1.9 26 14 6 19 44%   0 9072 589 94%
c w  0.73  9 33 10 13 1435 1 32111 9083 1.9 26 14 6 19 44%   0 9072 589 94%
c =  0.75  9 33 10 13 1435 1 32111 9083 1.9 26 14 6 19 44%   6 9072 586 94%
c d  0.75  9 33 10 13 1435 1 32111 9083 1.9 26 14 6 19 44%   0 9072 586 94%
c u  0.76  9 33 10 13 1435 1 32111 9019 1.9 26 14 6 19 44%   0 9072 586 94%
c v  0.77  9 33 10 13 1435 1 32111 8963 1.9 26 14 6 19 44%   0 9072 586 94%
c
c seconds   switched    rate        size/glue  tier1    binary      remaining
c        MB   reductions  conflicts       size   tier2    irredundant
c         level    restarts    redundant     glue    trail      variables
c
c w  0.77  9 33 10 13 1435 1 32111 8891 1.9 26 14 6 19 44%   0 9072 586 94%
c =  0.79  9 33 10 13 1435 1 32111 8891 1.9 26 14 6 19 44%   8 9072 582 93%
c d  0.79  9 33 10 13 1435 1 32111 8879 1.9 26 14 6 19 44%   0 9072 582 93%
c -  0.82  9 33 10 14 1449 1 33866 8816 1.9 27 14 6 20 44%   0 9072 582 93%
c -  0.86  9 35 10 15 1449 1 37607 10965 2.0 27 13 7 20 41%   0 9072 582 93%
c }  0.88  9 35 11 15 1449 1 39377 12261 2.1 27 13 7 20 41%   0 9072 582 93%
c [  0.88  9 30 11 15 1449 1 39377 12261 2.1 28 13 6 20 45%   0 9072 582 93%
c B  0.88  9 30 11 15 1449 1 39377 12261 2.1 28 13 6 20 45%   0 9072 582 93%
c -  0.93  9 29 11 16 1450 1 41480 12515 2.0 27 13 6 20 43%   0 9072 582 93%
c -  0.98 10 29 11 17 1452 1 45480 13217 2.1 27 13 5 19 42%   0 9072 582 93%
c ]  1.00 10 29 12 17 1453 1 47213 14404 2.0 27 13 5 19 41%   0 9072 582 93%
c {  1.00 10 35 12 17 1453 1 47213 14404 2.1 27 13 7 20 41%   0 9072 582 93%
c o  1.01 10 35 12 17 1454 1 47602 14673 2.1 27 13 7 20 41%   0 9072 582 93%
c u  1.03 10 35 12 17 1455 1 49236 15480 2.1 27 13 7 20 40%   0 9072 582 93%
c v  1.04 12 35 12 17 1455 1 49236 15423 2.1 27 13 7 20 40%   0 9072 582 93%
c w  1.05 12 35 12 17 1455 1 49236 15397 2.1 27 13 7 20 40%   0 9072 582 93%
c =  1.08 12 35 12 17 1455 1 49236 15397 2.1 27 13 7 20 40%   2 9072 581 93%
c d  1.08 12 35 12 17 1455 1 49236 15397 2.1 27 13 7 20 40%   0 9072 581 93%
c u  1.09 10 35 12 17 1455 1 49236 15327 2.1 27 13 7 20 40%   0 9072 581 93%
c v  1.10 10 35 12 17 1455 1 49236 15265 2.1 27 13 7 20 40%   0 9072 581 93%
c
c seconds   switched    rate         size/glue  tier1    binary      remaining
c        MB   reductions  conflicts        size   tier2    irredundant
c         level    restarts     redundant     glue    trail      variables
c
c w  1.11 10 35 12 17 1455 1 49236 15251 2.1 27 13 7 20 40%   0 9072 581 93%
c -  1.14 10 35 12 18 1455 1 49604 13491 2.1 27 13 7 19 40%   0 9072 581 93%
c -  1.17 10 40 12 19 1458 1 53846 14377 2.0 25 13 7 18 38%   0 9072 581 93%
c -  1.25 10 41 12 20 1463 1 58205 14554 2.2 26 12 6 16 41%   0 9072 581 93%
c }  1.26 10 41 13 20 1463 1 58694 14906 2.2 27 12 6 16 41%   0 9072 581 93%
c [  1.26 10 29 13 20 1463 1 58694 14906 2.0 27 13 5 19 41%   0 9072 581 93%
c W  1.27 10 29 13 20 1463 1 58694 14906 2.0 27 13 5 19 41%   0 9072 581 93%
c ]  1.39 10 28 14 20 1465 1 62020 16622 2.0 27 14 5 19 43%   0 9072 581 93%
c {  1.39 10 41 14 20 1465 1 62020 16622 2.2 27 12 6 16 41%   0 9072 581 93%
c ^  1.40 10 41 14 20 1482 1 62231 16759 2.2 27 12 6 16 41%   0 9072 581 93%
c -  1.41 10 40 14 21 1503 1 62679 14876 2.2 27 12 6 16 41%   0 9072 581 93%
c -  1.45 10 41 14 22 1508 1 67261 15776 2.2 25 12 6 16 39%   0 9072 581 93%
c u  1.53 10 41 14 22 1510 1 70306 18000 2.3 26 11 6 16 40%   0 9072 581 93%
c v  1.54 10 41 14 22 1510 1 70306 17955 2.3 26 11 6 16 40%   0 9072 581 93%
c w  1.55 10 41 14 22 1510 1 70306 17774 2.3 26 11 6 16 40%   0 9072 581 93%
c -  1.57 10 41 14 23 1519 1 71952 17093 2.3 26 11 6 15 40%   0 9072 581 93%
c }  1.74 10 39 15 23 1519 1 76735 20776 2.5 26 11 6 15 43%   0 9072 581 93%
c [  1.74 10 28 15 23 1519 1 76735 20776 2.0 27 14 5 19 43%   0 9072 581 93%
c I  1.74 10 28 15 23 1519 1 76735 20776 2.0 27 14 5 19 43%   0 9072 581 93%
c -  1.75 10 28 15 24 1519 1 76747 19147 2.0 27 14 5 19 43%   0 9072 581 93%
c
c seconds   switched    rate         size/glue  tier1    binary      remaining
c        MB   reductions  conflicts        size   tier2    irredundant
c         level    restarts     redundant     glue    trail      variables
c
c o  1.82 10 28 15 24 1521 1 79391 20868 2.0 27 13 5 19 44%   0 9072 581 93%
c -  1.83 10 29 15 25 1521 1 81648 20268 2.0 26 13 4 19 42%   0 9072 581 93%
c -  1.91 11 28 15 26 1524 1 86649 21679 2.0 27 13 4 18 41%   0 9072 581 93%
c -  2.03 11 28 15 27 1525 1 91748 23112 2.1 27 13 4 18 42%   0 9072 581 93%
c ]  2.06 11 28 16 27 1526 1 93333 24236 2.1 27 13 4 18 42%   0 9072 581 93%
c {  2.06 11 39 16 27 1526 1 93333 24236 2.5 26 11 6 15 43%   0 9072 581 93%
c u  2.13 11 39 16 27 1675 1 95471 25573 2.5 26 11 6 15 42%   0 9072 581 93%
c v  2.15 11 39 16 27 1675 1 95471 25310 2.5 26 11 6 15 42%   0 9072 581 93%
c w  2.16 11 39 16 27 1675 1 95471 25107 2.5 26 11 6 15 42%   0 9072 581 93%
c -  2.28 12 38 16 28 1682 1 96945 19669 2.5 26 10 4 13 43%   0 9072 581 93%
c -  2.46 12 37 16 29 1690 1 102237 18378 2.7 26 10 3 12 45%   0 9072 581 93%
c -  2.62 12 36 16 30 1690 1 107623 19414 2.7 25 9 3 11 47%   0 9072 581 93%
c }  2.75 12 35 17 30 1720 1 111670 22546 2.8 26 9 3 11 48%   0 9072 581 93%
c [  2.75 12 28 17 30 1720 1 111670 22546 2.1 27 13 4 18 42%   0 9072 581 93%
c B  2.75 12 28 17 30 1720 1 111670 22546 2.1 27 13 4 18 42%   0 9072 581 93%
c -  2.77 12 28 17 31 1721 1 113100 20615 2.1 27 13 4 17 41%   0 9072 581 93%
c ^  2.80 12 28 17 31 1722 1 114408 21531 2.1 27 13 4 17 42%   0 9072 581 93%
c -  2.94 12 28 17 32 1724 1 118669 20040 2.0 27 13 3 17 42%   0 9072 581 93%
c -  3.09 12 28 17 33 1726 1 124327 18782 2.0 27 13 3 17 41%   0 9072 581 93%
c u  3.14 12 28 17 33 1726 1 124878 18920 2.0 27 13 3 17 41%   0 9072 581 93%
c
c seconds   switched    rate          size/glue  tier1    binary      remaining
c        MB   reductions  conflicts         size   tier2    irredundant
c         level    restarts      redundant     glue    trail      variables
c
c v  3.18 12 28 17 33 1726 1 124878 18559 2.0 27 13 3 17 41%   0 9072 581 93%
c w  3.19 12 28 17 33 1726 1 124878 18518 2.0 27 13 3 17 41%   0 9072 581 93%
c o  3.19 12 28 17 33 1726 1 124878 18518 2.0 27 13 3 17 41%   0 9072 581 93%
c -  3.27 12 28 17 34 1729 1 130071 19369 2.0 26 13 3 16 40%   0 9072 581 93%
c W  3.30 12 29 17 34 1730 1 132582 21227 2.0 26 13 3 16 39%   0 9072 581 93%
c -  3.36 12 29 17 35 1732 1 135902 21280 2.0 26 13 2 16 39%   0 9072 581 93%
c ]  3.39 12 29 18 35 1733 1 137236 22261 2.0 26 13 2 16 38%   0 9072 581 93%
c {  3.39 12 35 18 35 1733 1 137236 22261 2.8 26 9 3 11 48%   0 9072 581 93%
c -  3.45 12 35 18 36 1779 1 141819 19751 2.8 25 9 2 10 47%   0 9072 581 93%
c -  3.53 12 34 18 37 1784 1 147820 20222 2.9 25 9 2 10 46%   0 9072 581 93%
c -  3.65 12 34 18 38 1792 1 153904 21423 3.0 25 8 2 9 47%   0 9072 581 93%
c u  3.85 12 33 18 38 1825 1 158619 24893 3.2 26 8 2 9 47%   0 9072 581 93%
c v  3.88 12 33 18 38 1825 1 158619 24738 3.2 26 8 2 9 47%   0 9072 581 93%
c w  3.88 12 33 18 38 1825 1 158619 24660 3.2 26 8 2 9 47%   0 9072 581 93%
c }  3.94 12 33 19 38 2070 1 159582 25308 3.1 26 8 2 9 47%   0 9072 581 93%
c [  3.94 12 29 19 38 2070 1 159582 25308 2.0 26 13 2 16 38%   0 9072 581 93%
c O  3.94 12 29 19 38 2070 1 159582 25308 2.0 26 13 2 16 38%   0 9072 581 93%
c -  3.95 12 29 19 39 2070 1 160069 22155 2.0 26 13 2 16 38%   0 9072 581 93%
c -  4.09 12 29 19 40 2074 1 166317 22499 2.0 26 13 2 15 38%   0 9072 581 93%
c -  4.21 12 29 19 41 2076 1 172641 22854 2.1 26 12 2 15 38%   0 9072 581 93%
c
c seconds   switched    rate          size/glue  tier1    binary      remaining
c        MB   reductions  conflicts         size   tier2    irredundant
c         level    restarts      redundant     glue    trail      variables
c
c -  4.34 12 29 19 42 2079 1 179045 23154 2.1 26 12 2 14 38%   0 9072 581 93%
c o  4.35 12 29 19 42 2080 1 179758 23614 2.1 26 12 2 14 38%   0 9072 581 93%
c ]  4.42 12 29 20 42 2082 1 185068 27061 2.1 25 12 2 14 37%   0 9072 581 93%
c {  4.42 12 33 20 42 2082 1 185068 27061 3.1 26 8 2 9 47%   0 9072 581 93%
c -  4.45 12 33 20 43 2201 1 185525 22847 3.1 26 8 2 9 47%   0 9072 581 93%
c ^  4.56 12 33 20 43 2467 2 188551 24997 3.1 26 8 2 9 47%   0 9072 581 93%
c -  4.62 12 34 20 44 2638 2 192082 23514 3.1 26 8 2 9 47%   0 9072 581 93%
c u  4.79 12 34 20 44 2866 2 196812 26246 3.1 26 8 2 8 47%   0 9072 581 93%
c v  4.83 12 34 20 44 2866 2 196812 26110 3.1 26 8 2 8 47%   0 9072 581 93%
c w  4.84 12 34 20 44 2866 2 196812 26061 3.1 26 8 2 8 47%   0 9072 581 93%
c -  5.03 12 34 20 45 3358 2 198715 21547 3.1 26 8 1 8 47%   0 9072 581 93%
c -  5.22 12 33 20 46 3869 2 205423 21941 3.1 26 8 1 8 47%   0 9072 581 93%
c }  5.38 12 33 21 46 3919 2 211807 27024 3.2 26 8 1 8 47%   0 9072 581 93%
c [  5.38 12 29 21 46 3919 1 211807 27024 2.1 25 12 2 14 37%   0 9072 581 93%
c B  5.38 12 29 21 46 3919 1 211807 27024 2.1 25 12 2 14 37%   0 9072 581 93%
c -  5.39 12 29 21 47 3919 1 212206 23356 2.1 25 12 2 14 37%   0 9072 581 93%
c -  5.54 12 28 21 48 3923 1 219061 23410 2.1 26 12 1 14 37%   0 9072 581 93%
c -  5.62 12 28 21 49 3925 1 225991 22700 2.2 26 12 1 14 36%   0 9072 581 93%
c -  5.75 12 28 21 50 3929 1 232993 23293 2.2 25 12 1 14 36%   0 9072 581 93%
c u  5.92 12 28 21 50 3932 1 239578 27949 2.2 26 12 1 14 37%   0 9072 581 93%
c
c seconds   switched    rate          size/glue  tier1    binary      remaining
c        MB   reductions  conflicts         size   tier2    irredundant
c         level    restarts      redundant     glue    trail      variables
c
c v  5.95 12 28 21 50 3932 1 239578 27624 2.2 26 12 1 14 37%   0 9072 581 93%
c w  5.96 13 28 21 50 3932 1 239578 27421 2.2 26 12 1 14 37%   0 9072 581 93%
c -  5.99 13 28 21 51 3932 1 240064 23337 2.2 26 12 1 14 37%   0 9072 581 93%
c W  6.08 13 28 21 51 3933 1 243258 25813 2.2 26 12 1 14 37%   0 9072 581 93%
c o  6.08 13 28 21 51 3933 1 243258 25813 2.2 26 12 1 14 37%   0 9072 581 93%
c -  6.12 13 28 21 52 3933 1 247206 23528 2.2 26 12 1 14 36%   0 9072 581 93%
c -  6.21 13 28 21 53 3936 1 254417 24167 2.2 25 12 1 13 35%   0 9072 581 93%
c ]  6.23 13 28 22 53 3936 1 255393 24898 2.2 25 12 1 13 35%   0 9072 581 93%
c {  6.23 13 33 22 53 3936 2 255393 24898 3.2 26 8 1 8 47%   0 9072 581 93%
c -  6.84 13 31 22 54 5512 2 261697 22051 2.8 26 9 1 8 50%   0 9072 581 93%
c -  7.44 13 30 22 55 6201 2 269045 22843 2.9 27 9 1 7 54%   0 9072 581 93%
c -  7.64 13 30 22 56 6205 2 276463 26519 3.1 27 9 1 7 54%   0 9072 581 93%
c -  8.00 13 29 22 57 6536 2 283948 28132 3.2 28 9 1 6 54%   0 9072 581 93%
c !  8.08 13 29 22 57 6588 2 286690 30195 3.2 28 9 1 6 54%   0 9072 581 93%
c }  8.09 13 29 23 57 6590 2 286910 30365 3.2 28 9 1 6 54%   0 9072 581 93%
c [  8.09 13 28 23 57 6590 1 286910 30365 2.2 25 12 1 13 35%   0 9072 581 93%
c I  8.09 13 28 23 57 6590 1 286910 30365 2.2 25 12 1 13 35%   0 9072 581 93%
c u  8.18 13 28 23 57 6590 1 286975 29198 2.2 25 12 1 13 35%   0 9072 581 93%
c v  8.27 14 28 23 57 6590 1 286975 28476 2.2 25 12 1 13 35%   0 9072 581 93%
c w  8.30 14 28 23 57 6590 1 286975 27827 2.2 25 12 1 13 35%   0 9072 581 93%
c
c seconds   switched    rate          size/glue  tier1    binary      remaining
c        MB   reductions  conflicts         size   tier2    irredundant
c         level    restarts      redundant     glue    trail      variables
c
c -  8.40 14 28 23 58 6592 1 291498 26003 2.2 25 11 1 13 36%   0 9072 581 93%
c -  8.59 14 28 23 59 6596 1 299113 26868 2.3 25 11 1 13 37%   0 9072 581 93%
c -  8.74 14 28 23 60 6599 1 306795 26896 2.2 25 11 1 12 37%   0 9072 581 93%
c -  9.06 14 27 23 61 6603 1 314540 25945 2.3 25 11 1 12 37%   0 9072 581 93%
c -  9.34 14 26 23 62 6604 1 322351 26751 2.3 26 11 1 12 38%   0 9072 581 93%
c o  9.49 14 26 23 62 6606 1 325906 29652 2.3 26 11 1 12 38%   0 9072 581 93%
c B  9.49 14 26 23 62 6606 1 326351 29949 2.3 26 11 1 12 38%   0 9072 581 93%
c -  9.65 14 26 23 63 6608 1 330226 27244 2.3 26 11 1 11 38%   0 9072 581 93%
c -  9.92 14 26 23 64 6611 1 338165 28392 2.3 26 11 1 11 38%   0 9072 581 93%
c u 10.01 14 26 23 64 6612 1 339123 28258 2.3 26 11 1 11 38%   0 9072 581 93%
c v 10.08 14 26 23 64 6612 1 339123 27830 2.3 26 11 1 11 38%   0 9072 581 93%
c w 10.10 14 26 23 64 6612 1 339123 27664 2.3 26 11 1 11 38%   0 9072 581 93%
c - 10.29 14 26 23 65 6617 1 346166 27594 2.3 26 11 1 11 38%   0 9072 581 93%
c ] 10.33 14 26 24 65 6618 1 348397 29315 2.3 26 11 1 11 37%   0 9072 581 93%
c { 10.33 14 29 24 65 6618 2 348397 29315 3.2 28 9 1 6 54%   0 9072 581 93%
c - 10.48 14 30 24 66 6881 2 354229 28245 3.2 27 9 1 6 53%   0 9072 581 93%
c - 10.88 14 30 24 67 7549 2 362353 30272 3.2 28 9 1 6 53%   0 9072 581 93%
c - 11.25 14 30 24 68 7957 2 370538 32181 3.3 28 8 1 6 53%   0 9072 581 93%
c - 11.61 14 30 24 69 8763 2 378784 32523 3.2 28 9 1 6 52%   0 9072 581 93%
c } 11.88 14 29 25 69 8763 2 385076 37834 3.4 29 9 1 6 53%   0 9072 581 93%
c
c seconds   switched    rate          size/glue  tier1    binary      remaining
c        MB   reductions  conflicts         size   tier2    irredundant
c         level    restarts      redundant     glue    trail      variables
c
c [ 11.88 14 26 25 69 8763 1 385076 37834 2.3 26 11 1 11 37%   0 9072 581 93%
c W 11.89 14 26 25 69 8763 1 385076 37834 2.3 26 11 1 11 37%   0 9072 581 93%
c - 11.99 14 26 25 70 8764 1 387090 33130 2.3 26 11 1 10 38%   0 9072 581 93%
c - 12.27 14 26 25 71 8769 1 395458 33394 2.3 26 11 1 10 37%   0 9072 581 93%
c u 12.39 14 26 25 71 8769 1 396083 32650 2.3 26 11 1 10 37%   0 9072 581 93%
c v 12.48 14 26 25 71 8769 1 396083 32405 2.3 26 11 1 10 37%   0 9072 581 93%
c w 12.51 14 26 25 71 8769 1 396083 32255 2.3 26 11 1 10 37%   0 9072 581 93%
c - 13.05 16 26 25 72 8772 1 403884 30989 2.4 26 11 1 10 38%   0 9072 581 93%
c o 13.23 16 26 25 72 8776 1 408905 35017 2.4 26 11 1 10 38%   0 9072 581 93%
c - 13.29 16 26 25 73 8776 1 412371 31619 2.4 26 11 1 10 37%   0 9072 581 93%
c - 13.51 16 26 25 74 8777 1 420915 32068 2.4 26 11 1 10 37%   0 9072 581 93%
c - 13.71 16 26 25 75 8782 1 429517 31644 2.4 26 11 1 9 36%   0 9072 581 93%
c O 13.83 16 26 25 75 8784 1 433237 34672 2.4 26 11 1 9 36%   0 9072 581 93%
c ] 13.87 16 26 26 75 8784 1 434086 35416 2.4 26 11 1 9 37%   0 9072 581 93%
c { 13.87 16 29 26 75 8784 2 434086 35416 3.4 29 9 1 6 53%   0 9072 581 93%
c - 14.06 16 29 26 76 9364 2 438177 33049 3.3 28 9 1 6 52%   0 9072 581 93%
c - 14.52 16 29 26 77 10018 2 446894 35557 3.3 29 9 1 5 52%   0 9072 581 93%
c - 14.91 16 28 26 78 10318 2 455669 38100 3.4 29 9 1 5 52%   0 9072 581 93%
c u 15.08 16 28 26 78 10361 2 457944 39366 3.4 29 9 1 5 52%   0 9072 581 93%
c v 15.18 20 28 26 78 10361 2 457944 39288 3.4 29 9 1 5 52%   0 9072 581 93%
c
c seconds   switched     rate          size/glue tier1   binary      remaining
c        MB   reductions   conflicts         size  tier2   irredundant
c         level    restarts       redundant    glue   trail      variables
c
c w 15.22 20 28 26 78 10361 2 457944 39230 3.4 29 9 1 5 52%   0 9072 581 93%
c - 15.64 19 28 26 79 11108 2 464501 38234 3.4 30 9 1 5 51%   0 9072 581 93%
c - 16.04 19 28 26 80 11530 2 473391 38911 3.4 29 9 1 5 51%   0 9072 581 93%
c } 16.22 19 28 27 80 11552 2 476305 41362 3.4 29 9 1 5 51%   0 9072 581 93%
c [ 16.22 19 26 27 80 11552 1 476305 41362 2.4 26 11 1 9 37%   0 9072 581 93%
c - 16.43 19 26 27 81 11556 1 482336 39945 2.4 26 11 1 9 37%   0 9072 581 93%
c B 16.60 19 26 27 81 11558 1 486024 43073 2.5 27 11 1 9 37%   0 9072 581 93%
c - 16.85 19 26 27 82 11560 1 491337 40187 2.5 26 11 1 9 37%   0 9072 581 93%
c - 17.26 19 25 27 83 11565 1 500392 38514 2.5 27 11 1 8 37%   0 9072 581 93%
c - 17.69 19 25 27 84 11566 1 509502 37044 2.5 27 11 1 8 38%   0 9072 581 93%
c - 18.18 19 25 27 85 11572 1 518667 36112 2.5 28 11 1 8 39%   0 9072 581 93%
c ] 18.29 19 25 28 85 11573 1 522279 39057 2.5 28 11 1 8 39%   0 9072 581 93%
c { 18.29 19 28 28 85 11573 2 522279 39057 3.4 29 9 1 5 51%   0 9072 581 93%
c o 18.29 19 28 28 85 11577 2 522364 39117 3.4 29 9 1 5 51%   0 9072 581 93%
c u 18.56 20 28 28 85 11920 2 524767 39605 3.4 29 9 1 5 51%   0 9072 581 93%
c v 18.67 21 28 28 85 11920 2 524767 38633 3.4 29 9 1 5 51%   0 9072 581 93%
c w 18.72 21 28 28 85 11920 2 524767 38618 3.4 29 9 1 5 51%   0 9072 581 93%
c - 18.90 19 28 28 86 12371 2 527886 35103 3.4 29 9 1 5 51%   0 9072 581 93%
c - 19.50 19 28 28 87 13521 2 537160 37857 3.4 30 9 1 4 50%   0 9072 581 93%
c - 19.98 19 28 28 88 14688 3 546487 39560 3.3 29 9 1 4 50%   0 9072 581 93%
c
c seconds   switched     rate          size/glue tier1   binary      remaining
c        MB   reductions   conflicts         size  tier2   irredundant
c         level    restarts       redundant    glue   trail      variables
c
c - 20.49 20 28 28 89 15274 3 555868 41505 3.3 30 9 1 4 50%   0 9072 581 93%
c - 21.05 19 28 28 90 16095 3 565301 43170 3.3 30 9 1 4 49%   0 9072 581 93%
c } 21.29 19 28 29 90 16395 3 570417 47555 3.3 30 9 1 4 49%   0 9072 581 93%
c [ 21.29 19 25 29 90 16395 1 570417 47555 2.5 28 11 1 8 39%   0 9072 581 93%
c W 21.34 16 25 29 90 16395 1 570417 47555 2.5 28 11 1 8 39%   0 9072 581 93%
c - 21.48 16 25 29 91 16398 1 574788 43964 2.5 27 11 1 8 38%   0 9072 581 93%
c - 21.80 16 25 29 92 16402 1 584327 43659 2.5 27 11 1 8 38%   0 9072 581 93%
c - 22.22 16 25 29 93 16408 1 593919 42019 2.5 28 11 1 7 38%   0 9072 581 93%
c u 22.39 21 25 29 93 16408 1 596639 43499 2.5 28 11 1 7 38%   0 9072 581 93%
c v 22.48 21 25 29 93 16408 1 596639 43037 2.5 28 11 1 7 38%   0 9072 581 93%
c w 22.51 21 25 29 93 16408 1 596639 42882 2.5 28 11 1 7 38%   0 9072 581 93%
c - 22.81 19 25 29 94 16409 1 603564 40831 2.5 28 11 1 7 38%   0 9072 581 93%
c - 23.24 19 25 29 95 16415 1 613260 41598 2.5 28 11 1 7 38%   0 9072 581 93%
c - 23.55 19 25 29 96 16419 1 623007 42613 2.5 27 11 1 7 37%   0 9072 581 93%
c ] 24.09 20 24 30 96 16423 1 632310 50618 2.5 28 11 1 7 38%   0 9072 581 93%
c { 24.09 20 28 30 96 16423 3 632310 50618 3.3 30 9 1 4 49%   0 9072 581 93%
c o 24.10 20 28 30 96 16438 3 632411 50699 3.3 30 9 1 4 49%   0 9072 581 93%
c - 24.13 20 28 30 97 16503 3 632804 42677 3.3 30 9 1 4 49%   0 9072 581 93%
c - 24.76 20 28 30 98 17357 3 642652 44285 3.3 30 9 1 4 49%   0 9072 581 93%
c - 25.59 20 28 30 99 18531 3 652552 46771 3.4 30 9 1 4 49%   0 9072 581 93%
c
c seconds   switched      rate          size/glue tier1   binary      remaining
c        MB   reductions    conflicts         size  tier2   irredundant
c         level     restarts       redundant    glue   trail      variables
c
c - 26.32 21 28 30 100 19022 3 662501 48696 3.4 31 9 1 3 50%   0 9072 581 93%
c - 26.96 20 27 30 101 20083 3 672501 49411 3.4 31 9 1 3 49%   0 9072 581 93%
c u 27.20 22 27 30 101 20083 3 673622 48775 3.4 31 9 1 3 49%   0 9072 581 93%
c v 27.39 22 27 30 101 20083 3 673622 48704 3.4 31 9 1 3 49%   0 9072 581 93%
c w 27.45 22 27 30 101 20083 3 673622 48699 3.4 31 9 1 3 49%   0 9072 581 93%
c - 28.13 21 27 30 102 20704 3 682551 49217 3.5 31 9 1 3 49%   0 9072 581 93%
c } 28.49 20 27 31 102 21565 3 686744 52848 3.4 31 9 1 3 49%   0 9072 581 93%
c [ 28.49 20 24 31 102 21565 1 686744 52848 2.5 28 11 1 7 38%   0 9072 581 93%
c I 28.49 20 24 31 102 21565 1 686744 52848 2.5 28 11 1 7 38%   0 9072 581 93%
c - 28.86 21 24 31 103 21569 1 692651 48882 2.5 28 11 1 7 38%   0 9072 581 93%
c - 29.38 20 24 31 104 21574 1 702800 45924 2.4 28 12 1 6 38%   0 9072 581 93%
c - 29.95 20 24 31 105 21579 1 712999 45124 2.4 28 12 1 6 38%   0 9072 581 93%
c - 30.30 21 25 31 106 21581 1 723247 45150 2.4 29 12 1 6 37%   0 9072 581 93%
c - 30.65 21 25 31 107 21586 1 733542 45535 2.4 29 12 1 6 37%   0 9072 581 93%
c o 31.05 20 25 31 107 21593 1 743257 53923 2.3 28 12 1 6 36%   0 9072 581 93%
c - 31.07 21 25 31 108 21593 1 743886 45873 2.3 28 12 1 6 36%   0 9072 581 93%
c - 31.54 20 25 31 109 21594 1 754278 47315 2.4 29 12 1 6 36%   0 9072 581 93%
c B 31.55 20 25 31 109 21594 1 754427 47450 2.4 29 12 1 6 36%   0 9072 581 93%
c u 31.79 22 25 31 109 21594 1 755777 47489 2.4 29 12 1 6 37%   0 9072 581 93%
c v 31.83 22 25 31 109 21594 1 755777 46722 2.4 29 12 1 6 37%   0 9072 581 93%
c
c seconds   switched      rate          size/glue  tier1   binary      remaining
c        MB   reductions    conflicts         size   tier2   irredundant
c         level     restarts       redundant     glue   trail      variables
c
c w 32.01 22 25 31 109 21594 1 755777 46400 2.4 29 12 1 6 37%   0 9072 581 93%
c - 32.73 21 25 31 110 21595 1 764719 46698 2.4 28 12 1 6 36%   0 9072 581 93%
c ] 33.15 21 25 32 110 21596 1 774790 55384 2.4 28 12 1 6 36%   0 9072 581 93%
c { 33.15 21 27 32 110 21596 3 774790 55384 3.4 31 9 1 3 49%   0 9072 581 93%
c - 33.19 20 27 32 111 21602 3 775208 47338 3.4 31 9 1 3 49%   0 9072 581 93%
c - 33.97 20 27 32 112 22557 3 785744 49863 3.4 32 9 1 3 49%   0 9072 581 93%
c - 34.86 21 27 32 113 23079 3 796327 53973 3.6 33 9 1 3 50%   0 9072 581 93%
c - 35.73 22 27 32 114 24421 3 806958 54989 3.5 33 9 1 2 50%   0 9072 581 93%
c - 36.80 22 26 32 115 24426 3 817636 57186 3.8 34 9 1 2 51%   0 9072 581 93%
c - 37.69 23 26 32 116 25763 3 828360 58537 3.8 34 9 1 2 51%   0 9072 581 93%
c } 38.48 22 26 33 116 26704 3 835894 65442 3.8 34 9 1 2 52%   0 9072 581 93%
c [ 38.48 22 25 33 116 26704 1 835894 65442 2.4 28 12 1 6 36%   0 9072 581 93%
c W 38.60 18 25 33 116 26704 1 835894 65442 2.4 28 12 1 6 36%   0 9072 581 93%
c - 38.75 19 25 33 117 26706 1 839132 55980 2.4 28 12 1 6 36%   0 9072 581 93%
c u 39.20 19 25 33 117 26709 1 843160 57909 2.4 28 12 1 6 36%   0 9072 581 93%
c v 39.45 19 25 33 117 26709 1 843160 57638 2.4 28 12 1 6 36%   0 9072 581 93%
c w 39.54 19 25 33 117 26709 1 843160 57630 2.4 28 12 1 6 36%   0 9072 581 93%
c - 40.09 19 24 33 118 26711 1 849948 51797 2.4 28 12 1 5 37%   0 9072 581 93%
c - 40.79 19 24 33 119 26717 1 860813 51041 2.4 29 12 1 5 37%   0 9072 581 93%
c - 41.81 19 24 33 120 26719 1 871722 50708 2.5 29 12 1 5 38%   0 9072 581 93%
c
c seconds   switched      rate          size/glue  tier1   binary      remaining
c        MB   reductions    conflicts         size   tier2   irredundant
c         level     restarts       redundant     glue   trail      variables
c
c o 42.19 19 24 33 120 26723 1 876441 54635 2.5 29 12 1 5 39%   0 9072 581 93%
c - 42.41 19 24 33 121 26725 1 882677 50195 2.5 29 12 1 5 38%   0 9072 581 93%
c - 42.87 19 24 33 122 26732 1 893678 51150 2.5 29 12 1 5 38%   0 9072 581 93%
c - 43.48 19 23 33 123 26733 1 904725 51924 2.5 29 12 1 5 39%   0 9072 581 93%
c O 44.08 19 23 33 123 26734 1 914322 59808 2.5 29 12 1 5 40%   0 9072 581 93%
c - 44.14 19 23 33 124 26734 1 915816 52001 2.5 29 12 1 5 40%   0 9072 581 93%
c ] 44.46 19 23 34 124 26734 1 921380 56808 2.5 30 12 1 5 40%   0 9072 581 93%
c { 44.46 19 26 34 124 26734 3 921380 56808 3.8 34 9 1 2 52%   0 9072 581 93%
c - 45.02 19 26 34 125 26751 3 926951 53981 3.9 35 9 1 2 52%   0 9072 581 93%
c u 45.96 19 25 34 125 26854 3 935833 60522 4.0 35 9 1 2 52%   0 9072 581 93%
c v 46.06 19 25 34 125 26854 3 935833 59993 4.0 35 9 1 2 52%   0 9072 581 93%
c w 46.29 19 25 34 125 26854 3 935833 59905 4.0 35 9 1 2 52%   0 9072 581 93%
c - 46.52 19 25 34 126 26860 2 938131 55706 4.0 35 9 1 2 53%   0 9072 581 93%
c - 47.53 19 26 34 127 26965 2 949355 58546 4.2 36 9 1 2 54%   0 9072 581 93%
c - 48.88 19 25 34 128 27432 2 960624 59931 4.3 36 8 1 2 55%   0 9072 581 93%
c - 50.27 19 25 34 129 27902 2 971937 60731 4.5 37 8 1 1 56%   0 9072 581 93%
c - 51.29 19 25 34 130 28850 2 983294 60147 4.4 37 8 1 1 56%   0 9072 581 93%
c } 52.02 19 25 35 130 29062 2 989527 65969 4.5 37 8 1 1 57%   0 9072 581 93%
c [ 52.02 19 23 35 130 29062 1 989527 65969 2.5 30 12 1 5 40%   0 9072 581 93%
c - 52.53 19 23 35 131 29065 1 994696 58383 2.6 30 12 1 4 41%   0 9072 581 93%
c
c seconds   switched      rate          size/glue  tier1   binary      remaining
c        MB   reductions    conflicts         size   tier2   irredundant
c         level     restarts       redundant     glue   trail      variables
c
c B 52.85 19 23 35 131 29068 1 998359 61626 2.7 31 11 1 4 42%   0 9072 581 93%
c - 53.40 19 23 35 132 29071 1 1006141 57022 2.7 31 11 1 4 42%   0 9072 581 93%
c - 54.56 19 23 35 133 29076 1 1017631 55158 2.8 32 11 1 4 44%   0 9072 581 93%
c - 55.55 19 23 35 134 29080 1 1029163 54372 2.9 33 11 1 4 45%   0 9072 581 93%
c u 56.27 19 23 35 134 29083 1 1033854 47590 2.9 33 11 1 4 45%   0 9072 581 93%
c w 56.56 19 23 35 134 29083 1 1033854 46324 2.9 33 11 1 4 45%   0 9072 581 93%
c o 56.57 19 23 35 134 29083 1 1033854 46324 2.9 33 11 1 4 45%   0 9072 581 93%
c - 56.95 19 23 35 135 29086 1 1040739 43818 2.9 33 11 1 4 44%   0 9072 581 93%
c - 57.73 19 22 35 136 29091 1 1052357 44695 2.9 32 11 1 4 45%   0 9072 581 93%
c - 58.39 19 22 35 137 29092 1 1064018 44969 2.9 32 11 1 4 44%   0 9072 581 93%
c - 59.13 19 22 35 138 29093 1 1075723 44728 2.9 32 11 1 3 44%   0 9072 581 93%
c - 59.86 19 22 35 139 29099 1 1087470 44921 2.9 32 11 1 3 44%   0 9072 581 93%
c ] 59.86 19 22 36 139 29099 1 1087521 44968 2.9 32 11 1 3 44%   0 9072 581 93%
c { 59.86 19 25 36 139 29099 2 1087521 44968 4.5 37 8 1 1 57%   0 9072 581 93%
c - 60.90 19 25 36 140 31079 2 1099259 45935 4.3 37 9 1 1 56%   0 9072 581 93%
c - 61.90 19 25 36 141 32678 2 1111092 47206 4.1 37 9 1 1 56%   0 9072 581 93%
c - 62.96 19 25 36 142 34592 2 1122966 47832 4.0 37 9 1 1 56%   0 9072 581 93%
c - 63.92 19 25 36 143 34996 2 1134883 49187 4.1 37 9 1 1 56%   0 9072 581 93%
c u 64.59 19 25 36 143 34996 2 1137284 46813 4.2 37 9 1 1 57%   0 9072 581 93%
c w 64.83 19 25 36 143 34996 2 1137284 46766 4.2 37 9 1 1 57%   0 9072 581 93%
c
c seconds   switched      rate           size/glue tier1   binary      remaining
c        MB   reductions     conflicts         size  tier2   irredundant
c         level     restarts        redundant    glue   trail      variables
c
c - 65.47 19 25 36 144 35139 2 1146842 45820 4.3 37 9 1 1 57%   0 9072 581 93%
c - 66.26 19 25 36 145 36717 2 1158842 46098 4.1 37 9 1 1 55%   0 9072 581 93%
c } 66.48 19 25 37 145 36880 2 1163077 49793 4.1 37 9 1 1 55%   0 9072 581 93%
c [ 66.48 19 22 37 145 36880 1 1163077 49793 2.9 32 11 1 3 44%   0 9072 581 93%
c W 66.72 19 22 37 145 36880 1 1163077 49793 2.9 32 11 1 3 44%   0 9072 581 93%
c - 67.08 19 22 37 146 36885 1 1170883 45797 2.9 32 11 1 3 44%   0 9072 581 93%
c o 67.48 19 22 37 146 36888 1 1177059 51381 2.9 32 11 1 3 44%   0 9072 581 93%
c - 67.83 19 22 37 147 36892 1 1182967 45328 2.9 32 11 1 3 44%   0 9072 581 93%
c - 68.40 19 22 37 148 36894 1 1195093 45024 2.9 32 11 1 3 44%   0 9072 581 93%
c - 68.81 19 22 37 149 36901 1 1207260 44677 2.8 31 11 1 3 43%   0 9072 581 93%
c - 69.24 19 22 37 150 36908 1 1219466 44458 2.7 31 11 1 3 41%   0 9072 581 93%
c - 69.71 19 22 37 151 36909 1 1231714 44686 2.7 30 11 1 3 41%   0 9072 581 93%
c - 70.15 19 22 37 152 36910 1 1244002 44838 2.7 30 11 1 3 40%   0 9072 581 93%
c u 70.48 19 22 37 152 36910 1 1246184 45763 2.6 30 11 1 3 39%   0 9072 581 93%
c w 70.52 19 22 37 152 36910 1 1246184 44905 2.6 30 11 1 3 39%   0 9072 581 93%
c - 71.02 19 22 37 153 36916 1 1256332 43844 2.6 30 11 1 3 39%   0 9072 581 93%
c I 71.13 19 22 37 153 36917 1 1258791 46080 2.7 30 11 1 3 39%   0 9072 581 93%
c - 71.87 19 22 37 154 36923 1 1268701 44318 2.7 30 11 1 3 40%   0 9072 581 93%
c - 72.93 19 21 37 155 36925 1 1281110 44416 2.8 31 11 1 3 42%   0 9072 581 93%
c ] 73.03 19 21 38 155 36925 1 1282199 45457 2.8 31 11 1 3 43%   0 9072 581 93%
c
c seconds   switched      rate           size/glue tier1   binary      remaining
c        MB   reductions     conflicts         size  tier2   irredundant
c         level     restarts        redundant    glue   trail      variables
c
c { 73.03 19 25 38 155 36925 2 1282199 45457 4.1 37 9 1 1 55%   0 9072 581 93%
c - 74.07 19 24 38 156 36928 2 1293560 46694 4.4 38 9 1 1 56%   0 9072 581 93%
c - 75.07 19 24 38 157 37460 2 1306049 49008 4.5 38 8 1 1 56%   0 9072 581 93%
c - 76.28 19 24 38 158 37998 2 1318579 49451 4.6 38 8 1 1 57%   0 9072 581 93%
c o 77.40 19 24 38 158 38760 2 1327845 58384 4.7 39 8 1 1 58%   0 9072 581 93%
c - 77.72 19 24 38 159 38803 2 1331148 49993 4.7 39 8 1 1 58%   0 9072 581 93%
c - 78.78 19 24 38 160 40051 2 1343758 49992 4.6 38 8 1 1 57%   0 9072 581 93%
c - 80.26 19 23 38 161 40063 2 1356407 51109 5.0 39 8 1 1 59%   0 9072 581 93%
c u 81.11 19 23 38 161 40621 2 1360581 51367 5.0 39 8 1 1 59%   0 9072 581 93%
c w 81.53 19 23 38 161 40621 2 1360581 49968 5.0 39 8 1 1 59%   0 9072 581 93%
c } 82.07 19 24 39 161 41222 2 1365533 54271 4.9 39 8 1 1 58%   0 9072 581 93%
c [ 82.07 19 21 39 161 41222 1 1365533 54271 2.8 31 11 1 3 43%   0 9072 581 93%
c B 82.07 19 21 39 161 41222 1 1365533 54271 2.8 31 11 1 3 43%   0 9072 581 93%
c - 82.38 19 21 39 162 41224 1 1369096 47498 2.8 31 11 1 3 43%   0 9072 581 93%
c - 83.41 19 21 39 163 41231 1 1381823 46244 2.9 32 11 1 3 44%   0 9072 581 93%
c - 84.36 19 21 39 164 41236 1 1394591 45869 3.0 33 11 1 3 46%   0 9072 581 93%
c - 84.99 19 22 39 165 41242 1 1407398 45877 3.0 33 11 1 3 45%   0 9072 581 93%
c - 85.33 19 22 39 166 41249 1 1420244 45897 2.8 32 11 1 3 43%   0 9072 581 93%
c - 85.67 19 22 39 167 41251 1 1433128 45948 2.7 31 11 1 3 40%   0 9072 581 93%
c - 86.10 19 22 39 168 41252 1 1446052 46182 2.6 30 11 1 3 39%   0 9072 581 93%
c
c seconds   switched      rate           size/glue  tier1   binary      remaining
c        MB   reductions     conflicts         size   tier2   irredundant
c         level     restarts        redundant     glue   trail      variables
c
c - 86.58 19 22 39 169 41258 1 1459013 47038 2.6 30 11 1 3 38%   0 9072 581 93%
c - 87.13 19 22 39 170 41265 1 1472014 47561 2.6 29 11 1 3 38%   0 9072 581 93%
c W 87.55 19 22 39 170 41266 1 1473519 48914 2.6 29 11 1 3 38%   0 9072 581 93%
c u 88.33 19 22 39 170 41267 1 1480537 53708 2.6 30 11 1 3 38%   0 9072 581 93%
c w 88.41 19 22 39 170 41267 1 1480537 52736 2.6 30 11 1 3 38%   0 9072 581 93%
c - 88.71 19 22 39 171 41267 1 1485052 45920 2.6 30 11 1 3 39%   0 9072 581 93%
c - 89.52 19 22 39 172 41274 1 1498129 45986 2.7 30 11 1 3 40%   0 9072 581 93%
c o 89.66 19 22 39 172 41277 1 1500367 48016 2.7 30 11 1 3 40%   0 9072 581 93%
c - 90.40 19 22 39 173 41282 1 1511243 45597 2.8 31 11 1 2 41%   0 9072 581 93%
c ] 91.06 19 22 40 173 41283 1 1520468 53604 2.8 31 11 1 2 42%   0 9072 581 93%
c { 91.06 19 24 40 173 41283 2 1520468 53604 4.9 39 8 1 1 58%   0 9072 581 93%
c - 91.35 19 24 40 174 42105 2 1524395 45871 4.7 39 8 1 1 58%   0 9072 581 93%
c - 93.25 19 24 40 175 45312 2 1537586 45830 4.3 38 9 1 1 59%   0 9072 581 93%
c - 95.38 19 23 40 176 48603 2 1550814 45335 3.9 38 10 1 1 60%   0 9072 581 93%
c - 96.28 19 23 40 177 49531 2 1564082 46668 4.0 38 9 1 1 59%   0 9072 581 93%
c - 97.39 19 23 40 178 50059 2 1577386 47905 4.1 38 9 1 1 60%   0 9072 581 93%
c - 98.29 19 23 40 179 50890 2 1590730 48642 4.1 37 9 1 1 59%   0 9072 581 93%
c - 99.57 19 23 40 180 51809 2 1604109 49185 4.2 38 9 1 1 59%   0 9072 581 93%
c u 100.21 19 23 40 180 52103 2 1606112 48527 4.2 38 9 1 1 59%   0 9072 581 93%
c w 100.55 19 23 40 180 52103 2 1606112 48019 4.2 38 9 1 1 59%   0 9072 581 93%
c
c seconds    switched      rate           size/glue tier1   binary      remaining
c         MB   reductions     conflicts         size  tier2   irredundant
c          level     restarts        redundant    glue   trail      variables
c
c } 100.95 19 23 41 180 52269 2 1611941 53343 4.2 38 9 1 1 59%   0 9072 581 93%
c [ 100.95 19 22 41 180 52269 1 1611941 53343 2.8 31 11 1 2 42%   0 9072 581 93%
c O 100.95 19 22 41 180 52269 1 1611941 53343 2.8 31 11 1 2 42%   0 9072 581 93%
c - 101.38 19 22 41 181 52273 1 1617526 46865 2.7 31 12 1 2 42%   0 9072 581 93%
c - 102.31 19 21 41 182 52281 1 1630980 46744 2.6 31 12 1 2 42%   0 9072 581 93%
c - 102.98 19 21 41 183 52283 1 1644471 46577 2.6 32 12 1 2 42%   0 9072 581 93%
c - 103.85 19 21 41 184 52291 1 1657998 46713 2.7 33 12 1 2 43%   0 9072 581 93%
c - 104.63 19 21 41 185 52298 1 1671562 46916 2.8 33 12 1 2 43%   0 9072 581 93%
c - 105.42 19 21 41 186 52299 1 1685163 47089 2.8 33 12 1 2 44%   0 9072 581 93%
c - 106.26 19 21 41 187 52302 1 1698801 47281 2.9 33 11 1 2 44%   0 9072 581 93%
c - 107.10 19 21 41 188 52309 1 1712476 47471 2.9 33 11 1 2 45%   0 9072 581 93%
c - 107.99 19 21 41 189 52314 1 1726187 47425 3.0 33 11 1 2 45%   0 9072 581 93%
c B 108.47 19 21 41 189 52317 1 1732774 53307 3.0 33 11 1 2 45%   0 9072 581 93%
c o 108.48 19 21 41 189 52317 1 1732774 53307 3.0 33 11 1 2 45%   0 9072 581 93%
c u 109.19 19 21 41 189 52320 1 1737305 55602 3.0 33 11 1 2 45%   0 9072 581 93%
c w 109.43 20 21 41 189 52320 1 1737305 55546 3.0 33 11 1 2 45%   0 9072 581 93%
c - 109.63 20 21 41 190 52321 1 1739935 45620 3.0 33 11 1 2 46%   0 9072 581 93%
c ] 110.72 20 21 42 190 52328 1 1752971 57736 3.1 34 11 1 2 47%   0 9072 581 93%
c { 110.72 20 23 42 190 52328 2 1752971 57736 4.2 38 9 1 1 59%   0 9072 581 93%
c - 110.78 20 23 42 191 52454 2 1753722 45612 4.2 38 9 1 1 59%   0 9072 581 93%
c
c seconds    switched      rate           size/glue tier1   binary      remaining
c         MB   reductions     conflicts         size  tier2   irredundant
c          level     restarts        redundant    glue   trail      variables
c
c - 112.15 20 23 42 192 53176 2 1767543 46392 4.4 39 9 1 1 60%   0 9072 581 93%
c - 113.30 20 23 42 193 53359 2 1781399 47329 4.6 39 9 1 1 60%   0 9072 581 93%
c - 114.87 20 23 42 194 54612 2 1795292 47908 4.7 40 9 1 1 61%   0 9072 581 93%
c - 116.04 20 23 42 195 56258 2 1809220 48160 4.5 40 9 1 1 59%   0 9072 581 93%
c - 117.27 20 23 42 196 57960 2 1823184 48365 4.4 39 9 1 1 59%   0 9072 581 93%
c - 118.74 20 23 42 197 58823 2 1837185 48812 4.5 40 9 1 1 60%   0 9072 581 93%
c - 120.00 20 23 42 198 60070 2 1851220 49429 4.4 40 9 1 1 60%   0 9072 581 93%
c caught signal 2 (SIGINT)
c
c ---- [ profiling ] ---------------------------------------------------------
c
c         109.25   91.03 %  search
c          59.37   49.46 %  focused
c          49.89   41.57 %  stable
c          10.74    8.95 %  simplify
c           9.95    8.29 %  probe
c           8.49    7.08 %  vivify
c           1.35    1.12 %  sweep
c           0.78    0.65 %  walking
c           0.46    0.39 %  reduce
c           0.08    0.07 %  substitute
c           0.02    0.02 %  eliminate
c           0.02    0.02 %  preprocess
c           0.01    0.01 %  factor
c           0.01    0.01 %  congruence
c           0.00    0.00 %  transitive
c           0.00    0.00 %  subsume
c           0.00    0.00 %  parse
c           0.00    0.00 %  lucky
c           0.00    0.00 %  backbone
c =============================================
c         120.02  100.00 %  total
c
c ---- [ statistics ] --------------------------------------------------------
c
c chronological:                            1                0 %  conflicts
c conflicts:                          1851341            15425.52 per second
c decisions:                          2835669                1.53 per conflict
c eliminated:                              12                2 %  variables
c propagations:                     219801309          1831402    per second
c reductions:                             198             9350    interval
c reordered:                               18           102852    interval
c rephased:                                31            59721    interval
c restarts:                             60100               31    interval
c strengthened:                            32                0 %  checks
c substituted:                             32                5 %  variables
c subsumed:                                84                0 %  checks
c switched:                                42            44080    interval
c vivified:                            140398               29 %  checks
c walks:                                   10           185134    interval
c
c ---- [ glue usage ] --------------------------------------------------------
c
c focused glue 1 used 20787785 clauses 94.57% accumulated 94.57% tier1 tier2
c
c stable glue 1 used 19869025 clauses 89.20% accumulated 89.20% tier1
c stable glue 2 used   416912 clauses  1.87% accumulated 91.07% tier2
c
c ---- [ resources ] ---------------------------------------------------------
c
c maximum-resident-set-size:         27738112 bytes         26 MB
c process-time:                             2m             120.02 seconds
c raising signal 2 (SIGINT)
