c --- [ banner ] -------------------------------------------------------------
c 
c CaDiCaL SAT Solver
c Copyright (c) 2016-2026
c A. Biere, M. Fleury, N. Froleyks, K. Fazekas, F. Pollitt, T. Faller
c JKU Linz, University of Freiburg, TU Wien
c 
c Version 3.0.1 c60730422e758ef1cebe7aeddf2dda31c996bf04
c g++ (Ubuntu 15.2.0-16ubuntu1) 15.2.0 -Wall -Wextra -O3 -DNDEBUG
c Mon Oct 5 15:05:45 CEST 2026 Linux rene 6.18.33.2-microsoft-standard-WSL2 x86_64
c 
c --- [ parsing input ] ------------------------------------------------------
c 
c reading DIMACS file from 'candidate.cnf'
c opening file to read 'candidate.cnf'
c found 'p cnf 625 9216' header
c parsed 9216 clauses in 0.00 seconds process time
c 
c --- [ options ] ------------------------------------------------------------
c 
c all options are set to their default value
c 
c --- [ solving ] ------------------------------------------------------------
c 
c time measured in process time since initialization
c 
c  seconds  reduction conflicts       size tier2     variables
c         MB    restarts   redundant    glue  trail      remaining
c          level     rate       size/glu tier1 irredundant
c 
c *  0.00  6  0 0   0  0    0    0 0.0 0 0 2 6  0% 9216 625 100%
c )  0.00  7  0 0   0  0    0    0 0.0 0 0 2 6  0% 9216 625 100%
c {  0.00  7  0 0   0  0    0    0 0.0 0 0 2 6  0% 9216 625 100%
c -  0.01  7 20 1   0  1  301  178 27.2 41 2 2 6 100% 9216 625 100%
c -  0.03  8 22 2 109  2  734  265 2.5 31 12 2 6 84% 9216 625 100%
c }  0.05  8 21 2 197  2 1001  281 1.9 28 15 2 6 82% 9216 625 100%
c [  0.05  8  0 2 197  0 1001  281 0.0 0 0 2 6  0% 9216 625 100%
c O  0.05  8 24 2 197 25 1002  282 24.0 48 2 2 6 100% 9216 625 100%
c -  0.06  8 21 3 197  1 1411  507 8.8 29 3 2 6 72% 9216 625 100%
c =  0.07  8 21 3 197  1 1574  600 8.5 29 3 2 6 71% 9216 622 100%
c u  0.07  8 21 3 197  1 1574  598 8.5 29 3 2 6 71% 9216 622 100%
c v  0.07  8 21 3 197  1 1574  592 8.5 29 3 2 6 71% 9216 622 100%
c -  0.08  8 29 4 197  1 2350  826 3.4 20 6 2 6 37% 9216 622 100%
c I  0.10  8 28 4 198  1 3003 1264 3.5 22 6 2 6 44% 9216 622 100%
c ]  0.11  8 27 4 198  1 3467 1554 3.3 24 7 2 6 47% 9216 622 100%
c {  0.11  8 21 4 198  2 3467 1554 1.9 28 15 2 6 82% 9216 622 100%
c -  0.12  8 21 5 231  2 3563 1123 1.7 27 15 2 6 81% 9216 622 100%
c =  0.15  9 21 5 401  1 4076 1239 1.5 25 17 2 6 79% 9216 618 99%
c u  0.15  9 21 5 401  1 4076 1238 1.5 25 17 2 6 79% 9216 618 99%
c v  0.15  9 21 5 401  1 4076 1231 1.5 25 17 2 6 79% 9216 618 99%
c 
c  seconds  reduction conflicts       size   tier2     variables
c         MB    restarts   redundant     glue   trail      remaining
c          level     rate       size/glue  tier1 irredundant
c 
c w  0.15  9 21 5 401  1 4076 1205 1.5 25 17 2 6 79% 9216 618 99%
c -  0.21  9 20 6 503  1 5055 1245 1.3 23 18 19 20 77% 9216 618 99%
c O  0.26  9 20 6 533  1 6004 1336 1.2 22 18 19 20 76% 9216 618 99%
c =  0.30  9 20 6 632  1 6679 1429 1.2 22 18 19 20 76% 9216 613 98%
c u  0.30  9 20 6 632  1 6679 1427 1.2 22 18 19 20 76% 9216 613 98%
c v  0.30  9 20 6 632  1 6679 1425 1.2 22 18 19 20 76% 9216 613 98%
c w  0.30  9 20 6 632  1 6679 1425 1.2 22 18 19 20 76% 9216 613 98%
c -  0.31  9 20 7 632  1 6832 1362 1.2 22 18 19 20 75% 9209 613 98%
c }  0.32  9 20 7 632  1 6969 1408 1.2 22 18 19 20 74% 9209 613 98%
c [  0.32  9 27 7 632  1 6969 1408 3.3 24 7 2 6 47% 9209 613 98%
c s  0.33  9 29 7 633  1 7765 1758 3.0 23 8 5 9 44% 9209 613 98%
c e  0.34  9 29 7 633  1 7765 1451 3.0 23 8 5 9 44% 9193 609 97%
c s  0.34  9 29 7 633  1 7765 1307 3.0 23 8 5 9 44% 9183 609 97%
c e  0.34  9 29 7 633  1 7765 1283 3.0 23 8 5 9 44% 9180 606 97%
c -  0.37  9 28 8 633  1 8901 2006 3.5 25 7 5 9 48% 9180 606 97%
c =  0.39  9 27 8 633  1 9376 2339 3.7 27 7 5 9 50% 9180 601 96%
c B  0.40  9 27 8 634  1 10005 2764 3.4 27 8 5 9 48% 9180 601 96%
c -  0.44 10 26 9 635  1 11260 3634 3.2 28 9 5 9 50% 9180 601 96%
c =  0.49 10 25 9 635  1 12162 4231 3.0 28 9 5 9 52% 9180 600 96%
c u  0.49 10 25 9 635  1 12162 4228 3.0 28 9 5 9 52% 9180 600 96%
c 
c  seconds  reductions conflicts       size  tier2     variables
c         MB    restarts    redundant     glue  trail      remaining
c          level     rate        size/glue tier1 irredundant
c 
c v  0.49 10 25 9 635  1 12162 4228 3.0 28 9 5 9 52% 9180 600 96%
c w  0.49 10 25 9 635  1 12162 4167 3.0 28 9 5 9 52% 9180 600 96%
c ]  0.54 10 24 9 636  1 13056 4868 2.9 29 10 5 9 56% 9180 600 96%
c {  0.54 10 20 9 636  1 13056 4868 1.2 22 18 19 20 74% 9180 600 96%
c -  0.55 10 23 10 636  1 13912 5396 1.3 21 17 19 20 68% 9180 600 96%
c #  0.56 10 26 10 636  1 15006 6231 1.4 21 15 19 20 63% 9180 600 96%
c -  0.61 11 25 11 636  1 16861 7455 1.9 24 13 19 20 62% 9180 600 96%
c u  0.64 11 25 11 636  1 17972 8195 2.0 25 12 19 20 60% 9180 600 96%
c v  0.64 11 25 11 636  1 17972 8195 2.0 25 12 19 20 60% 9180 600 96%
c w  0.64 11 25 11 636  1 17972 8190 2.0 25 12 19 20 60% 9180 600 96%
c -  0.71 11 24 12 655  1 20107 9488 2.2 27 12 19 20 59% 9180 600 96%
c =  0.74 11 24 12 660  1 20983 10034 2.2 27 12 19 20 59% 9180 598 96%
c B  0.74 11 24 12 667  1 21008 10047 2.2 27 12 19 20 59% 9180 598 96%
c s  0.88 11 23 12 1478  1 23451 9851 1.9 26 14 5 19 58% 9132 598 96%
c s  0.91 11 23 12 1478  1 23451 9829 1.9 26 14 5 19 58% 9132 598 96%
c ^  0.91 11 23 12 1478  1 23451 9829 1.9 26 14 5 19 58% 9132 598 96%
c -  0.92 10 23 13 1545  1 23652 7076 1.9 26 14 5 19 58% 9132 598 96%
c =  0.95 12 22 13 1681  1 24060 7079 1.9 26 14 5 19 58% 9132 595 95%
c u  0.95 12 22 13 1681  1 24060 7052 1.9 26 14 5 19 58% 9132 595 95%
c v  0.96 12 22 13 1681  1 24060 7048 1.9 26 14 5 19 58% 9132 595 95%
c 
c  seconds  reductions   conflicts       size   tier2      variables
c         MB     restarts     redundant     glue    trail      remaining
c          level       rate        size/glue  tier1  irredundant
c 
c w  0.96 12 22 13 1681  1 24060 7045 1.9 26 14 5 19 58% 9132 595 95%
c }  1.04 12 22 13 2117  1 25777 7251 1.7 25 14 5 19 59% 9112 595 95%
c [  1.04 12 24 13 2117  1 25777 7251 2.9 29 10 5 9 56% 9112 595 95%
c -  1.06 12 28 14 2117  1 27497 6791 2.7 27 10 5 9 51% 9112 595 95%
c u  1.07 12 28 14 2117  1 27497 6791 2.7 27 10 5 9 51% 9112 595 95%
c v  1.07 12 28 14 2117  1 27497 6791 2.7 27 10 5 9 51% 9112 595 95%
c w  1.07 12 28 14 2117  1 27497 6791 2.7 27 10 5 9 51% 9112 595 95%
c W  1.11 12 28 14 2118  1 28011 7072 2.6 27 10 5 9 51% 9112 595 95%
c -  1.17 12 28 15 2118  1 31643 8475 2.5 26 10 5 9 47% 9112 595 95%
c O  1.24 12 28 15 2120  1 36014 11073 2.3 25 11 5 9 43% 9112 595 95%
c -  1.24 12 28 16 2120  1 36092 10062 2.3 25 11 5 9 43% 9112 595 95%
c =  1.25 12 28 16 2120  1 36092 10062 2.3 25 11 5 9 43% 9112 594 95%
c u  1.26 12 28 16 2120  1 36092 10062 2.3 25 11 5 9 43% 9112 594 95%
c v  1.26 12 28 16 2120  1 36092 10060 2.3 25 11 5 9 43% 9112 594 95%
c w  1.26 12 28 16 2120  1 36092 10060 2.3 25 11 5 9 43% 9112 594 95%
c -  1.32 14 28 17 2123  1 40841 11203 2.2 25 11 8 17 40% 9112 594 95%
c B  1.38 14 27 17 2125  1 45015 14012 2.3 25 11 8 17 39% 9112 594 95%
c -  1.40 14 28 18 2125  1 45893 12904 2.3 25 11 8 17 39% 9112 594 95%
c s  1.45 14 28 18 2125  1 47049 13694 2.3 25 11 8 17 39% 9112 594 95%
c s  1.47 14 28 18 2125  1 47049 13692 2.3 25 11 8 17 39% 9112 594 95%
c 
c  seconds  reductions   conflicts        size   tier2      variables
c         MB     restarts      redundant     glue    trail      remaining
c          level       rate         size/glue  tier1  irredundant
c 
c ^  1.47 14 28 18 2125  1 47049 13692 2.3 25 11 8 17 39% 9112 594 95%
c ]  1.55 14 27 18 2125  1 48520 14016 2.2 25 11 8 17 41% 9112 594 95%
c {  1.55 14 22 18 2125  1 48520 14016 1.7 25 14 5 19 59% 9112 594 95%
c -  1.63 14 23 19 2251  1 51251 13472 1.8 26 14 5 19 57% 9112 594 95%
c u  1.66 14 23 19 2251  1 51251 13472 1.8 26 14 5 19 57% 9112 594 95%
c v  1.66 14 23 19 2251  1 51251 13472 1.8 26 14 5 19 57% 9112 594 95%
c w  1.66 14 23 19 2251  1 51251 13436 1.8 26 14 5 19 57% 9112 594 95%
c W  1.76 14 24 19 3110  1 55017 13825 1.6 27 17 5 19 51% 9112 594 95%
c -  1.81 12 24 20 3583  1 56910 11169 1.5 27 18 5 19 49% 9112 594 95%
c u  1.81 12 24 20 3583  1 56910 11169 1.5 27 18 5 19 49% 9112 594 95%
c v  1.81 12 24 20 3583  1 56910 11169 1.5 27 18 5 19 49% 9112 594 95%
c w  1.81 12 24 20 3583  1 56910 11153 1.5 27 18 5 19 49% 9112 594 95%
c -  1.92 11 25 21 5074  1 62874 8766 1.4 28 20 5 19 44% 9100 594 95%
c u  1.93 11 25 21 5074  1 62874 8765 1.4 28 20 5 19 44% 9100 594 95%
c v  1.93 11 25 21 5074  1 62874 8765 1.4 28 20 5 19 44% 9100 594 95%
c w  1.93 11 25 21 5074  1 62874 8763 1.4 28 20 5 19 44% 9100 594 95%
c F  1.99 11 25 21 5860  1 66019 8864 1.3 28 21 5 19 42% 9100 594 95%
c -  2.04 13 26 22 6641  1 69142 8023 1.3 28 22 5 19 40% 9100 594 95%
c u  2.05 13 26 22 6641  1 69142 8023 1.3 28 22 5 19 40% 9100 594 95%
c v  2.05 13 26 22 6641  1 69142 8023 1.3 28 22 5 19 40% 9100 594 95%
c 
c  seconds  reductions   conflicts       size   tier2      variables
c         MB     restarts     redundant     glue    trail      remaining
c          level       rate        size/glue  tier1  irredundant
c 
c w  2.05 13 26 22 6641  1 69142 8023 1.3 28 22 5 19 40% 9100 594 95%
c -  2.16 13 26 23 8282  1 75716 8022 1.2 28 23 8 29 37% 9100 594 95%
c u  2.17 13 26 23 8282  1 75716 8010 1.2 28 23 8 29 37% 9100 594 95%
c v  2.17 13 26 23 8282  1 75716 8010 1.2 28 23 8 29 37% 9100 594 95%
c w  2.17 13 26 23 8282  1 75716 7797 1.2 28 23 8 29 37% 9100 594 95%
c B  2.21 13 26 23 8858  1 78021 7871 1.2 28 23 8 29 37% 9100 594 95%
c s  2.24 13 26 23 8858  1 78565 7997 1.2 28 23 8 29 37% 9100 594 95%
c s  2.27 13 26 23 8858  1 78565 7676 1.2 28 23 8 29 37% 9100 594 95%
c ^  2.27 13 26 23 8858  1 78565 7676 1.2 28 23 8 29 37% 9100 594 95%
c -  2.32 13 27 24 8918  1 82595 10327 1.2 28 23 8 29 36% 9100 594 95%
c }  2.33 13 27 24 8918  1 83124 10709 1.2 28 22 8 29 36% 9100 594 95%
c [  2.33 13 27 24 8918  1 83124 10709 2.2 25 11 8 17 41% 9100 594 95%
c -  2.49 15 27 25 8919  1 89780 14881 2.1 25 12 8 17 40% 9100 594 95%
c u  2.50 12 27 25 8919  1 89780 14878 2.1 25 12 8 17 40% 9100 594 95%
c v  2.50 12 27 25 8919  1 89780 14878 2.1 25 12 8 17 40% 9100 594 95%
c w  2.50 12 27 25 8919  1 89780 14858 2.1 25 12 8 17 40% 9100 594 95%
c W  2.55 12 27 25 8919  1 91023 15876 2.1 25 12 8 17 39% 9100 594 95%
c -  2.69 13 27 26 8922  1 97273 18644 2.1 25 12 8 17 39% 9100 594 95%
c u  2.71 15 27 26 8922  1 97273 18635 2.1 25 12 8 17 39% 9100 594 95%
c v  2.71 15 27 26 8922  1 97273 18635 2.1 25 12 8 17 39% 9100 594 95%
c 
c  seconds  reductions   conflicts        size   tier2      variables
c         MB     restarts      redundant     glue    trail      remaining
c          level       rate         size/glue  tier1  irredundant
c 
c w  2.71 15 27 26 8922  1 97273 18633 2.1 25 12 8 17 39% 9100 594 95%
c I  2.86 15 27 26 8926  1 105024 23738 2.1 25 12 8 17 38% 9100 594 95%
c -  2.87 15 27 27 8926  1 105071 21228 2.1 25 12 8 17 38% 9100 594 95%
c ]  3.10 15 27 27 8928  1 111954 25581 2.2 26 12 8 17 38% 9100 594 95%
c {  3.10 15 27 27 8928  1 111954 25581 1.2 28 22 8 29 36% 9100 594 95%
c -  3.13 16 27 28 8928  1 113174 24088 1.2 28 22 8 29 36% 9100 594 95%
c u  3.15 16 27 28 8928  1 113174 24085 1.2 28 22 8 29 36% 9100 594 95%
c v  3.15 16 27 28 8928  1 113174 24084 1.2 28 22 8 29 36% 9100 594 95%
c w  3.15 16 27 28 8928  1 113174 24084 1.2 28 22 8 29 36% 9100 594 95%
c s  3.33 16 27 28 8928  1 117939 24975 1.3 27 21 8 29 35% 9092 594 95%
c e  3.33 16 27 28 8928  1 117939 24754 1.3 27 21 8 29 35% 9112 589 94%
c s  3.38 16 27 28 8928  1 117939 24496 1.3 27 21 8 29 35% 9112 589 94%
c ^  3.38 16 27 28 8928  1 117939 24496 1.3 27 21 8 29 35% 9112 589 94%
c W  3.43 16 27 28 8928  1 120027 26040 1.3 27 21 8 29 35% 9112 589 94%
c -  3.47 16 27 29 8928  1 121584 24704 1.3 27 21 8 29 35% 9112 589 94%
c u  3.48 16 27 29 8928  1 121584 24696 1.3 27 21 8 29 35% 9112 589 94%
c v  3.48 16 27 29 8928  1 121584 24696 1.3 27 21 8 29 35% 9112 589 94%
c w  3.48 16 27 29 8928  1 121584 24696 1.3 27 21 8 29 35% 9112 589 94%
c -  3.67 16 27 30 8986  1 130301 28562 1.4 26 19 8 29 35% 9112 589 94%
c #  3.75 16 27 30 8986  1 136028 33004 1.4 26 18 8 29 35% 9112 589 94%
c 
c  seconds  reductions   conflicts         size   tier2      variables
c         MB     restarts       redundant     glue    trail      remaining
c          level       rate          size/glue  tier1  irredundant
c 
c -  3.79 16 28 31 8988  1 139326 29489 1.4 25 18 5 26 34% 9112 589 94%
c u  3.81 18 28 31 8988  1 139326 29484 1.4 25 18 5 26 34% 9112 589 94%
c v  3.81 18 28 31 8988  1 139326 29484 1.4 25 18 5 26 34% 9112 589 94%
c w  3.81 18 28 31 8988  1 139326 29482 1.4 25 18 5 26 34% 9112 589 94%
c }  4.29 18 27 31 8988  1 148400 36517 1.6 27 17 5 26 37% 9112 589 94%
c [  4.29 18 27 31 8988  1 148400 36517 2.2 26 12 8 17 38% 9112 589 94%
c -  4.30 19 27 32 8988  1 148658 32515 2.2 26 12 8 17 38% 9112 589 94%
c u  4.32 19 27 32 8988  1 148658 32513 2.2 26 12 8 17 38% 9112 589 94%
c v  4.33 19 27 32 8988  1 148658 32513 2.2 26 12 8 17 38% 9112 589 94%
c w  4.33 19 27 32 8988  1 148658 32512 2.2 26 12 8 17 38% 9112 589 94%
c B  4.59 19 26 32 8991  1 153029 35448 2.2 26 12 8 17 40% 9112 589 94%
c -  4.74 19 27 33 8993  1 158299 34136 2.2 26 12 8 17 39% 9112 589 94%
c u  4.75 19 27 33 8993  1 158299 34120 2.2 26 12 8 17 39% 9112 589 94%
c v  4.75 19 27 33 8993  1 158299 34120 2.2 26 12 8 17 39% 9112 589 94%
c w  4.75 19 27 33 8993  1 158299 34120 2.2 26 12 8 17 39% 9112 589 94%
c s  5.03 20 27 33 8994  1 165358 38779 2.2 26 12 8 17 38% 9112 589 94%
c s  5.09 20 27 33 8994  1 165358 38124 2.2 26 12 8 17 38% 9112 589 94%
c ^  5.09 20 27 33 8994  1 165358 38124 2.2 26 12 8 17 38% 9112 589 94%
c -  5.14 19 27 34 8994  1 168245 34132 2.2 26 12 8 17 38% 9112 589 94%
c u  5.15 19 27 34 8994  1 168245 34104 2.2 26 12 8 17 38% 9112 589 94%
c 
c  seconds  reductions   conflicts         size   tier2      variables
c         MB     restarts       redundant     glue    trail      remaining
c          level       rate          size/glue  tier1  irredundant
c 
c v  5.15 19 27 34 8994  1 168245 34104 2.2 26 12 8 17 38% 9112 589 94%
c w  5.15 19 27 34 8994  1 168245 34104 2.2 26 12 8 17 38% 9112 589 94%
c W  5.26 19 27 34 8994  1 171032 36387 2.2 26 12 8 17 37% 9112 589 94%
c -  5.39 17 27 35 8995  1 178499 35486 2.1 26 12 8 17 36% 9112 589 94%
c ]  5.54 17 28 35 8995  1 184307 40020 2.1 26 12 8 17 35% 9112 589 94%
c {  5.54 17 27 35 8995  1 184307 40020 1.6 27 17 5 26 37% 9112 589 94%
c -  5.62 22 27 36 8995  1 189062 38774 1.6 26 17 5 26 36% 9112 589 94%
c u  5.63 22 27 36 8995  1 189062 38761 1.6 26 17 5 26 36% 9112 589 94%
c v  5.63 22 27 36 8995  1 189062 38761 1.6 26 17 5 26 36% 9112 589 94%
c w  5.63 22 27 36 8995  1 189062 38752 1.6 26 17 5 26 36% 9112 589 94%
c B  5.69 22 27 36 8995  1 190033 39374 1.6 26 17 5 26 36% 9112 589 94%
c -  6.25 22 26 37 9015  1 199932 40450 1.7 27 16 5 26 36% 9112 589 94%
c =  6.27 24 26 37 9015  1 199932 40450 1.7 27 16 5 26 36% 9112 588 94%
c u  6.28 24 26 37 9015  1 199932 40420 1.7 27 16 5 26 36% 9112 588 94%
c v  6.29 24 26 37 9015  1 199932 40420 1.7 27 16 5 26 36% 9112 588 94%
c w  6.29 24 26 37 9015  1 199932 40403 1.7 27 16 5 26 36% 9112 588 94%
c W  6.63 24 26 37 9030  1 210034 48138 1.8 27 15 3 17 36% 9112 588 94%
c -  6.67 19 26 38 9036  1 211112 33787 1.8 27 15 3 17 36% 9112 588 94%
c u  6.68 19 26 38 9036  1 211112 33672 1.8 27 15 3 17 36% 9112 588 94%
c v  6.69 19 26 38 9036  1 211112 33672 1.8 27 15 3 17 36% 9112 588 94%
c 
c  seconds  reductions   conflicts         size   tier2      variables
c         MB     restarts       redundant     glue    trail      remaining
c          level       rate          size/glue  tier1  irredundant
c 
c w  6.69 19 26 38 9036  1 211112 33671 1.8 27 15 3 17 36% 9112 588 94%
c s  6.95 20 27 38 9041  1 220678 41190 1.8 26 14 3 17 35% 9112 588 94%
c e  6.96 20 27 38 9041  1 220678 40845 1.8 26 14 3 17 35% 9128 587 94%
c s  6.98 20 27 38 9041  1 220678 40844 1.8 26 14 3 17 35% 9128 587 94%
c -  7.06 22 27 39 9043  1 222599 34074 1.8 26 14 3 17 35% 9128 587 94%
c u  7.07 22 27 39 9043  1 222599 34019 1.8 26 14 3 17 35% 9128 587 94%
c v  7.07 22 27 39 9043  1 222599 34019 1.8 26 14 3 17 35% 9128 587 94%
c w  7.07 22 27 39 9043  1 222599 34019 1.8 26 14 3 17 35% 9128 587 94%
c }  7.22 22 27 39 9043  1 226211 36788 1.9 26 14 3 17 36% 9128 587 94%
c [  7.22 22 28 39 9043  1 226211 36788 2.1 26 12 8 17 35% 9128 587 94%
c O  7.28 22 28 39 9043  1 231036 40288 2.2 25 12 8 17 35% 9128 587 94%
c -  7.47 26 27 40 9044  1 234396 35716 2.2 26 12 8 17 35% 9128 587 94%
c =  7.48 26 27 40 9044  1 234396 35716 2.2 26 12 8 17 35% 9128 586 94%
c u  7.50 26 27 40 9044  1 234396 35657 2.2 26 12 8 17 35% 9128 586 94%
c v  7.50 26 27 40 9044  1 234396 35657 2.2 26 12 8 17 35% 9128 586 94%
c w  7.50 26 27 40 9044  1 234396 35652 2.2 26 12 8 17 35% 9128 586 94%
c -  8.51 26 26 41 9051  1 246500 29484 1.9 25 13 8 17 40% 9128 586 94%
c u  8.54 26 26 41 9051  1 246500 29302 1.9 25 13 8 17 40% 9128 586 94%
c v  8.55 26 26 41 9051  1 246500 29298 1.9 25 13 8 17 40% 9128 586 94%
c w  8.55 26 26 41 9051  1 246500 29273 1.9 25 13 8 17 40% 9128 586 94%
c 
c  seconds  reductions   conflicts         size   tier2      variables
c         MB     restarts       redundant     glue    trail      remaining
c          level       rate          size/glue  tier1  irredundant
c 
c ]  8.89 26 25 41 9054  1 250980 29578 1.9 24 13 8 17 42% 9128 586 94%
c {  8.89 26 27 41 9054  1 250980 29578 1.9 26 14 3 17 36% 9128 586 94%
c F  8.95 26 27 41 9093  1 253037 30711 1.9 26 14 3 17 36% 9128 586 94%
c -  9.16 26 26 42 9324  1 258912 26251 1.9 26 14 3 17 36% 9128 586 94%
c u  9.18 26 26 42 9324  1 258912 26206 1.9 26 14 3 17 36% 9128 586 94%
c v  9.19 26 26 42 9324  1 258912 26206 1.9 26 14 3 17 36% 9128 586 94%
c w  9.19 26 26 42 9324  1 258912 26131 1.9 26 14 3 17 36% 9128 586 94%
c -  9.66 26 25 43 9325  1 271633 26687 2.0 26 13 2 14 36% 9128 586 94%
c u  9.67 26 25 43 9325  1 271633 26624 2.0 26 13 2 14 36% 9128 586 94%
c v  9.68 26 25 43 9325  1 271633 26600 2.0 26 13 2 14 36% 9128 586 94%
c w  9.68 26 25 43 9325  1 271633 26600 2.0 26 13 2 14 36% 9128 586 94%
c B  9.86 26 25 43 9325  1 276038 29949 2.0 27 13 2 14 37% 9128 586 94%
c s 10.31 26 25 43 9325  1 284021 34976 2.1 27 13 2 14 39% 9128 586 94%
c s 10.46 26 25 43 9325  1 284021 34961 2.1 27 13 2 14 39% 9128 586 94%
c - 10.50 26 25 44 9325  1 284662 30812 2.1 28 13 2 14 39% 9128 586 94%
c u 10.52 26 25 44 9325  1 284662 30687 2.1 28 13 2 14 39% 9128 586 94%
c v 10.52 26 25 44 9325  1 284662 30654 2.1 28 13 2 14 39% 9128 586 94%
c w 10.52 26 25 44 9325  1 284662 30654 2.1 28 13 2 14 39% 9128 586 94%
c } 11.37 26 24 44 12132  1 296027 33496 2.0 27 14 2 14 44% 9128 586 94%
c [ 11.37 26 25 44 12132  1 296027 33496 1.9 24 13 8 17 42% 9128 586 94%
c 
c  seconds  reductions    conflicts         size   tier2      variables
c         MB      restarts       redundant     glue    trail      remaining
c          level        rate          size/glue  tier1  irredundant
c 
c - 11.52 26 25 45 12134  1 298001 26022 1.8 24 13 8 17 43% 9128 586 94%
c = 11.55 26 25 45 12134  1 298001 26022 1.8 24 13 8 17 43% 9128 582 93%
c u 11.57 26 25 45 12134  1 298001 25645 1.8 24 13 8 17 43% 9128 582 93%
c v 11.58 26 25 45 12134  1 298001 25532 1.8 24 13 8 17 43% 9128 582 93%
c w 11.58 26 25 45 12134  1 298001 25532 1.8 24 13 8 17 43% 9128 582 93%
c B 11.75 26 25 45 12135  1 300040 25730 1.8 24 13 8 17 43% 9128 582 93%
c - 12.60 16 24 46 12136  1 311648 17509 1.7 23 14 8 17 46% 9128 582 93%
c u 12.62 16 24 46 12136  1 311648 17443 1.7 23 14 8 17 46% 9128 582 93%
c v 12.63 16 24 46 12136  1 311648 17259 1.7 23 14 8 17 46% 9128 582 93%
c w 12.64 16 24 46 12136  1 311648 16953 1.7 23 14 8 17 46% 9128 582 93%
c W 13.71 16 23 46 12144  1 325041 18172 1.6 23 15 8 17 49% 9128 582 93%
c - 13.75 17 23 47 12145  1 325604 15244 1.5 23 15 8 17 49% 9128 582 93%
c = 13.77 17 23 47 12145  1 325604 15244 1.5 23 15 8 17 49% 9128 580 93%
c u 13.78 17 23 47 12145  1 325604 15078 1.5 23 15 8 17 49% 9128 580 93%
c v 13.78 17 23 47 12145  1 325604 15046 1.5 23 15 8 17 49% 9128 580 93%
c w 13.79 17 23 47 12145  1 325604 14778 1.5 23 15 8 17 49% 9128 580 93%
c ] 13.95 17 22 47 12146  1 328074 14979 1.5 23 15 8 17 50% 9128 580 93%
c { 13.95 17 24 47 12146  1 328074 14979 2.0 27 14 2 14 44% 9128 580 93%
c - 14.32 17 24 48 12171  1 339869 14228 2.0 27 13 1 2 42% 9128 580 93%
c u 14.35 17 24 48 12171  1 339869 14190 2.0 27 13 1 2 42% 9128 580 93%
c 
c  seconds  reductions    conflicts         size   tier2     variables
c         MB      restarts       redundant     glue   trail      remaining
c          level        rate          size/glue  tier1 irredundant
c 
c W 14.65 17 24 48 12227  1 351042 23016 2.1 27 13 1 2 42% 9128 580 93%
c - 14.72 17 25 49 12250  1 354444 15795 2.1 27 13 1 2 42% 9128 580 93%
c u 14.73 17 25 49 12250  1 354444 15760 2.1 27 13 1 2 42% 9128 580 93%
c v 14.73 17 25 49 12250  1 354444 15637 2.1 27 13 1 2 42% 9128 580 93%
c w 14.73 17 25 49 12250  1 354444 15637 2.1 27 13 1 2 42% 9128 580 93%
c s 14.77 17 25 49 12250  1 355325 16323 2.1 26 13 1 2 41% 9128 580 93%
c s 14.77 17 25 49 12250  1 355325 16323 2.1 26 13 1 2 41% 9128 580 93%
