[2026-09-26T18:25:05.749Z] GHZ n=2000 bit=1 ok=true 16.0Mo 142ms
[2026-09-26T18:25:42.371Z] SCALE 100^1000000000 k=4 Lq=2000000000.60206
[2026-09-26T18:26:28.682Z] ADOSSE inf k=4 SI=128 bit=0 ok=true
[2026-09-26T18:27:08.892Z] SIM Q=10000000 isl=4 sig=2412747.37 909ms
[2026-09-26T18:29:18.918Z] SIM Q=10000000 isl=4000000000000 sig=0.00 1ms
[2026-09-26T19:29:47.165Z] SIM Q=10000000 isl=4 sig=2451088.58 918ms [Temp: 31°C | Bat: 34%]
[2026-09-26T19:41:20.106Z] EMULATION N=1000000000000 Delta=2.473665e+12 38ms
[2026-09-26T19:41:48.740Z] EMULATION N=1000000000000 Delta=2.473711e+12 38ms
[2026-09-26T19:42:45.948Z] EMULATION N=1000000000000 Delta=2.473787e+12 38ms
[2026-09-26T19:43:08.410Z] EMULATION N=1000000000000 Delta=2.473455e+12 38ms
[2026-09-26T19:43:34.672Z] EMULATION N=1000000000000 Delta=2.473689e+12 39ms
[2026-09-26T19:44:21.051Z] EMULATION N=1000000000000 Delta=2.473798e+12 36ms
[2026-09-26T19:45:05.339Z] EMULATION N=1000000000000 Delta=2.473713e+12 36ms
[2026-09-26T19:47:13.963Z] EMULATION N=1000000000000 Delta=2.473670e+12 39ms
[function toISOString() { [native code] }] EMULATION N=1.00e+1.20e+1 Delta=10^12.39 38ms
[function toISOString() { [native code] }] EMULATION N=1.00e+1.20e+1 Delta=10^12.39 40ms
[2026-09-26T19:56:05.614Z] EMULATION N=1e12 Delta=10^(1e12 × 5.14) 36ms
[2026-09-26T19:58:13.890Z] EMULATION N=1e12 78ms
[2026-09-26T20:01:33.755Z] EMULATION N=99999999999e99999999999+999999999999890% Delta=10^(99999999999e99999999999+999999999999890%x5.14) 79ms
[2026-09-26T20:04:15.682Z] SNAPDRAGON N=99999999999e99999999999+999999999999890% Cores=8 94ms
[2026-09-26T20:06:40.005Z] BRIDGE_LINK N=99999999999e99999999999+999999999999890% Cores=8 Epsilon=5.14 95ms
[2026-09-26T20:08:56.114Z] MASTER_ONLINE Cores=8 Charge=10^(99999999999e99999999999+999999999999890%x5.14) Latency=94ms
[2026-09-26T20:10:40.640Z] MASTER_ONLINE Cores=8 Charge=10^(99999999999e99999999999+999999999999890%x5.14) Latency=95ms
[2026-09-26T20:16:08.437Z] BENCH_PICO H=10625000ps CNOT=1927000ps Bell=20365000ps
[2026-09-26T20:19:34.788Z] PICO_PACKET Qubits=8 Total=465209000ps (465.2090us)
[2026-09-26T20:26:13.650Z] EXP_QUANTUM Qubits=12 Charge=99999999999e99999999999+999999999999890% Latency=2918646000ps
[2026-09-26T20:30:06.365Z] EXP_QUANTUM Cores=99999999999e99999999999+999999999999890% Matrix=2^(99999999999e99999999999+999999999999890%) Latency=78538958000ps
[2026-09-26T20:35:15.183Z] NEURAL_QUANTUM_CLUSTER Nodes=64 Neurons=65536 Latency=12076823000ps Status=SEALED
[2026-09-27T00:47:53.746Z] HW cores=8
[2026-09-27T00:48:46.371Z] GHZ n=2000 bit=1 ok=true 16.0Mo 147ms
[2026-09-27T00:49:36.690Z] SCALE 100^1000000000 k=4 Lq=2000000000.60206
[2026-09-27T00:50:27.203Z] ADOSSE inf k=4 SI=128 bit=0 ok=true
[2026-09-27T00:51:24.413Z] SIM Q=10000000 isl=4 sig=2412728.88 918ms [Temp 31°C | Bat 69%]
