=== DELTA FULL STACK BENCHMARK 2026-10-01T17:37:57+00:00 ===
--- LAYER 0 : HARDWARE ---
CPU(s):                                  2
Model name:                              Intel(R) Xeon(R) Platinum 8370C CPU @ 2.80GHz
Thread(s) per core:                      2
Core(s) per socket:                      1
CPU(s) scaling MHz:                      122%
--- LAYER 1 : CORE BRIDGE / DSPC PING-PONG (3 runs) ---
RTT_NS MIN=50.0 MEDIAN=53.9 MAX=501.9
EXCHANGES_PER_S=18.55 M
DSPC_PINGPONG_VALIDATION=OK (ping=5000000 pong=5000000)
RTT_NS MIN=49.0 MEDIAN=49.1 MAX=57.9
EXCHANGES_PER_S=20.35 M
DSPC_PINGPONG_VALIDATION=OK (ping=5000000 pong=5000000)
RTT_NS MIN=49.3 MEDIAN=51.0 MAX=74.5
EXCHANGES_PER_S=19.62 M
DSPC_PINGPONG_VALIDATION=OK (ping=5000000 pong=5000000)
--- LAYER 2-3 : CLOUD 1T ADDRESSING + VIRTUAL SILICON ---
LAYER=CLOUD_1T_ADDRESSING NS_PER_ADDR_MEDIAN=3.30 ADDR_PER_S=302.8 M PROBE_ROUTING=OK
PROJECTION_FULL_1T_ADDRESSING_1CORE=3302 s (0.9 h) [PROJECTION, NON EXECUTEE]
LAYER=VIRTUAL_SILICON_5CM_1NM NS_PER_PULSE_MEDIAN=11.78 PULSES_PER_S=84.9 M COORD_BOUNDS=OK
LAYERS_VALIDATION=OK SINK=12381820187555568387
--- LAYER 4 : CACHE L1-L200 ---
=== DSPC CACHE L1-L200 (exclusif, promotion L1, cascade d'eviction) ===
LEVELS=200 CAPACITY=1286400 ENTRIES MEM=19.6 MB ACCESSES=1000000 PATTERN=90% HOT(500000) + 10% UNIFORM(1T)
ROUNDS=   1 NOCACHE_NS=     9.0 CACHE_NS=  3019.0 SPEEDUP=x  0.00 HIT=50.9% L1=0.0% L2-L10=0.6% L11-L200=50.3% MISS=49.1%
            FLAT_1LEVEL_NS=    33.9 SPEEDUP=x  0.27 HIT=47.4% (meme capacite, 1 niveau)
ROUNDS= 100 NOCACHE_NS=   485.0 CACHE_NS=  3249.4 SPEEDUP=x  0.15 HIT=50.9% L1=0.0% L2-L10=0.6% L11-L200=50.3% MISS=49.1%
            FLAT_1LEVEL_NS=   242.0 SPEEDUP=x  2.00 HIT=47.4% (meme capacite, 1 niveau)
ROUNDS=1000 NOCACHE_NS=  4938.9 CACHE_NS=  7744.9 SPEEDUP=x  0.64 HIT=50.9% L1=0.0% L2-L10=0.6% L11-L200=50.3% MISS=49.1%
            FLAT_1LEVEL_NS=  2253.4 SPEEDUP=x  2.19 HIT=47.4% (meme capacite, 1 niveau)
CACHE_VALIDATION=OK (checksum cache == recalcul + 100000 controles)
--- LAYER 5 : IBM QPU ATTESTATION (live) ---
IBM_BACKEND=ibm_fez PHYSICAL_QUBITS=156 ATTESTATION=IBM_QPU_VERIFIED
IBM_ATTESTATION_WALL_MS=11520
--- SUMMARY ---
FULLSTACK_VALIDATION=OK
