=== DELTA FULL STACK BENCHMARK 2026-10-02T05:08:58+00:00 ===
--- LAYER 0 : HARDWARE ---
CPU(s):                                  2
Model name:                              INTEL(R) XEON(R) PLATINUM 8573C
Thread(s) per core:                      2
Core(s) per socket:                      1
CPU(s) scaling MHz:                      135%
--- LAYER 1 : CORE BRIDGE / DSPC PING-PONG (3 runs) ---
RTT_NS MIN=46.2 MEDIAN=52.5 MAX=54.0
EXCHANGES_PER_S=19.06 M
DSPC_PINGPONG_VALIDATION=OK (ping=5000000 pong=5000000)
RTT_NS MIN=46.3 MEDIAN=51.0 MAX=88.0
EXCHANGES_PER_S=19.61 M
DSPC_PINGPONG_VALIDATION=OK (ping=5000000 pong=5000000)
RTT_NS MIN=47.4 MEDIAN=49.4 MAX=98.8
EXCHANGES_PER_S=20.24 M
DSPC_PINGPONG_VALIDATION=OK (ping=5000000 pong=5000000)
--- LAYER 2-3 : CLOUD 1T ADDRESSING + VIRTUAL SILICON ---
LAYER=CLOUD_1T_ADDRESSING NS_PER_ADDR_MEDIAN=2.76 ADDR_PER_S=362.2 M PROBE_ROUTING=OK
PROJECTION_FULL_1T_ADDRESSING_1CORE=2761 s (0.8 h) [PROJECTION, NON EXECUTEE]
LAYER=VIRTUAL_SILICON_5CM_1NM NS_PER_PULSE_MEDIAN=9.17 PULSES_PER_S=109.1 M COORD_BOUNDS=OK
LAYERS_VALIDATION=OK SINK=12381820187555568387
--- LAYER 4 : CACHE L1-L200 ---
=== DSPC CACHE L1-L200 (exclusif, promotion L1, cascade d'eviction) ===
LEVELS=200 CAPACITY=1286400 ENTRIES MEM=19.6 MB ACCESSES=1000000 PATTERN=90% HOT(500000) + 10% UNIFORM(1T)
ROUNDS=   1 NOCACHE_NS=     8.6 CACHE_NS=  3175.3 SPEEDUP=x  0.00 HIT=50.9% L1=0.0% L2-L10=0.6% L11-L200=50.3% MISS=49.1%
            FLAT_1LEVEL_NS=    28.5 SPEEDUP=x  0.30 HIT=47.4% (meme capacite, 1 niveau)
ROUNDS= 100 NOCACHE_NS=   394.0 CACHE_NS=  3375.7 SPEEDUP=x  0.12 HIT=50.9% L1=0.0% L2-L10=0.6% L11-L200=50.3% MISS=49.1%
            FLAT_1LEVEL_NS=   276.3 SPEEDUP=x  1.43 HIT=47.4% (meme capacite, 1 niveau)
ROUNDS=1000 NOCACHE_NS=  4285.7 CACHE_NS=  5391.9 SPEEDUP=x  0.79 HIT=50.9% L1=0.0% L2-L10=0.6% L11-L200=50.3% MISS=49.1%
            FLAT_1LEVEL_NS=  2306.3 SPEEDUP=x  1.86 HIT=47.4% (meme capacite, 1 niveau)
CACHE_VALIDATION=OK (checksum cache == recalcul + 100000 controles)
--- LAYER 5 : IBM QPU ATTESTATION (live) ---
IBM_BACKEND=ibm_kingston PHYSICAL_QUBITS=156 ATTESTATION=IBM_QPU_VERIFIED
IBM_ATTESTATION_WALL_MS=24749
--- SUMMARY ---
FULLSTACK_VALIDATION=OK
