=== DELTA FULL STACK BENCHMARK 2026-10-02T07:49:35+02:00 ===
--- LAYER 0 : HARDWARE ---
CPU(s):                                  16
Model name:                              AMD Ryzen 9 9950X3D 16-Core Processor
Thread(s) per core:                      2
Core(s) per socket:                      8
--- LAYER 1 : CORE BRIDGE / DSPC PING-PONG (3 runs) ---
RTT_NS MIN=83.9 MEDIAN=92.6 MAX=109.3
EXCHANGES_PER_S=10.79 M
DSPC_PINGPONG_VALIDATION=OK (ping=5000000 pong=5000000)
RTT_NS MIN=94.9 MEDIAN=95.8 MAX=95.9
EXCHANGES_PER_S=10.44 M
DSPC_PINGPONG_VALIDATION=OK (ping=5000000 pong=5000000)
RTT_NS MIN=84.2 MEDIAN=88.9 MAX=95.7
EXCHANGES_PER_S=11.25 M
DSPC_PINGPONG_VALIDATION=OK (ping=5000000 pong=5000000)
--- LAYER 2-3 : CLOUD 1T ADDRESSING + VIRTUAL SILICON ---
LAYER=CLOUD_1T_ADDRESSING NS_PER_ADDR_MEDIAN=1.39 ADDR_PER_S=717.4 M PROBE_ROUTING=OK
PROJECTION_FULL_1T_ADDRESSING_1CORE=1394 s (0.4 h) [PROJECTION, NON EXECUTEE]
LAYER=VIRTUAL_SILICON_5CM_1NM NS_PER_PULSE_MEDIAN=4.51 PULSES_PER_S=221.9 M COORD_BOUNDS=OK
LAYERS_VALIDATION=OK SINK=12381820187555568387
--- LAYER 4 : CACHE L1-L200 ---
=== DSPC CACHE L1-L200 (exclusif, promotion L1, cascade d'eviction) ===
LEVELS=200 CAPACITY=1286400 ENTRIES MEM=19.6 MB ACCESSES=1000000 PATTERN=90% HOT(500000) + 10% UNIFORM(1T)
ROUNDS=   1 NOCACHE_NS=     3.0 CACHE_NS=  1077.8 SPEEDUP=x  0.00 HIT=50.9% L1=0.0% L2-L10=0.6% L11-L200=50.3% MISS=49.1%
            FLAT_1LEVEL_NS=    15.6 SPEEDUP=x  0.19 HIT=47.4% (meme capacite, 1 niveau)
ROUNDS= 100 NOCACHE_NS=   217.9 CACHE_NS=  1205.4 SPEEDUP=x  0.18 HIT=50.9% L1=0.0% L2-L10=0.6% L11-L200=50.3% MISS=49.1%
            FLAT_1LEVEL_NS=   136.0 SPEEDUP=x  1.60 HIT=47.4% (meme capacite, 1 niveau)
ROUNDS=1000 NOCACHE_NS=  2293.9 CACHE_NS=  2308.9 SPEEDUP=x  0.99 HIT=50.9% L1=0.0% L2-L10=0.6% L11-L200=50.3% MISS=49.1%
            FLAT_1LEVEL_NS=  1250.5 SPEEDUP=x  1.83 HIT=47.4% (meme capacite, 1 niveau)
CACHE_VALIDATION=OK (checksum cache == recalcul + 100000 controles)
--- LAYER 5 : IBM QPU ATTESTATION (live) ---
IBM_ATTESTATION=SKIPPED (IQP_* absent)
--- SUMMARY ---
FULLSTACK_VALIDATION=OK
